Component: ARM Compiler 6.16 Tool: armlink [5dfeaa00]

==============================================================================

Section Cross References

    system_air001xx.o(.text.SystemCoreClockUpdate) refers to system_air001xx.o(.rodata.HSIFreqTable) for HSIFreqTable
    system_air001xx.o(.text.SystemCoreClockUpdate) refers to system_air001xx.o(.data.SystemCoreClock) for SystemCoreClock
    system_air001xx.o(.text.SystemCoreClockUpdate) refers to system_air001xx.o(.rodata.AHBPrescTable) for AHBPrescTable
    system_air001xx.o(.ARM.exidx.text.SystemCoreClockUpdate) refers to system_air001xx.o(.text.SystemCoreClockUpdate) for [Anonymous Symbol]
    system_air001xx.o(.ARM.exidx.text.SystemInit) refers to system_air001xx.o(.text.SystemInit) for [Anonymous Symbol]
    system_air001xx.o(.text.$Sub$$main) refers to main.o(.text.main) for $Super$$main
    system_air001xx.o(.text.$Sub$$main) refers to system_air001xx.o(.ARM.__at_0x20000000) for VECT_SRAM_TAB
    system_air001xx.o(.ARM.exidx.text.$Sub$$main) refers to system_air001xx.o(.text.$Sub$$main) for [Anonymous Symbol]
    startup_air001_dev.o(RESET) refers to startup_air001_dev.o(STACK) for __initial_sp
    startup_air001_dev.o(RESET) refers to startup_air001_dev.o(.text) for Reset_Handler
    startup_air001_dev.o(RESET) refers to air001xx_it.o(.text.NMI_Handler) for NMI_Handler
    startup_air001_dev.o(RESET) refers to air001xx_it.o(.text.HardFault_Handler) for HardFault_Handler
    startup_air001_dev.o(RESET) refers to air001xx_it.o(.text.SVC_Handler) for SVC_Handler
    startup_air001_dev.o(RESET) refers to air001xx_it.o(.text.PendSV_Handler) for PendSV_Handler
    startup_air001_dev.o(RESET) refers to air001xx_it.o(.text.SysTick_Handler) for SysTick_Handler
    startup_air001_dev.o(RESET) refers to air001xx_it.o(.text.TIM16_IRQHandler) for TIM16_IRQHandler
    startup_air001_dev.o(.text) refers to system_air001xx.o(.text.SystemInit) for SystemInit
    startup_air001_dev.o(.text) refers to entry.o(.ARM.Collect$$$$00000000) for __main
    main.o(.text.main) refers to main.o(.text.APP_SystemClockConfig) for APP_SystemClockConfig
    main.o(.text.main) refers to main.o(.text.APP_GpioConfig) for APP_GpioConfig
    main.o(.text.main) refers to tim.o(.text.MX_TIM3_Init) for MX_TIM3_Init
    main.o(.text.main) refers to tim.o(.text.MX_TIM16_Init) for MX_TIM16_Init
    main.o(.text.main) refers to gpio.o(.text.MX_GPIO_Init) for MX_GPIO_Init
    main.o(.text.main) refers to function.o(.text.function_handle) for function_handle
    main.o(.ARM.exidx.text.main) refers to main.o(.text.main) for [Anonymous Symbol]
    main.o(.text.APP_SystemClockConfig) refers to main.o(.text.LL_RCC_HSI_Enable) for LL_RCC_HSI_Enable
    main.o(.text.APP_SystemClockConfig) refers to main.o(.text.LL_RCC_HSI_SetCalibFreq) for LL_RCC_HSI_SetCalibFreq
    main.o(.text.APP_SystemClockConfig) refers to main.o(.text.LL_RCC_HSI_IsReady) for LL_RCC_HSI_IsReady
    main.o(.text.APP_SystemClockConfig) refers to air001xx_ll_utils.o(.text.LL_PLL_ConfigSystemClock_HSI) for LL_PLL_ConfigSystemClock_HSI
    main.o(.text.APP_SystemClockConfig) refers to main.o(.text.LL_RCC_SetAHBPrescaler) for LL_RCC_SetAHBPrescaler
    main.o(.text.APP_SystemClockConfig) refers to main.o(.text.LL_RCC_SetSysClkSource) for LL_RCC_SetSysClkSource
    main.o(.text.APP_SystemClockConfig) refers to main.o(.text.LL_RCC_GetSysClkSource) for LL_RCC_GetSysClkSource
    main.o(.text.APP_SystemClockConfig) refers to main.o(.text.LL_RCC_SetAPB1Prescaler) for LL_RCC_SetAPB1Prescaler
    main.o(.text.APP_SystemClockConfig) refers to air001xx_ll_utils.o(.text.LL_SetSystemCoreClock) for LL_SetSystemCoreClock
    main.o(.text.APP_SystemClockConfig) refers to main.o(.bss.UTILS_ClkInitStruct) for UTILS_ClkInitStruct
    main.o(.ARM.exidx.text.APP_SystemClockConfig) refers to main.o(.text.APP_SystemClockConfig) for [Anonymous Symbol]
    main.o(.text.APP_GpioConfig) refers to main.o(.text.LL_IOP_GRP1_EnableClock) for LL_IOP_GRP1_EnableClock
    main.o(.text.APP_GpioConfig) refers to main.o(.text.LL_GPIO_SetPinMode) for LL_GPIO_SetPinMode
    main.o(.ARM.exidx.text.APP_GpioConfig) refers to main.o(.text.APP_GpioConfig) for [Anonymous Symbol]
    main.o(.ARM.exidx.text.Error_Handler) refers to main.o(.text.Error_Handler) for [Anonymous Symbol]
    main.o(.ARM.exidx.text.LL_RCC_HSI_Enable) refers to main.o(.text.LL_RCC_HSI_Enable) for [Anonymous Symbol]
    main.o(.ARM.exidx.text.LL_RCC_HSI_SetCalibFreq) refers to main.o(.text.LL_RCC_HSI_SetCalibFreq) for [Anonymous Symbol]
    main.o(.ARM.exidx.text.LL_RCC_HSI_IsReady) refers to main.o(.text.LL_RCC_HSI_IsReady) for [Anonymous Symbol]
    main.o(.ARM.exidx.text.LL_RCC_SetAHBPrescaler) refers to main.o(.text.LL_RCC_SetAHBPrescaler) for [Anonymous Symbol]
    main.o(.ARM.exidx.text.LL_RCC_SetSysClkSource) refers to main.o(.text.LL_RCC_SetSysClkSource) for [Anonymous Symbol]
[...]
    Removing air001_ll_core_board.o(.text.LL_USART_SetHWFlowCtrl), (20 bytes).
    Removing air001_ll_core_board.o(.ARM.exidx.text.LL_USART_SetHWFlowCtrl), (8 bytes).
    Removing air001_ll_core_board.o(.text.LL_USART_SetTransferDirection), (16 bytes).
    Removing air001_ll_core_board.o(.ARM.exidx.text.LL_USART_SetTransferDirection), (8 bytes).
    Removing air001_ll_core_board.o(.text.LL_USART_Enable), (20 bytes).
    Removing air001_ll_core_board.o(.ARM.exidx.text.LL_USART_Enable), (8 bytes).
    Removing air001_ll_core_board.o(.text.LL_USART_ClearFlag_TC), (16 bytes).
    Removing air001_ll_core_board.o(.ARM.exidx.text.LL_USART_ClearFlag_TC), (8 bytes).
    Removing air001_ll_core_board.o(.text.LL_GPIO_SetPinSpeed), (20 bytes).
    Removing air001_ll_core_board.o(.ARM.exidx.text.LL_GPIO_SetPinSpeed), (8 bytes).
    Removing air001_ll_core_board.o(.text.LL_GPIO_SetAFPin_0_7), (28 bytes).
    Removing air001_ll_core_board.o(.ARM.exidx.text.LL_GPIO_SetAFPin_0_7), (8 bytes).
    Removing air001_ll_core_board.o(.text.fputc), (26 bytes).
    Removing air001_ll_core_board.o(.ARM.exidx.text.fputc), (8 bytes).
    Removing air001_ll_core_board.o(.text.LL_USART_TransmitData8), (12 bytes).
    Removing air001_ll_core_board.o(.ARM.exidx.text.LL_USART_TransmitData8), (8 bytes).
    Removing air001_ll_core_board.o(.text.LL_USART_IsActiveFlag_TC), (16 bytes).
    Removing air001_ll_core_board.o(.ARM.exidx.text.LL_USART_IsActiveFlag_TC), (8 bytes).
    Removing air001_ll_core_board.o(.text.fgetc), (16 bytes).
    Removing air001_ll_core_board.o(.ARM.exidx.text.fgetc), (8 bytes).
    Removing air001_ll_core_board.o(.text.LL_USART_IsActiveFlag_RXNE), (16 bytes).
    Removing air001_ll_core_board.o(.ARM.exidx.text.LL_USART_IsActiveFlag_RXNE), (8 bytes).
    Removing air001_ll_core_board.o(.text.LL_USART_ReceiveData8), (12 bytes).
    Removing air001_ll_core_board.o(.ARM.exidx.text.LL_USART_ReceiveData8), (8 bytes).
    Removing air001_ll_core_board.o(.data.LED_PORT), (4 bytes).
    Removing air001_ll_core_board.o(.rodata.LED_PIN), (2 bytes).
    Removing air001_ll_core_board.o(.data.BUTTON_PORT), (4 bytes).
    Removing air001_ll_core_board.o(.rodata.BUTTON_PIN), (2 bytes).
    Removing air001_ll_core_board.o(.rodata.BUTTON_IRQn), (1 bytes).
    Removing air001_ll_core_board.o(.rodata.BUTTON_EXTI_LINE), (4 bytes).
    Removing air001xx_ll_utils.o(.text), (0 bytes).
    Removing air001xx_ll_utils.o(.text.LL_Init1msTick), (8 bytes).
    Removing air001xx_ll_utils.o(.ARM.exidx.text.LL_Init1msTick), (8 bytes).
    Removing air001xx_ll_utils.o(.text.LL_InitTick), (32 bytes).
    Removing air001xx_ll_utils.o(.ARM.exidx.text.LL_InitTick), (8 bytes).
    Removing air001xx_ll_utils.o(.text.LL_mDelay), (40 bytes).
    Removing air001xx_ll_utils.o(.ARM.exidx.text.LL_mDelay), (8 bytes).
    Removing air001xx_ll_utils.o(.text.LL_uDelay), (64 bytes).
    Removing air001xx_ll_utils.o(.ARM.exidx.text.LL_uDelay), (8 bytes).
    Removing air001xx_ll_utils.o(.ARM.exidx.text.LL_SetSystemCoreClock), (8 bytes).
    Removing air001xx_ll_utils.o(.ARM.exidx.text.LL_PLL_ConfigSystemClock_HSI), (8 bytes).
    Removing air001xx_ll_utils.o(.ARM.exidx.text.UTILS_PLL_IsBusy), (8 bytes).
    Removing air001xx_ll_utils.o(.ARM.exidx.text.LL_RCC_HSI_GetFreq), (8 bytes).
    Removing air001xx_ll_utils.o(.ARM.exidx.text.LL_RCC_HSI_IsReady), (8 bytes).
    Removing air001xx_ll_utils.o(.ARM.exidx.text.LL_RCC_HSI_Enable), (8 bytes).
    Removing air001xx_ll_utils.o(.ARM.exidx.text.LL_RCC_PLL_SetMainSource), (8 bytes).
    Removing air001xx_ll_utils.o(.ARM.exidx.text.UTILS_EnablePLLAndSwitchSystem), (8 bytes).
    Removing air001xx_ll_utils.o(.text.LL_PLL_ConfigSystemClock_HSE), (100 bytes).
    Removing air001xx_ll_utils.o(.ARM.exidx.text.LL_PLL_ConfigSystemClock_HSE), (8 bytes).
    Removing air001xx_ll_utils.o(.text.LL_RCC_HSE_IsReady), (16 bytes).
    Removing air001xx_ll_utils.o(.ARM.exidx.text.LL_RCC_HSE_IsReady), (8 bytes).
    Removing air001xx_ll_utils.o(.text.LL_RCC_HSE_SetFreqRegion), (16 bytes).
    Removing air001xx_ll_utils.o(.ARM.exidx.text.LL_RCC_HSE_SetFreqRegion), (8 bytes).
    Removing air001xx_ll_utils.o(.text.LL_RCC_HSE_EnableBypass), (20 bytes).
    Removing air001xx_ll_utils.o(.ARM.exidx.text.LL_RCC_HSE_EnableBypass), (8 bytes).
    Removing air001xx_ll_utils.o(.text.LL_RCC_HSE_DisableBypass), (20 bytes).
    Removing air001xx_ll_utils.o(.ARM.exidx.text.LL_RCC_HSE_DisableBypass), (8 bytes).
    Removing air001xx_ll_utils.o(.text.LL_RCC_HSE_Enable), (20 bytes).
    Removing air001xx_ll_utils.o(.ARM.exidx.text.LL_RCC_HSE_Enable), (8 bytes).
    Removing air001xx_ll_utils.o(.ARM.exidx.text.LL_SetFlashLatency), (8 bytes).
    Removing air001xx_ll_utils.o(.ARM.exidx.text.LL_FLASH_SetLatency), (8 bytes).
    Removing air001xx_ll_utils.o(.ARM.exidx.text.LL_FLASH_GetLatency), (8 bytes).
    Removing air001xx_ll_utils.o(.ARM.exidx.text.LL_RCC_PLL_IsReady), (8 bytes).
    Removing air001xx_ll_utils.o(.ARM.exidx.text.LL_RCC_PLL_Enable), (8 bytes).
    Removing air001xx_ll_utils.o(.ARM.exidx.text.LL_RCC_SetAHBPrescaler), (8 bytes).
    Removing air001xx_ll_utils.o(.ARM.exidx.text.LL_RCC_SetSysClkSource), (8 bytes).
    Removing air001xx_ll_utils.o(.ARM.exidx.text.LL_RCC_GetSysClkSource), (8 bytes).
    Removing air001xx_ll_utils.o(.ARM.exidx.text.LL_RCC_SetAPB1Prescaler), (8 bytes).
    Removing air001xx_ll_gpio.o(.text), (0 bytes).
    Removing air001xx_ll_gpio.o(.text.LL_GPIO_DeInit), (64 bytes).
    Removing air001xx_ll_gpio.o(.ARM.exidx.text.LL_GPIO_DeInit), (8 bytes).
    Removing air001xx_ll_gpio.o(.text.LL_IOP_GRP1_ForceReset), (16 bytes).
    Removing air001xx_ll_gpio.o(.ARM.exidx.text.LL_IOP_GRP1_ForceReset), (8 bytes).
    Removing air001xx_ll_gpio.o(.text.LL_IOP_GRP1_ReleaseReset), (16 bytes).
    Removing air001xx_ll_gpio.o(.ARM.exidx.text.LL_IOP_GRP1_ReleaseReset), (8 bytes).
    Removing air001xx_ll_gpio.o(.ARM.exidx.text.LL_GPIO_Init), (8 bytes).
    Removing air001xx_ll_gpio.o(.ARM.exidx.text.LL_GPIO_SetPinMode), (8 bytes).
    Removing air001xx_ll_gpio.o(.ARM.exidx.text.LL_GPIO_SetPinSpeed), (8 bytes).
    Removing air001xx_ll_gpio.o(.ARM.exidx.text.LL_GPIO_SetPinPull), (8 bytes).
    Removing air001xx_ll_gpio.o(.ARM.exidx.text.LL_GPIO_SetAFPin_0_7), (8 bytes).
    Removing air001xx_ll_gpio.o(.ARM.exidx.text.LL_GPIO_SetAFPin_8_15), (8 bytes).
    Removing air001xx_ll_gpio.o(.ARM.exidx.text.LL_GPIO_SetPinOutputType), (8 bytes).
    Removing air001xx_ll_gpio.o(.text.LL_GPIO_StructInit), (24 bytes).
    Removing air001xx_ll_gpio.o(.ARM.exidx.text.LL_GPIO_StructInit), (8 bytes).
    Removing air001xx_ll_dma.o(.text), (0 bytes).
    Removing air001xx_ll_dma.o(.text.LL_DMA_DeInit), (112 bytes).
    Removing air001xx_ll_dma.o(.ARM.exidx.text.LL_DMA_DeInit), (8 bytes).
    Removing air001xx_ll_dma.o(.text.LL_DMA_ClearFlag_GI1), (6 bytes).
    Removing air001xx_ll_dma.o(.ARM.exidx.text.LL_DMA_ClearFlag_GI1), (8 bytes).
    Removing air001xx_ll_dma.o(.text.LL_DMA_ClearFlag_GI2), (6 bytes).
    Removing air001xx_ll_dma.o(.ARM.exidx.text.LL_DMA_ClearFlag_GI2), (8 bytes).
    Removing air001xx_ll_dma.o(.text.LL_DMA_ClearFlag_GI3), (8 bytes).
    Removing air001xx_ll_dma.o(.ARM.exidx.text.LL_DMA_ClearFlag_GI3), (8 bytes).
    Removing air001xx_ll_dma.o(.text.LL_DMA_Init), (88 bytes).
    Removing air001xx_ll_dma.o(.ARM.exidx.text.LL_DMA_Init), (8 bytes).
    Removing air001xx_ll_dma.o(.text.LL_DMA_ConfigTransfer), (32 bytes).
    Removing air001xx_ll_dma.o(.ARM.exidx.text.LL_DMA_ConfigTransfer), (8 bytes).
    Removing air001xx_ll_dma.o(.text.LL_DMA_SetMemoryAddress), (20 bytes).
    Removing air001xx_ll_dma.o(.ARM.exidx.text.LL_DMA_SetMemoryAddress), (8 bytes).
    Removing air001xx_ll_dma.o(.text.LL_DMA_SetPeriphAddress), (20 bytes).
    Removing air001xx_ll_dma.o(.ARM.exidx.text.LL_DMA_SetPeriphAddress), (8 bytes).
    Removing air001xx_ll_dma.o(.text.LL_DMA_SetDataLength), (32 bytes).
    Removing air001xx_ll_dma.o(.ARM.exidx.text.LL_DMA_SetDataLength), (8 bytes).
    Removing air001xx_ll_dma.o(.text.LL_DMA_StructInit), (10 bytes).
    Removing air001xx_ll_dma.o(.ARM.exidx.text.LL_DMA_StructInit), (8 bytes).
    Removing air001xx_ll_dma.o(.rodata.CHANNEL_OFFSET_TAB), (3 bytes).
    Removing air001xx_ll_pwr.o(.text), (0 bytes).
    Removing air001xx_ll_pwr.o(.text.LL_PWR_DeInit), (14 bytes).
    Removing air001xx_ll_pwr.o(.ARM.exidx.text.LL_PWR_DeInit), (8 bytes).
    Removing air001xx_ll_pwr.o(.text.LL_APB1_GRP1_ForceReset), (20 bytes).
    Removing air001xx_ll_pwr.o(.ARM.exidx.text.LL_APB1_GRP1_ForceReset), (8 bytes).
    Removing air001xx_ll_pwr.o(.text.LL_APB1_GRP1_ReleaseReset), (20 bytes).
    Removing air001xx_ll_pwr.o(.ARM.exidx.text.LL_APB1_GRP1_ReleaseReset), (8 bytes).
    Removing air001xx_ll_rcc.o(.text), (0 bytes).
    Removing air001xx_ll_rcc.o(.text.LL_RCC_DeInit), (92 bytes).
    Removing air001xx_ll_rcc.o(.ARM.exidx.text.LL_RCC_DeInit), (8 bytes).
    Removing air001xx_ll_rcc.o(.text.LL_RCC_HSI_Enable), (20 bytes).
    Removing air001xx_ll_rcc.o(.ARM.exidx.text.LL_RCC_HSI_Enable), (8 bytes).
    Removing air001xx_ll_rcc.o(.text.LL_RCC_HSI_IsReady), (16 bytes).
    Removing air001xx_ll_rcc.o(.ARM.exidx.text.LL_RCC_HSI_IsReady), (8 bytes).
    Removing air001xx_ll_rcc.o(.text.LL_RCC_HSI_SetCalibFreq), (24 bytes).
    Removing air001xx_ll_rcc.o(.ARM.exidx.text.LL_RCC_HSI_SetCalibFreq), (8 bytes).
    Removing air001xx_ll_rcc.o(.text.LL_RCC_GetSysClkSource), (16 bytes).
    Removing air001xx_ll_rcc.o(.ARM.exidx.text.LL_RCC_GetSysClkSource), (8 bytes).
    Removing air001xx_ll_rcc.o(.text.LL_RCC_HSE_IsReady), (16 bytes).
    Removing air001xx_ll_rcc.o(.ARM.exidx.text.LL_RCC_HSE_IsReady), (8 bytes).
    Removing air001xx_ll_rcc.o(.text.LL_RCC_PLL_IsReady), (16 bytes).
    Removing air001xx_ll_rcc.o(.ARM.exidx.text.LL_RCC_PLL_IsReady), (8 bytes).
    Removing air001xx_ll_rcc.o(.text.LL_RCC_GetSystemClocksFreq), (24 bytes).
    Removing air001xx_ll_rcc.o(.ARM.exidx.text.LL_RCC_GetSystemClocksFreq), (8 bytes).
    Removing air001xx_ll_rcc.o(.text.RCC_GetSystemClockFreq), (68 bytes).
    Removing air001xx_ll_rcc.o(.ARM.exidx.text.RCC_GetSystemClockFreq), (8 bytes).
    Removing air001xx_ll_rcc.o(.text.RCC_GetHCLKClockFreq), (32 bytes).
    Removing air001xx_ll_rcc.o(.ARM.exidx.text.RCC_GetHCLKClockFreq), (8 bytes).
    Removing air001xx_ll_rcc.o(.text.RCC_GetPCLK1ClockFreq), (32 bytes).
    Removing air001xx_ll_rcc.o(.ARM.exidx.text.RCC_GetPCLK1ClockFreq), (8 bytes).
    Removing air001xx_ll_rcc.o(.text.LL_RCC_GetMCOClockFreq), (112 bytes).
    Removing air001xx_ll_rcc.o(.ARM.exidx.text.LL_RCC_GetMCOClockFreq), (8 bytes).
    Removing air001xx_ll_rcc.o(.text.LL_RCC_GetMCOClockSource), (12 bytes).
    Removing air001xx_ll_rcc.o(.ARM.exidx.text.LL_RCC_GetMCOClockSource), (8 bytes).
    Removing air001xx_ll_rcc.o(.text.LL_RCC_HSI_GetFreq), (24 bytes).
    Removing air001xx_ll_rcc.o(.ARM.exidx.text.LL_RCC_HSI_GetFreq), (8 bytes).
    Removing air001xx_ll_rcc.o(.text.RCC_PLL_GetFreqDomain_SYS), (28 bytes).
    Removing air001xx_ll_rcc.o(.ARM.exidx.text.RCC_PLL_GetFreqDomain_SYS), (8 bytes).
    Removing air001xx_ll_rcc.o(.text.LL_RCC_LSI_IsReady), (16 bytes).
    Removing air001xx_ll_rcc.o(.ARM.exidx.text.LL_RCC_LSI_IsReady), (8 bytes).
    Removing air001xx_ll_rcc.o(.text.LL_RCC_LSE_IsReady), (16 bytes).
    Removing air001xx_ll_rcc.o(.ARM.exidx.text.LL_RCC_LSE_IsReady), (8 bytes).
    Removing air001xx_ll_rcc.o(.text.LL_RCC_GetMCODiv), (16 bytes).
    Removing air001xx_ll_rcc.o(.ARM.exidx.text.LL_RCC_GetMCODiv), (8 bytes).
    Removing air001xx_ll_rcc.o(.text.LL_RCC_GetLSCClockFreq), (44 bytes).
    Removing air001xx_ll_rcc.o(.ARM.exidx.text.LL_RCC_GetLSCClockFreq), (8 bytes).
    Removing air001xx_ll_rcc.o(.text.LL_RCC_LSCO_GetSource), (16 bytes).
    Removing air001xx_ll_rcc.o(.ARM.exidx.text.LL_RCC_LSCO_GetSource), (8 bytes).
    Removing air001xx_ll_rcc.o(.text.LL_RCC_GetPVDClockFreq), (30 bytes).
    Removing air001xx_ll_rcc.o(.ARM.exidx.text.LL_RCC_GetPVDClockFreq), (8 bytes).
    Removing air001xx_ll_rcc.o(.text.LL_RCC_GetPVDClockSource), (16 bytes).
    Removing air001xx_ll_rcc.o(.ARM.exidx.text.LL_RCC_GetPVDClockSource), (8 bytes).
    Removing air001xx_ll_rcc.o(.text.LL_RCC_GetCOMPClockFreq), (64 bytes).
    Removing air001xx_ll_rcc.o(.ARM.exidx.text.LL_RCC_GetCOMPClockFreq), (8 bytes).
    Removing air001xx_ll_rcc.o(.text.LL_RCC_GetCOMPClockSource), (16 bytes).
    Removing air001xx_ll_rcc.o(.ARM.exidx.text.LL_RCC_GetCOMPClockSource), (8 bytes).
    Removing air001xx_ll_rcc.o(.text.LL_RCC_GetLPTIMClockFreq), (84 bytes).
    Removing air001xx_ll_rcc.o(.ARM.exidx.text.LL_RCC_GetLPTIMClockFreq), (8 bytes).
    Removing air001xx_ll_rcc.o(.text.LL_RCC_GetLPTIMClockSource), (24 bytes).
    Removing air001xx_ll_rcc.o(.ARM.exidx.text.LL_RCC_GetLPTIMClockSource), (8 bytes).
    Removing air001xx_ll_rcc.o(.text.LL_RCC_GetRTCClockFreq), (80 bytes).
    Removing air001xx_ll_rcc.o(.ARM.exidx.text.LL_RCC_GetRTCClockFreq), (8 bytes).
    Removing air001xx_ll_rcc.o(.text.LL_RCC_GetRTCClockSource), (16 bytes).
    Removing air001xx_ll_rcc.o(.ARM.exidx.text.LL_RCC_GetRTCClockSource), (8 bytes).
    Removing air001xx_ll_rcc.o(.text.LL_RCC_GetHSIDiv), (16 bytes).
    Removing air001xx_ll_rcc.o(.ARM.exidx.text.LL_RCC_GetHSIDiv), (8 bytes).
    Removing air001xx_ll_rcc.o(.text.LL_RCC_GetAHBPrescaler), (16 bytes).
    Removing air001xx_ll_rcc.o(.ARM.exidx.text.LL_RCC_GetAHBPrescaler), (8 bytes).
    Removing air001xx_ll_rcc.o(.text.LL_RCC_GetAPB1Prescaler), (16 bytes).
    Removing air001xx_ll_rcc.o(.ARM.exidx.text.LL_RCC_GetAPB1Prescaler), (8 bytes).
    Removing air001xx_ll_rcc.o(.text.LL_RCC_PLL_GetMainSource), (16 bytes).
    Removing air001xx_ll_rcc.o(.ARM.exidx.text.LL_RCC_PLL_GetMainSource), (8 bytes).
    Removing air001xx_ll_tim.o(.text), (0 bytes).
    Removing air001xx_ll_tim.o(.text.LL_TIM_DeInit), (152 bytes).
    Removing air001xx_ll_tim.o(.ARM.exidx.text.LL_TIM_DeInit), (8 bytes).
    Removing air001xx_ll_tim.o(.text.LL_APB1_GRP2_ForceReset), (16 bytes).
    Removing air001xx_ll_tim.o(.ARM.exidx.text.LL_APB1_GRP2_ForceReset), (8 bytes).
    Removing air001xx_ll_tim.o(.text.LL_APB1_GRP2_ReleaseReset), (16 bytes).
    Removing air001xx_ll_tim.o(.ARM.exidx.text.LL_APB1_GRP2_ReleaseReset), (8 bytes).
    Removing air001xx_ll_tim.o(.text.LL_APB1_GRP1_ForceReset), (16 bytes).
    Removing air001xx_ll_tim.o(.ARM.exidx.text.LL_APB1_GRP1_ForceReset), (8 bytes).
    Removing air001xx_ll_tim.o(.text.LL_APB1_GRP1_ReleaseReset), (16 bytes).
    Removing air001xx_ll_tim.o(.ARM.exidx.text.LL_APB1_GRP1_ReleaseReset), (8 bytes).
    Removing air001xx_ll_tim.o(.text.LL_TIM_StructInit), (16 bytes).
    Removing air001xx_ll_tim.o(.ARM.exidx.text.LL_TIM_StructInit), (8 bytes).
    Removing air001xx_ll_tim.o(.ARM.exidx.text.LL_TIM_Init), (8 bytes).
    Removing air001xx_ll_tim.o(.ARM.exidx.text.LL_TIM_SetAutoReload), (8 bytes).
    Removing air001xx_ll_tim.o(.ARM.exidx.text.LL_TIM_SetPrescaler), (8 bytes).
    Removing air001xx_ll_tim.o(.ARM.exidx.text.LL_TIM_SetRepetitionCounter), (8 bytes).
    Removing air001xx_ll_tim.o(.ARM.exidx.text.LL_TIM_GenerateEvent_UPDATE), (8 bytes).
    Removing air001xx_ll_tim.o(.text.LL_TIM_OC_StructInit), (20 bytes).
    Removing air001xx_ll_tim.o(.ARM.exidx.text.LL_TIM_OC_StructInit), (8 bytes).
    Removing air001xx_ll_tim.o(.ARM.exidx.text.LL_TIM_OC_Init), (8 bytes).
    Removing air001xx_ll_tim.o(.ARM.exidx.text.OC1Config), (8 bytes).
    Removing air001xx_ll_tim.o(.ARM.exidx.text.OC2Config), (8 bytes).
    Removing air001xx_ll_tim.o(.ARM.exidx.text.OC3Config), (8 bytes).
    Removing air001xx_ll_tim.o(.ARM.exidx.text.OC4Config), (8 bytes).
    Removing air001xx_ll_tim.o(.text.LL_TIM_IC_StructInit), (14 bytes).
    Removing air001xx_ll_tim.o(.ARM.exidx.text.LL_TIM_IC_StructInit), (8 bytes).
    Removing air001xx_ll_tim.o(.text.LL_TIM_IC_Init), (80 bytes).
    Removing air001xx_ll_tim.o(.ARM.exidx.text.LL_TIM_IC_Init), (8 bytes).
    Removing air001xx_ll_tim.o(.text.IC1Config), (48 bytes).
    Removing air001xx_ll_tim.o(.ARM.exidx.text.IC1Config), (8 bytes).
    Removing air001xx_ll_tim.o(.text.IC2Config), (52 bytes).
    Removing air001xx_ll_tim.o(.ARM.exidx.text.IC2Config), (8 bytes).
    Removing air001xx_ll_tim.o(.text.IC3Config), (54 bytes).
    Removing air001xx_ll_tim.o(.ARM.exidx.text.IC3Config), (8 bytes).
    Removing air001xx_ll_tim.o(.text.IC4Config), (56 bytes).
    Removing air001xx_ll_tim.o(.ARM.exidx.text.IC4Config), (8 bytes).
    Removing air001xx_ll_tim.o(.text.LL_TIM_ENCODER_StructInit), (26 bytes).
    Removing air001xx_ll_tim.o(.ARM.exidx.text.LL_TIM_ENCODER_StructInit), (8 bytes).
    Removing air001xx_ll_tim.o(.text.LL_TIM_ENCODER_Init), (128 bytes).
    Removing air001xx_ll_tim.o(.ARM.exidx.text.LL_TIM_ENCODER_Init), (8 bytes).
    Removing air001xx_ll_tim.o(.text.LL_TIM_SetEncoderMode), (12 bytes).
    Removing air001xx_ll_tim.o(.ARM.exidx.text.LL_TIM_SetEncoderMode), (8 bytes).
    Removing air001xx_ll_tim.o(.text.LL_TIM_HALLSENSOR_StructInit), (12 bytes).
    Removing air001xx_ll_tim.o(.ARM.exidx.text.LL_TIM_HALLSENSOR_StructInit), (8 bytes).
    Removing air001xx_ll_tim.o(.text.LL_TIM_HALLSENSOR_Init), (88 bytes).
    Removing air001xx_ll_tim.o(.ARM.exidx.text.LL_TIM_HALLSENSOR_Init), (8 bytes).
    Removing air001xx_ll_tim.o(.ARM.exidx.text.LL_TIM_OC_SetCompareCH2), (8 bytes).
    Removing air001xx_ll_tim.o(.text.LL_TIM_BDTR_StructInit), (18 bytes).
    Removing air001xx_ll_tim.o(.ARM.exidx.text.LL_TIM_BDTR_StructInit), (8 bytes).
    Removing air001xx_ll_tim.o(.text.LL_TIM_BDTR_Init), (64 bytes).
    Removing air001xx_ll_tim.o(.ARM.exidx.text.LL_TIM_BDTR_Init), (8 bytes).
    Removing air001xx_ll_tim.o(.ARM.exidx.text.LL_TIM_OC_SetCompareCH1), (8 bytes).
    Removing air001xx_ll_tim.o(.ARM.exidx.text.LL_TIM_OC_SetCompareCH3), (8 bytes).
    Removing air001xx_ll_tim.o(.ARM.exidx.text.LL_TIM_OC_SetCompareCH4), (8 bytes).

362 unused section(s) (total 5743 bytes) removed from the image.

==============================================================================

Image Symbol Table

    Local Symbols

    Symbol Name                              Value     Ov Type        Size  Object(Section)

    ../clib/division.s                       0x00000000   Number         0  aeabi_sdivfast.o ABSOLUTE
    ../clib/division.s                       0x00000000   Number         0  aeabi_sdivfast_div0.o ABSOLUTE
    ../clib/microlib/division.c              0x00000000   Number         0  uidiv.o ABSOLUTE
    ../clib/microlib/division.c              0x00000000   Number         0  idiv.o ABSOLUTE
    ../clib/microlib/division.c              0x00000000   Number         0  uidiv_div0.o ABSOLUTE
    ../clib/microlib/division.c              0x00000000   Number         0  idiv_div0.o ABSOLUTE
    ../clib/microlib/division.c              0x00000000   Number         0  idiv0.o ABSOLUTE
    ../clib/microlib/init/entry.s            0x00000000   Number         0  entry.o ABSOLUTE
    ../clib/microlib/init/entry.s            0x00000000   Number         0  entry2.o ABSOLUTE
    ../clib/microlib/init/entry.s            0x00000000   Number         0  entry5.o ABSOLUTE
    ../clib/microlib/init/entry.s            0x00000000   Number         0  entry7a.o ABSOLUTE
    ../clib/microlib/init/entry.s            0x00000000   Number         0  entry7b.o ABSOLUTE
    ../clib/microlib/init/entry.s            0x00000000   Number         0  entry8a.o ABSOLUTE
    ../clib/microlib/init/entry.s            0x00000000   Number         0  entry8b.o ABSOLUTE
    ../clib/microlib/init/entry.s            0x00000000   Number         0  entry9a.o ABSOLUTE
    ../clib/microlib/init/entry.s            0x00000000   Number         0  entry9b.o ABSOLUTE
    ../clib/microlib/init/entry.s            0x00000000   Number         0  entry10a.o ABSOLUTE
    ../clib/microlib/init/entry.s            0x00000000   Number         0  entry10b.o ABSOLUTE
    ../clib/microlib/init/entry.s            0x00000000   Number         0  entry11a.o ABSOLUTE
    ../clib/microlib/init/entry.s            0x00000000   Number         0  entry11b.o ABSOLUTE
    ../clib/microlib/longlong.c              0x00000000   Number         0  llshl.o ABSOLUTE
    ../clib/microlib/longlong.c              0x00000000   Number         0  llsshr.o ABSOLUTE
    ../clib/microlib/longlong.c              0x00000000   Number         0  llushr.o ABSOLUTE
    ../clib/microlib/string/memset.c         0x00000000   Number         0  memseta.o ABSOLUTE
    ../clib/microlib/stubs.s                 0x00000000   Number         0  iusefp.o ABSOLUTE
    ../fplib/microlib/d2f.c                  0x00000000   Number         0  d2f.o ABSOLUTE
    ../fplib/microlib/f2d.c                  0x00000000   Number         0  f2d.o ABSOLUTE
    ../fplib/microlib/fpadd.c                0x00000000   Number         0  dadd.o ABSOLUTE
    ../fplib/microlib/fpcmp.c                0x00000000   Number         0  fcmpge.o ABSOLUTE
    ../fplib/microlib/fpcmp.c                0x00000000   Number         0  fcmpgt.o ABSOLUTE
    ../fplib/microlib/fpdiv.c                0x00000000   Number         0  fdiv.o ABSOLUTE
    ../fplib/microlib/fpepilogue.c           0x00000000   Number         0  fepilogue.o ABSOLUTE
    ../fplib/microlib/fpepilogue.c           0x00000000   Number         0  depilogue.o ABSOLUTE
    ../fplib/microlib/fpfix.c                0x00000000   Number         0  ffixi.o ABSOLUTE
    ../fplib/microlib/fpflt.c                0x00000000   Number         0  fflti.o ABSOLUTE
    ../fplib/microlib/fpmul.c                0x00000000   Number         0  fmul.o ABSOLUTE
    air001_ll_Core_Board.c                   0x00000000   Number         0  air001_ll_core_board.o ABSOLUTE
    air001xx_it.c                            0x00000000   Number         0  air001xx_it.o ABSOLUTE
    air001xx_ll_dma.c                        0x00000000   Number         0  air001xx_ll_dma.o ABSOLUTE
    air001xx_ll_gpio.c                       0x00000000   Number         0  air001xx_ll_gpio.o ABSOLUTE
    air001xx_ll_pwr.c                        0x00000000   Number         0  air001xx_ll_pwr.o ABSOLUTE
    air001xx_ll_rcc.c                        0x00000000   Number         0  air001xx_ll_rcc.o ABSOLUTE
    air001xx_ll_tim.c                        0x00000000   Number         0  air001xx_ll_tim.o ABSOLUTE
    air001xx_ll_utils.c                      0x00000000   Number         0  air001xx_ll_utils.o ABSOLUTE
    dc.s                                     0x00000000   Number         0  dc.o ABSOLUTE
    function.c                               0x00000000   Number         0  function.o ABSOLUTE
    gpio.c                                   0x00000000   Number         0  gpio.o ABSOLUTE
    handlers.s                               0x00000000   Number         0  handlers.o ABSOLUTE
    init.s                                   0x00000000   Number         0  init.o ABSOLUTE
    main.c                                   0x00000000   Number         0  main.o ABSOLUTE
    startup_air001_dev.s                     0x00000000   Number         0  startup_air001_dev.o ABSOLUTE
    system_air001xx.c                        0x00000000   Number         0  system_air001xx.o ABSOLUTE
    tim.c                                    0x00000000   Number         0  tim.o ABSOLUTE
    RESET                                    0x08000000   Section      192  startup_air001_dev.o(RESET)
    .ARM.Collect$$$$00000000                 0x080000c0   Section        0  entry.o(.ARM.Collect$$$$00000000)
    .ARM.Collect$$$$00000001                 0x080000c0   Section        4  entry2.o(.ARM.Collect$$$$00000001)
    .ARM.Collect$$$$00000004                 0x080000c4   Section        4  entry5.o(.ARM.Collect$$$$00000004)
    .ARM.Collect$$$$00000008                 0x080000c8   Section        0  entry7b.o(.ARM.Collect$$$$00000008)
    .ARM.Collect$$$$0000000A                 0x080000c8   Section        0  entry8b.o(.ARM.Collect$$$$0000000A)
    .ARM.Collect$$$$0000000B                 0x080000c8   Section        8  entry9a.o(.ARM.Collect$$$$0000000B)
    __lit__00000000                          0x080000d0   Data           4  entry2.o(.ARM.Collect$$$$00002712)
    .ARM.Collect$$$$0000000D                 0x080000d0   Section        0  entry10a.o(.ARM.Collect$$$$0000000D)
    .ARM.Collect$$$$0000000F                 0x080000d0   Section        0  entry11a.o(.ARM.Collect$$$$0000000F)
    .ARM.Collect$$$$00002712                 0x080000d0   Section        4  entry2.o(.ARM.Collect$$$$00002712)
    .text                                    0x080000d4   Section       28  startup_air001_dev.o(.text)
    .text                                    0x080000f0   Section        0  fmul.o(.text)
    .text                                    0x0800016a   Section        0  fdiv.o(.text)
    .text                                    0x080001e8   Section        0  dadd.o(.text)
    .text                                    0x0800034c   Section        0  fcmpge.o(.text)
    .text                                    0x08000368   Section        0  fcmpgt.o(.text)
    .text                                    0x08000384   Section        0  fflti.o(.text)
    .text                                    0x0800039a   Section        0  ffixi.o(.text)
    .text                                    0x080003cc   Section        0  f2d.o(.text)
    .text                                    0x080003f4   Section        0  d2f.o(.text)
    .text                                    0x0800042c   Section        0  uidiv_div0.o(.text)
    .text                                    0x0800046c   Section        0  idiv_div0.o(.text)
    .text                                    0x080004bc   Section        0  llshl.o(.text)
    .text                                    0x080004dc   Section        0  llsshr.o(.text)
    .text                                    0x08000502   Section        0  iusefp.o(.text)
    .text                                    0x08000502   Section        0  fepilogue.o(.text)
    .text                                    0x08000584   Section        0  depilogue.o(.text)
    .text                                    0x08000644   Section       36  init.o(.text)
    .text                                    0x08000668   Section        0  llushr.o(.text)
    [Anonymous Symbol]                       0x0800068c   Section        0  system_air001xx.o(.text.$Sub$$main)
    __arm_cp.2_0                             0x080006b0   Number         4  system_air001xx.o(.text.$Sub$$main)
    __arm_cp.2_1                             0x080006b4   Number         4  system_air001xx.o(.text.$Sub$$main)
    APP_GpioConfig                           0x080006b9   Thumb Code    36  main.o(.text.APP_GpioConfig)
    [Anonymous Symbol]                       0x080006b8   Section        0  main.o(.text.APP_GpioConfig)
    __arm_cp.2_0                             0x080006dc   Number         4  main.o(.text.APP_GpioConfig)
    APP_SystemClockConfig                    0x080006e1   Thumb Code    68  main.o(.text.APP_SystemClockConfig)
    [Anonymous Symbol]                       0x080006e0   Section        0  main.o(.text.APP_SystemClockConfig)
    __arm_cp.1_0                             0x08000724   Number         4  main.o(.text.APP_SystemClockConfig)
    __arm_cp.1_1                             0x08000728   Number         4  main.o(.text.APP_SystemClockConfig)
    __arm_cp.1_2                             0x0800072c   Number         4  main.o(.text.APP_SystemClockConfig)
    __arm_cp.1_3                             0x08000730   Number         4  main.o(.text.APP_SystemClockConfig)
    [Anonymous Symbol]                       0x08000734   Section        0  air001xx_it.o(.text.HardFault_Handler)
    LL_APB1_GRP1_EnableClock                 0x08000739   Thumb Code    24  tim.o(.text.LL_APB1_GRP1_EnableClock)
    [Anonymous Symbol]                       0x08000738   Section        0  tim.o(.text.LL_APB1_GRP1_EnableClock)
    __arm_cp.1_0                             0x08000750   Number         4  tim.o(.text.LL_APB1_GRP1_EnableClock)
    LL_APB1_GRP2_EnableClock                 0x08000755   Thumb Code    28  tim.o(.text.LL_APB1_GRP2_EnableClock)
    [Anonymous Symbol]                       0x08000754   Section        0  tim.o(.text.LL_APB1_GRP2_EnableClock)
    __arm_cp.9_0                             0x08000770   Number         4  tim.o(.text.LL_APB1_GRP2_EnableClock)
    LL_FLASH_GetLatency                      0x08000775   Thumb Code    12  air001xx_ll_utils.o(.text.LL_FLASH_GetLatency)
    [Anonymous Symbol]                       0x08000774   Section        0  air001xx_ll_utils.o(.text.LL_FLASH_GetLatency)
    LL_FLASH_SetLatency                      0x08000781   Thumb Code    16  air001xx_ll_utils.o(.text.LL_FLASH_SetLatency)
    [Anonymous Symbol]                       0x08000780   Section        0  air001xx_ll_utils.o(.text.LL_FLASH_SetLatency)
    __arm_cp.19_0                            0x08000790   Number         4  air001xx_ll_utils.o(.text.LL_FLASH_SetLatency)
    [Anonymous Symbol]                       0x08000794   Section        0  air001xx_ll_gpio.o(.text.LL_GPIO_Init)
    LL_GPIO_IsInputPinSet                    0x08000815   Thumb Code    12  gpio.o(.text.LL_GPIO_IsInputPinSet)
    [Anonymous Symbol]                       0x08000814   Section        0  gpio.o(.text.LL_GPIO_IsInputPinSet)
    LL_GPIO_ResetOutputPin                   0x08000821   Thumb Code     4  gpio.o(.text.LL_GPIO_ResetOutputPin)
    [Anonymous Symbol]                       0x08000820   Section        0  gpio.o(.text.LL_GPIO_ResetOutputPin)
    LL_GPIO_ResetOutputPin                   0x08000825   Thumb Code     4  function.o(.text.LL_GPIO_ResetOutputPin)
    [Anonymous Symbol]                       0x08000824   Section        0  function.o(.text.LL_GPIO_ResetOutputPin)
    LL_GPIO_SetAFPin_0_7                     0x08000829   Thumb Code    20  air001xx_ll_gpio.o(.text.LL_GPIO_SetAFPin_0_7)
    [Anonymous Symbol]                       0x08000828   Section        0  air001xx_ll_gpio.o(.text.LL_GPIO_SetAFPin_0_7)
    LL_GPIO_SetAFPin_8_15                    0x0800083d   Thumb Code    22  air001xx_ll_gpio.o(.text.LL_GPIO_SetAFPin_8_15)
    [Anonymous Symbol]                       0x0800083c   Section        0  air001xx_ll_gpio.o(.text.LL_GPIO_SetAFPin_8_15)
    LL_GPIO_SetOutputPin                     0x08000853   Thumb Code     6  function.o(.text.LL_GPIO_SetOutputPin)
    [Anonymous Symbol]                       0x08000852   Section        0  function.o(.text.LL_GPIO_SetOutputPin)
    LL_GPIO_SetPinMode                       0x08000859   Thumb Code    16  main.o(.text.LL_GPIO_SetPinMode)
    [Anonymous Symbol]                       0x08000858   Section        0  main.o(.text.LL_GPIO_SetPinMode)
    LL_GPIO_SetPinMode                       0x08000869   Thumb Code    18  gpio.o(.text.LL_GPIO_SetPinMode)
    [Anonymous Symbol]                       0x08000868   Section        0  gpio.o(.text.LL_GPIO_SetPinMode)
    LL_GPIO_SetPinMode                       0x0800087b   Thumb Code    18  air001xx_ll_gpio.o(.text.LL_GPIO_SetPinMode)
    [Anonymous Symbol]                       0x0800087a   Section        0  air001xx_ll_gpio.o(.text.LL_GPIO_SetPinMode)
    LL_GPIO_SetPinOutputType                 0x0800088d   Thumb Code     8  gpio.o(.text.LL_GPIO_SetPinOutputType)
    [Anonymous Symbol]                       0x0800088c   Section        0  gpio.o(.text.LL_GPIO_SetPinOutputType)
    LL_GPIO_SetPinOutputType                 0x08000895   Thumb Code    12  air001xx_ll_gpio.o(.text.LL_GPIO_SetPinOutputType)
    [Anonymous Symbol]                       0x08000894   Section        0  air001xx_ll_gpio.o(.text.LL_GPIO_SetPinOutputType)
    LL_GPIO_SetPinPull                       0x080008a1   Thumb Code    16  gpio.o(.text.LL_GPIO_SetPinPull)
    [Anonymous Symbol]                       0x080008a0   Section        0  gpio.o(.text.LL_GPIO_SetPinPull)
    LL_GPIO_SetPinPull                       0x080008b1   Thumb Code    18  air001xx_ll_gpio.o(.text.LL_GPIO_SetPinPull)
    [Anonymous Symbol]                       0x080008b0   Section        0  air001xx_ll_gpio.o(.text.LL_GPIO_SetPinPull)
    LL_GPIO_SetPinSpeed                      0x080008c3   Thumb Code    18  gpio.o(.text.LL_GPIO_SetPinSpeed)
    [Anonymous Symbol]                       0x080008c2   Section        0  gpio.o(.text.LL_GPIO_SetPinSpeed)
    LL_GPIO_SetPinSpeed                      0x080008d5   Thumb Code    18  air001xx_ll_gpio.o(.text.LL_GPIO_SetPinSpeed)
    [Anonymous Symbol]                       0x080008d4   Section        0  air001xx_ll_gpio.o(.text.LL_GPIO_SetPinSpeed)
    LL_GPIO_TogglePin                        0x080008e9   Thumb Code    12  function.o(.text.LL_GPIO_TogglePin)
    [Anonymous Symbol]                       0x080008e8   Section        0  function.o(.text.LL_GPIO_TogglePin)
    __arm_cp.7_0                             0x080008f4   Number         4  function.o(.text.LL_GPIO_TogglePin)
    LL_IOP_GRP1_EnableClock                  0x080008f9   Thumb Code    24  main.o(.text.LL_IOP_GRP1_EnableClock)
    [Anonymous Symbol]                       0x080008f8   Section        0  main.o(.text.LL_IOP_GRP1_EnableClock)
    LL_IOP_GRP1_EnableClock                  0x08000911   Thumb Code    24  tim.o(.text.LL_IOP_GRP1_EnableClock)
    [Anonymous Symbol]                       0x08000910   Section        0  tim.o(.text.LL_IOP_GRP1_EnableClock)
    LL_IOP_GRP1_EnableClock                  0x08000929   Thumb Code    24  gpio.o(.text.LL_IOP_GRP1_EnableClock)
    [Anonymous Symbol]                       0x08000928   Section        0  gpio.o(.text.LL_IOP_GRP1_EnableClock)
    __arm_cp.1_0                             0x08000940   Number         4  gpio.o(.text.LL_IOP_GRP1_EnableClock)
    [Anonymous Symbol]                       0x08000944   Section        0  air001xx_ll_utils.o(.text.LL_PLL_ConfigSystemClock_HSI)
    __arm_cp.5_0                             0x08000994   Number         4  air001xx_ll_utils.o(.text.LL_PLL_ConfigSystemClock_HSI)
    LL_RCC_GetSysClkSource                   0x08000999   Thumb Code    12  main.o(.text.LL_RCC_GetSysClkSource)
    [Anonymous Symbol]                       0x08000998   Section        0  main.o(.text.LL_RCC_GetSysClkSource)
    LL_RCC_GetSysClkSource                   0x080009a5   Thumb Code    12  air001xx_ll_utils.o(.text.LL_RCC_GetSysClkSource)
    [Anonymous Symbol]                       0x080009a4   Section        0  air001xx_ll_utils.o(.text.LL_RCC_GetSysClkSource)
    LL_RCC_HSI_Enable                        0x080009b1   Thumb Code    16  main.o(.text.LL_RCC_HSI_Enable)
    [Anonymous Symbol]                       0x080009b0   Section        0  main.o(.text.LL_RCC_HSI_Enable)
    LL_RCC_HSI_Enable                        0x080009c1   Thumb Code    16  air001xx_ll_utils.o(.text.LL_RCC_HSI_Enable)
    [Anonymous Symbol]                       0x080009c0   Section        0  air001xx_ll_utils.o(.text.LL_RCC_HSI_Enable)
    LL_RCC_HSI_GetFreq                       0x080009d1   Thumb Code    16  air001xx_ll_utils.o(.text.LL_RCC_HSI_GetFreq)
    [Anonymous Symbol]                       0x080009d0   Section        0  air001xx_ll_utils.o(.text.LL_RCC_HSI_GetFreq)
    __arm_cp.7_1                             0x080009e0   Number         4  air001xx_ll_utils.o(.text.LL_RCC_HSI_GetFreq)
    LL_RCC_HSI_IsReady                       0x080009e5   Thumb Code    12  main.o(.text.LL_RCC_HSI_IsReady)
    [Anonymous Symbol]                       0x080009e4   Section        0  main.o(.text.LL_RCC_HSI_IsReady)
    LL_RCC_HSI_IsReady                       0x080009f1   Thumb Code    12  air001xx_ll_utils.o(.text.LL_RCC_HSI_IsReady)
    [Anonymous Symbol]                       0x080009f0   Section        0  air001xx_ll_utils.o(.text.LL_RCC_HSI_IsReady)
    LL_RCC_HSI_SetCalibFreq                  0x080009fd   Thumb Code    16  main.o(.text.LL_RCC_HSI_SetCalibFreq)
    [Anonymous Symbol]                       0x080009fc   Section        0  main.o(.text.LL_RCC_HSI_SetCalibFreq)
    __arm_cp.5_0                             0x08000a0c   Number         4  main.o(.text.LL_RCC_HSI_SetCalibFreq)
    __arm_cp.5_1                             0x08000a10   Number         4  main.o(.text.LL_RCC_HSI_SetCalibFreq)
    LL_RCC_LSE_SetDriveCapability            0x08000a15   Thumb Code    20  tim.o(.text.LL_RCC_LSE_SetDriveCapability)
    [Anonymous Symbol]                       0x08000a14   Section        0  tim.o(.text.LL_RCC_LSE_SetDriveCapability)
    __arm_cp.8_0                             0x08000a28   Number         4  tim.o(.text.LL_RCC_LSE_SetDriveCapability)
    LL_RCC_PLL_Enable                        0x08000a2d   Thumb Code    16  air001xx_ll_utils.o(.text.LL_RCC_PLL_Enable)
    [Anonymous Symbol]                       0x08000a2c   Section        0  air001xx_ll_utils.o(.text.LL_RCC_PLL_Enable)
    LL_RCC_PLL_IsReady                       0x08000a3d   Thumb Code    12  air001xx_ll_utils.o(.text.LL_RCC_PLL_IsReady)
    [Anonymous Symbol]                       0x08000a3c   Section        0  air001xx_ll_utils.o(.text.LL_RCC_PLL_IsReady)
    __arm_cp.21_0                            0x08000a48   Number         4  air001xx_ll_utils.o(.text.LL_RCC_PLL_IsReady)
    LL_RCC_PLL_SetMainSource                 0x08000a4d   Thumb Code    16  air001xx_ll_utils.o(.text.LL_RCC_PLL_SetMainSource)
    [Anonymous Symbol]                       0x08000a4c   Section        0  air001xx_ll_utils.o(.text.LL_RCC_PLL_SetMainSource)
    __arm_cp.10_0                            0x08000a5c   Number         4  air001xx_ll_utils.o(.text.LL_RCC_PLL_SetMainSource)
    LL_RCC_SetAHBPrescaler                   0x08000a61   Thumb Code    16  main.o(.text.LL_RCC_SetAHBPrescaler)
    [Anonymous Symbol]                       0x08000a60   Section        0  main.o(.text.LL_RCC_SetAHBPrescaler)
    LL_RCC_SetAHBPrescaler                   0x08000a71   Thumb Code    16  air001xx_ll_utils.o(.text.LL_RCC_SetAHBPrescaler)
    [Anonymous Symbol]                       0x08000a70   Section        0  air001xx_ll_utils.o(.text.LL_RCC_SetAHBPrescaler)
    LL_RCC_SetAPB1Prescaler                  0x08000a81   Thumb Code    16  main.o(.text.LL_RCC_SetAPB1Prescaler)
    [Anonymous Symbol]                       0x08000a80   Section        0  main.o(.text.LL_RCC_SetAPB1Prescaler)
    LL_RCC_SetAPB1Prescaler                  0x08000a91   Thumb Code    16  air001xx_ll_utils.o(.text.LL_RCC_SetAPB1Prescaler)
    [Anonymous Symbol]                       0x08000a90   Section        0  air001xx_ll_utils.o(.text.LL_RCC_SetAPB1Prescaler)
    LL_RCC_SetSysClkSource                   0x08000aa1   Thumb Code    16  main.o(.text.LL_RCC_SetSysClkSource)
    [Anonymous Symbol]                       0x08000aa0   Section        0  main.o(.text.LL_RCC_SetSysClkSource)
    LL_RCC_SetSysClkSource                   0x08000ab1   Thumb Code    16  air001xx_ll_utils.o(.text.LL_RCC_SetSysClkSource)
    [Anonymous Symbol]                       0x08000ab0   Section        0  air001xx_ll_utils.o(.text.LL_RCC_SetSysClkSource)
    __arm_cp.24_0                            0x08000ac0   Number         4  air001xx_ll_utils.o(.text.LL_RCC_SetSysClkSource)
    [Anonymous Symbol]                       0x08000ac4   Section        0  air001xx_ll_utils.o(.text.LL_SetFlashLatency)
    __arm_cp.18_0                            0x08000af4   Number         4  air001xx_ll_utils.o(.text.LL_SetFlashLatency)
    [Anonymous Symbol]                       0x08000af8   Section        0  air001xx_ll_utils.o(.text.LL_SetSystemCoreClock)
    __arm_cp.4_0                             0x08000b00   Number         4  air001xx_ll_utils.o(.text.LL_SetSystemCoreClock)
    LL_TIM_CC_EnableChannel                  0x08000b05   Thumb Code    12  tim.o(.text.LL_TIM_CC_EnableChannel)
    [Anonymous Symbol]                       0x08000b04   Section        0  tim.o(.text.LL_TIM_CC_EnableChannel)
    __arm_cp.6_0                             0x08000b10   Number         4  tim.o(.text.LL_TIM_CC_EnableChannel)
    LL_TIM_ClearFlag_UPDATE                  0x08000b15   Thumb Code    12  air001xx_it.o(.text.LL_TIM_ClearFlag_UPDATE)
    [Anonymous Symbol]                       0x08000b14   Section        0  air001xx_it.o(.text.LL_TIM_ClearFlag_UPDATE)
    LL_TIM_DisableARRPreload                 0x08000b21   Thumb Code    12  tim.o(.text.LL_TIM_DisableARRPreload)
    [Anonymous Symbol]                       0x08000b20   Section        0  tim.o(.text.LL_TIM_DisableARRPreload)
    LL_TIM_DisableMasterSlaveMode            0x08000b2d   Thumb Code    12  tim.o(.text.LL_TIM_DisableMasterSlaveMode)
    [Anonymous Symbol]                       0x08000b2c   Section        0  tim.o(.text.LL_TIM_DisableMasterSlaveMode)
    LL_TIM_EnableAllOutputs                  0x08000b39   Thumb Code    16  tim.o(.text.LL_TIM_EnableAllOutputs)
    [Anonymous Symbol]                       0x08000b38   Section        0  tim.o(.text.LL_TIM_EnableAllOutputs)
    __arm_cp.5_0                             0x08000b48   Number         4  tim.o(.text.LL_TIM_EnableAllOutputs)
    LL_TIM_EnableCounter                     0x08000b4d   Thumb Code    10  tim.o(.text.LL_TIM_EnableCounter)
    [Anonymous Symbol]                       0x08000b4c   Section        0  tim.o(.text.LL_TIM_EnableCounter)
    LL_TIM_EnableIT_UPDATE                   0x08000b59   Thumb Code    12  tim.o(.text.LL_TIM_EnableIT_UPDATE)
    [Anonymous Symbol]                       0x08000b58   Section        0  tim.o(.text.LL_TIM_EnableIT_UPDATE)
    __arm_cp.16_0                            0x08000b64   Number         4  tim.o(.text.LL_TIM_EnableIT_UPDATE)
    LL_TIM_GenerateEvent_UPDATE              0x08000b69   Thumb Code    10  air001xx_ll_tim.o(.text.LL_TIM_GenerateEvent_UPDATE)
    [Anonymous Symbol]                       0x08000b68   Section        0  air001xx_ll_tim.o(.text.LL_TIM_GenerateEvent_UPDATE)
    [Anonymous Symbol]                       0x08000b74   Section        0  air001xx_ll_tim.o(.text.LL_TIM_Init)
    __arm_cp.6_0                             0x08000bfc   Number         4  air001xx_ll_tim.o(.text.LL_TIM_Init)
    __arm_cp.6_2                             0x08000c00   Number         4  air001xx_ll_tim.o(.text.LL_TIM_Init)
    __arm_cp.6_3                             0x08000c04   Number         4  air001xx_ll_tim.o(.text.LL_TIM_Init)
    __arm_cp.6_5                             0x08000c08   Number         4  air001xx_ll_tim.o(.text.LL_TIM_Init)
    LL_TIM_IsActiveFlag_UPDATE               0x08000c0d   Thumb Code    12  air001xx_it.o(.text.LL_TIM_IsActiveFlag_UPDATE)
    [Anonymous Symbol]                       0x08000c0c   Section        0  air001xx_it.o(.text.LL_TIM_IsActiveFlag_UPDATE)
    __arm_cp.6_0                             0x08000c18   Number         4  air001xx_it.o(.text.LL_TIM_IsActiveFlag_UPDATE)
    LL_TIM_OC_EnablePreload                  0x08000c1d   Thumb Code    56  tim.o(.text.LL_TIM_OC_EnablePreload)
    [Anonymous Symbol]                       0x08000c1c   Section        0  tim.o(.text.LL_TIM_OC_EnablePreload)
    OFFSET_TAB_CCMRx                         0x08000c54   Number         0  tim.o(.text.LL_TIM_OC_EnablePreload)
    __arm_cp.3_1                             0x08000c5c   Number         4  tim.o(.text.LL_TIM_OC_EnablePreload)
    SHIFT_TAB_OCxx                           0x08000c60   Number         0  tim.o(.text.LL_TIM_OC_EnablePreload)
    [Anonymous Symbol]                       0x08000c68   Section        0  air001xx_ll_tim.o(.text.LL_TIM_OC_Init)
    LL_TIM_OC_SetCompareCH1                  0x08000cb9   Thumb Code     4  air001xx_ll_tim.o(.text.LL_TIM_OC_SetCompareCH1)
    [Anonymous Symbol]                       0x08000cb8   Section        0  air001xx_ll_tim.o(.text.LL_TIM_OC_SetCompareCH1)
    LL_TIM_OC_SetCompareCH2                  0x08000cbd   Thumb Code     8  function.o(.text.LL_TIM_OC_SetCompareCH2)
    [Anonymous Symbol]                       0x08000cbc   Section        0  function.o(.text.LL_TIM_OC_SetCompareCH2)
    __arm_cp.1_0                             0x08000cc4   Number         4  function.o(.text.LL_TIM_OC_SetCompareCH2)
    LL_TIM_OC_SetCompareCH2                  0x08000cc9   Thumb Code     4  air001xx_ll_tim.o(.text.LL_TIM_OC_SetCompareCH2)
    [Anonymous Symbol]                       0x08000cc8   Section        0  air001xx_ll_tim.o(.text.LL_TIM_OC_SetCompareCH2)
    LL_TIM_OC_SetCompareCH3                  0x08000ccd   Thumb Code     8  function.o(.text.LL_TIM_OC_SetCompareCH3)
    [Anonymous Symbol]                       0x08000ccc   Section        0  function.o(.text.LL_TIM_OC_SetCompareCH3)
    __arm_cp.2_0                             0x08000cd4   Number         4  function.o(.text.LL_TIM_OC_SetCompareCH3)
    LL_TIM_OC_SetCompareCH3                  0x08000cd9   Thumb Code     4  air001xx_ll_tim.o(.text.LL_TIM_OC_SetCompareCH3)
    [Anonymous Symbol]                       0x08000cd8   Section        0  air001xx_ll_tim.o(.text.LL_TIM_OC_SetCompareCH3)
    LL_TIM_OC_SetCompareCH4                  0x08000cdd   Thumb Code     4  air001xx_ll_tim.o(.text.LL_TIM_OC_SetCompareCH4)
    [Anonymous Symbol]                       0x08000cdc   Section        0  air001xx_ll_tim.o(.text.LL_TIM_OC_SetCompareCH4)
    LL_TIM_SetAutoReload                     0x08000ce1   Thumb Code     4  air001xx_ll_tim.o(.text.LL_TIM_SetAutoReload)
    [Anonymous Symbol]                       0x08000ce0   Section        0  air001xx_ll_tim.o(.text.LL_TIM_SetAutoReload)
    LL_TIM_SetClockSource                    0x08000ce5   Thumb Code    12  tim.o(.text.LL_TIM_SetClockSource)
    [Anonymous Symbol]                       0x08000ce4   Section        0  tim.o(.text.LL_TIM_SetClockSource)
    __arm_cp.13_0                            0x08000cf0   Number         4  tim.o(.text.LL_TIM_SetClockSource)
    __arm_cp.13_1                            0x08000cf4   Number         4  tim.o(.text.LL_TIM_SetClockSource)
    LL_TIM_SetPrescaler                      0x08000cf9   Thumb Code     4  air001xx_ll_tim.o(.text.LL_TIM_SetPrescaler)
    [Anonymous Symbol]                       0x08000cf8   Section        0  air001xx_ll_tim.o(.text.LL_TIM_SetPrescaler)
    LL_TIM_SetRepetitionCounter              0x08000cfd   Thumb Code     4  air001xx_ll_tim.o(.text.LL_TIM_SetRepetitionCounter)
    [Anonymous Symbol]                       0x08000cfc   Section        0  air001xx_ll_tim.o(.text.LL_TIM_SetRepetitionCounter)
    LL_TIM_SetTriggerOutput                  0x08000d01   Thumb Code    12  tim.o(.text.LL_TIM_SetTriggerOutput)
    [Anonymous Symbol]                       0x08000d00   Section        0  tim.o(.text.LL_TIM_SetTriggerOutput)
    __arm_cp.14_0                            0x08000d0c   Number         4  tim.o(.text.LL_TIM_SetTriggerOutput)
    [Anonymous Symbol]                       0x08000d10   Section        0  gpio.o(.text.MX_GPIO_Init)
    [Anonymous Symbol]                       0x08000df4   Section        0  tim.o(.text.MX_TIM16_Init)
    __arm_cp.7_0                             0x08000e4c   Number         4  tim.o(.text.MX_TIM16_Init)
    __arm_cp.7_1                             0x08000e50   Number         4  tim.o(.text.MX_TIM16_Init)
    [Anonymous Symbol]                       0x08000e54   Section        0  tim.o(.text.MX_TIM3_Init)
    __arm_cp.0_0                             0x08000f28   Number         4  tim.o(.text.MX_TIM3_Init)
    __arm_cp.0_1                             0x08000f2c   Number         4  tim.o(.text.MX_TIM3_Init)
    __arm_cp.0_2                             0x08000f30   Number         4  tim.o(.text.MX_TIM3_Init)
    [Anonymous Symbol]                       0x08000f34   Section        0  air001xx_it.o(.text.NMI_Handler)
    NVIC_EnableIRQ                           0x08000f39   Thumb Code    12  tim.o(.text.NVIC_EnableIRQ)
    [Anonymous Symbol]                       0x08000f38   Section        0  tim.o(.text.NVIC_EnableIRQ)
    __arm_cp.11_0                            0x08000f44   Number         4  tim.o(.text.NVIC_EnableIRQ)
    NVIC_SetPriority                         0x08000f49   Thumb Code    20  tim.o(.text.NVIC_SetPriority)
    [Anonymous Symbol]                       0x08000f48   Section        0  tim.o(.text.NVIC_SetPriority)
    __arm_cp.10_0                            0x08000f5c   Number         4  tim.o(.text.NVIC_SetPriority)
    OC1Config                                0x08000f61   Thumb Code   124  air001xx_ll_tim.o(.text.OC1Config)
    [Anonymous Symbol]                       0x08000f60   Section        0  air001xx_ll_tim.o(.text.OC1Config)
    OC2Config                                0x08000fdd   Thumb Code   140  air001xx_ll_tim.o(.text.OC2Config)
    [Anonymous Symbol]                       0x08000fdc   Section        0  air001xx_ll_tim.o(.text.OC2Config)
    __arm_cp.14_3                            0x08001068   Number         4  air001xx_ll_tim.o(.text.OC2Config)
    OC3Config                                0x0800106d   Thumb Code   140  air001xx_ll_tim.o(.text.OC3Config)
    [Anonymous Symbol]                       0x0800106c   Section        0  air001xx_ll_tim.o(.text.OC3Config)
    __arm_cp.15_0                            0x080010f8   Number         4  air001xx_ll_tim.o(.text.OC3Config)
    __arm_cp.15_4                            0x080010fc   Number         4  air001xx_ll_tim.o(.text.OC3Config)
    OC4Config                                0x08001101   Thumb Code   112  air001xx_ll_tim.o(.text.OC4Config)
    [Anonymous Symbol]                       0x08001100   Section        0  air001xx_ll_tim.o(.text.OC4Config)
    __arm_cp.16_0                            0x08001170   Number         4  air001xx_ll_tim.o(.text.OC4Config)
    __arm_cp.16_1                            0x08001174   Number         4  air001xx_ll_tim.o(.text.OC4Config)
    __arm_cp.16_2                            0x08001178   Number         4  air001xx_ll_tim.o(.text.OC4Config)
    [Anonymous Symbol]                       0x0800117c   Section        0  air001xx_it.o(.text.PendSV_Handler)
    [Anonymous Symbol]                       0x0800117e   Section        0  air001xx_it.o(.text.SVC_Handler)
    [Anonymous Symbol]                       0x08001180   Section        0  function.o(.text.SetLightByColorTemp)
    __arm_cp.0_2                             0x080011dc   Number         4  function.o(.text.SetLightByColorTemp)
    __arm_cp.0_3                             0x080011e0   Number         4  function.o(.text.SetLightByColorTemp)
    [Anonymous Symbol]                       0x080011e4   Section        0  air001xx_it.o(.text.SysTick_Handler)
    [Anonymous Symbol]                       0x080011e8   Section        0  system_air001xx.o(.text.SystemInit)
    __arm_cp.1_0                             0x08001208   Number         4  system_air001xx.o(.text.SystemInit)
    __arm_cp.1_1                             0x0800120c   Number         4  system_air001xx.o(.text.SystemInit)
    __arm_cp.1_2                             0x08001210   Number         4  system_air001xx.o(.text.SystemInit)
    __arm_cp.1_3                             0x08001214   Number         4  system_air001xx.o(.text.SystemInit)
    [Anonymous Symbol]                       0x08001218   Section        0  air001xx_it.o(.text.TIM16_IRQHandler)
    __arm_cp.5_0                             0x0800126c   Number         4  air001xx_it.o(.text.TIM16_IRQHandler)
    __arm_cp.5_1                             0x08001270   Number         4  air001xx_it.o(.text.TIM16_IRQHandler)
    __arm_cp.5_2                             0x08001274   Number         4  air001xx_it.o(.text.TIM16_IRQHandler)
    __arm_cp.5_3                             0x08001278   Number         4  air001xx_it.o(.text.TIM16_IRQHandler)
    __arm_cp.5_4                             0x0800127c   Number         4  air001xx_it.o(.text.TIM16_IRQHandler)
    UTILS_EnablePLLAndSwitchSystem           0x08001281   Thumb Code   120  air001xx_ll_utils.o(.text.UTILS_EnablePLLAndSwitchSystem)
    [Anonymous Symbol]                       0x08001280   Section        0  air001xx_ll_utils.o(.text.UTILS_EnablePLLAndSwitchSystem)
    __arm_cp.11_0                            0x080012f8   Number         4  air001xx_ll_utils.o(.text.UTILS_EnablePLLAndSwitchSystem)
    __arm_cp.11_1                            0x080012fc   Number         4  air001xx_ll_utils.o(.text.UTILS_EnablePLLAndSwitchSystem)
    UTILS_PLL_IsBusy                         0x08001301   Thumb Code    12  air001xx_ll_utils.o(.text.UTILS_PLL_IsBusy)
    [Anonymous Symbol]                       0x08001300   Section        0  air001xx_ll_utils.o(.text.UTILS_PLL_IsBusy)
    [Anonymous Symbol]                       0x0800130c   Section        0  function.o(.text.function_handle)
    __arm_cp.3_2                             0x08001420   Number         4  function.o(.text.function_handle)
    __arm_cp.3_6                             0x08001424   Number         4  function.o(.text.function_handle)
    __arm_cp.3_7                             0x08001428   Number         4  function.o(.text.function_handle)
    __arm_cp.3_11                            0x0800142c   Number         4  function.o(.text.function_handle)
    [Anonymous Symbol]                       0x08001430   Section        0  function.o(.text.key_function)
    __arm_cp.6_0                             0x080014ec   Number         4  function.o(.text.key_function)
    __arm_cp.6_5                             0x080014f0   Number         4  function.o(.text.key_function)
    __arm_cp.6_6                             0x080014f4   Number         4  function.o(.text.key_function)
    __arm_cp.6_8                             0x080014f8   Number         4  function.o(.text.key_function)
    __arm_cp.6_9                             0x080014fc   Number         4  function.o(.text.key_function)
    __arm_cp.6_10                            0x08001500   Number         4  function.o(.text.key_function)
    __arm_cp.6_12                            0x08001504   Number         4  function.o(.text.key_function)
    [Anonymous Symbol]                       0x08001508   Section        0  gpio.o(.text.key_handle)
    __arm_cp.9_0                             0x08001648   Number         4  gpio.o(.text.key_handle)
    __arm_cp.9_1                             0x0800164c   Number         4  gpio.o(.text.key_handle)
    __arm_cp.9_2                             0x08001650   Number         4  gpio.o(.text.key_handle)
    __arm_cp.9_5                             0x08001654   Number         4  gpio.o(.text.key_handle)
    __arm_cp.9_6                             0x08001658   Number         4  gpio.o(.text.key_handle)
    __arm_cp.9_7                             0x0800165c   Number         4  gpio.o(.text.key_handle)
    __arm_cp.9_8                             0x08001660   Number         4  gpio.o(.text.key_handle)
    __arm_cp.9_9                             0x08001664   Number         4  gpio.o(.text.key_handle)
    __arm_cp.9_10                            0x08001668   Number         4  gpio.o(.text.key_handle)
    __arm_cp.9_12                            0x0800166c   Number         4  gpio.o(.text.key_handle)
    __arm_cp.9_14                            0x08001670   Number         4  gpio.o(.text.key_handle)
    [Anonymous Symbol]                       0x08001674   Section        0  gpio.o(.text.key_press_handle)
    __arm_cp.7_0                             0x080016b0   Number         4  gpio.o(.text.key_press_handle)
    __arm_cp.7_1                             0x080016b4   Number         4  gpio.o(.text.key_press_handle)
    __arm_cp.7_2                             0x080016b8   Number         4  gpio.o(.text.key_press_handle)
    __arm_cp.7_3                             0x080016bc   Number         4  gpio.o(.text.key_press_handle)
    [Anonymous Symbol]                       0x080016c0   Section        0  main.o(.text.main)
    [Anonymous Symbol]                       0x080016dc   Section        0  function.o(.text.status_function)
    __arm_cp.8_0                             0x080017e4   Number         4  function.o(.text.status_function)
    __arm_cp.8_1                             0x080017e8   Number         4  function.o(.text.status_function)
    __arm_cp.8_2                             0x080017ec   Number         4  function.o(.text.status_function)
    __arm_cp.8_3                             0x080017f0   Number         4  function.o(.text.status_function)
    __arm_cp.8_4                             0x080017f4   Number         4  function.o(.text.status_function)
    __arm_cp.8_5                             0x080017f8   Number         4  function.o(.text.status_function)
    __arm_cp.8_6                             0x080017fc   Number         4  function.o(.text.status_function)
    __arm_cp.8_7                             0x08001800   Number         4  function.o(.text.status_function)
    __arm_cp.8_8                             0x08001804   Number         4  function.o(.text.status_function)
    __arm_cp.8_9                             0x08001808   Number         4  function.o(.text.status_function)
    __arm_cp.8_10                            0x0800180c   Number         4  function.o(.text.status_function)
    i.__ARM_clz                              0x08001810   Section        0  depilogue.o(i.__ARM_clz)
    i.__scatterload_copy                     0x0800183e   Section       14  handlers.o(i.__scatterload_copy)
    i.__scatterload_null                     0x0800184c   Section        2  handlers.o(i.__scatterload_null)
    i.__scatterload_zeroinit                 0x0800184e   Section       14  handlers.o(i.__scatterload_zeroinit)
    STACK                                    0x200000f8   Section     1024  startup_air001_dev.o(STACK)

    Global Symbols

    Symbol Name                              Value     Ov Type        Size  Object(Section)

    BuildAttributes$$THM_ISAv3M$S$PE$A:L22$X:L11$S22$IEEE1$IW$~IW$USESV6$~STKCKD$USESV7$~SHL$OTIME$ROPI$EBA8$MICROLIB$REQ8$PRES8$EABIv2 0x00000000   Number         0  anon$$obj.o ABSOLUTE
    __cpp_initialize__aeabi_                  - Undefined Weak Reference
    __cxa_finalize                            - Undefined Weak Reference
    __decompress                              - Undefined Weak Reference
    _clock_init                               - Undefined Weak Reference
    _microlib_exit                            - Undefined Weak Reference
    __Vectors_Size                           0x000000c0   Number         0  startup_air001_dev.o ABSOLUTE
    __Vectors                                0x08000000   Data           4  startup_air001_dev.o(RESET)
    __Vectors_End                            0x080000c0   Data           0  startup_air001_dev.o(RESET)
    __main                                   0x080000c1   Thumb Code     0  entry.o(.ARM.Collect$$$$00000000)
    _main_stk                                0x080000c1   Thumb Code     0  entry2.o(.ARM.Collect$$$$00000001)
    _main_scatterload                        0x080000c5   Thumb Code     0  entry5.o(.ARM.Collect$$$$00000004)
    __main_after_scatterload                 0x080000c9   Thumb Code     0  entry5.o(.ARM.Collect$$$$00000004)
    _main_clock                              0x080000c9   Thumb Code     0  entry7b.o(.ARM.Collect$$$$00000008)
    _main_cpp_init                           0x080000c9   Thumb Code     0  entry8b.o(.ARM.Collect$$$$0000000A)
    _main_init                               0x080000c9   Thumb Code     0  entry9a.o(.ARM.Collect$$$$0000000B)
    __rt_final_cpp                           0x080000d1   Thumb Code     0  entry10a.o(.ARM.Collect$$$$0000000D)
    __rt_final_exit                          0x080000d1   Thumb Code     0  entry11a.o(.ARM.Collect$$$$0000000F)
    Reset_Handler                            0x080000d5   Thumb Code     8  startup_air001_dev.o(.text)
    ADC_COMP_IRQHandler                      0x080000e7   Thumb Code     0  startup_air001_dev.o(.text)
    DMA1_Channel1_IRQHandler                 0x080000e7   Thumb Code     0  startup_air001_dev.o(.text)
    DMA1_Channel2_3_IRQHandler               0x080000e7   Thumb Code     0  startup_air001_dev.o(.text)
    EXTI0_1_IRQHandler                       0x080000e7   Thumb Code     0  startup_air001_dev.o(.text)
    EXTI2_3_IRQHandler                       0x080000e7   Thumb Code     0  startup_air001_dev.o(.text)
    EXTI4_15_IRQHandler                      0x080000e7   Thumb Code     0  startup_air001_dev.o(.text)
    FLASH_IRQHandler                         0x080000e7   Thumb Code     0  startup_air001_dev.o(.text)
    I2C1_IRQHandler                          0x080000e7   Thumb Code     0  startup_air001_dev.o(.text)
    LED_IRQHandler                           0x080000e7   Thumb Code     0  startup_air001_dev.o(.text)
    LPTIM1_IRQHandler                        0x080000e7   Thumb Code     0  startup_air001_dev.o(.text)
    PVD_IRQHandler                           0x080000e7   Thumb Code     0  startup_air001_dev.o(.text)
    RCC_IRQHandler                           0x080000e7   Thumb Code     0  startup_air001_dev.o(.text)
    RTC_IRQHandler                           0x080000e7   Thumb Code     0  startup_air001_dev.o(.text)
    SPI1_IRQHandler                          0x080000e7   Thumb Code     0  startup_air001_dev.o(.text)
    SPI2_IRQHandler                          0x080000e7   Thumb Code     0  startup_air001_dev.o(.text)
    TIM14_IRQHandler                         0x080000e7   Thumb Code     0  startup_air001_dev.o(.text)
    TIM17_IRQHandler                         0x080000e7   Thumb Code     0  startup_air001_dev.o(.text)
    TIM1_BRK_UP_TRG_COM_IRQHandler           0x080000e7   Thumb Code     0  startup_air001_dev.o(.text)
    TIM1_CC_IRQHandler                       0x080000e7   Thumb Code     0  startup_air001_dev.o(.text)
    TIM3_IRQHandler                          0x080000e7   Thumb Code     0  startup_air001_dev.o(.text)
    USART1_IRQHandler                        0x080000e7   Thumb Code     0  startup_air001_dev.o(.text)
    USART2_IRQHandler                        0x080000e7   Thumb Code     0  startup_air001_dev.o(.text)
    WWDG_IRQHandler                          0x080000e7   Thumb Code     0  startup_air001_dev.o(.text)
    __aeabi_fmul                             0x080000f1   Thumb Code   122  fmul.o(.text)
    __aeabi_fdiv                             0x0800016b   Thumb Code   124  fdiv.o(.text)
    __aeabi_dadd                             0x080001e9   Thumb Code   328  dadd.o(.text)
    __aeabi_dsub                             0x08000331   Thumb Code    12  dadd.o(.text)
    __aeabi_drsub                            0x0800033d   Thumb Code    12  dadd.o(.text)
    __aeabi_fcmpge                           0x0800034d   Thumb Code    28  fcmpge.o(.text)
    __aeabi_fcmpgt                           0x08000369   Thumb Code    28  fcmpgt.o(.text)
    __aeabi_i2f                              0x08000385   Thumb Code    22  fflti.o(.text)
    __aeabi_f2iz                             0x0800039b   Thumb Code    50  ffixi.o(.text)
    __aeabi_f2d                              0x080003cd   Thumb Code    40  f2d.o(.text)
    __aeabi_d2f                              0x080003f5   Thumb Code    56  d2f.o(.text)
    __aeabi_uidiv                            0x0800042d   Thumb Code     0  uidiv_div0.o(.text)
    __aeabi_uidivmod                         0x0800042d   Thumb Code    62  uidiv_div0.o(.text)
    __aeabi_idiv                             0x0800046d   Thumb Code     0  idiv_div0.o(.text)
    __aeabi_idivmod$div0                     0x0800046d   Thumb Code    74  idiv_div0.o(.text)
    __aeabi_llsl                             0x080004bd   Thumb Code    32  llshl.o(.text)
    _ll_shift_l                              0x080004bd   Thumb Code     0  llshl.o(.text)
    __aeabi_lasr                             0x080004dd   Thumb Code    38  llsshr.o(.text)
    _ll_sshift_r                             0x080004dd   Thumb Code     0  llsshr.o(.text)
    __I$use$fp                               0x08000503   Thumb Code     0  iusefp.o(.text)
    _float_round                             0x08000503   Thumb Code    16  fepilogue.o(.text)
    _float_epilogue                          0x08000513   Thumb Code   114  fepilogue.o(.text)
    _double_round                            0x08000585   Thumb Code    26  depilogue.o(.text)
    _double_epilogue                         0x0800059f   Thumb Code   164  depilogue.o(.text)
    __scatterload                            0x08000645   Thumb Code    28  init.o(.text)
    __scatterload_rt2                        0x08000645   Thumb Code     0  init.o(.text)
    __aeabi_llsr                             0x08000669   Thumb Code    34  llushr.o(.text)
    _ll_ushift_r                             0x08000669   Thumb Code     0  llushr.o(.text)
    main                                     0x0800068d   Thumb Code    36  system_air001xx.o(.text.$Sub$$main)
    HardFault_Handler                        0x08000735   Thumb Code     2  air001xx_it.o(.text.HardFault_Handler)
    LL_GPIO_Init                             0x08000795   Thumb Code   128  air001xx_ll_gpio.o(.text.LL_GPIO_Init)
    LL_PLL_ConfigSystemClock_HSI             0x08000945   Thumb Code    80  air001xx_ll_utils.o(.text.LL_PLL_ConfigSystemClock_HSI)
    LL_SetFlashLatency                       0x08000ac5   Thumb Code    48  air001xx_ll_utils.o(.text.LL_SetFlashLatency)
    LL_SetSystemCoreClock                    0x08000af9   Thumb Code     8  air001xx_ll_utils.o(.text.LL_SetSystemCoreClock)
    LL_TIM_Init                              0x08000b75   Thumb Code   136  air001xx_ll_tim.o(.text.LL_TIM_Init)
    LL_TIM_OC_Init                           0x08000c69   Thumb Code    80  air001xx_ll_tim.o(.text.LL_TIM_OC_Init)
    MX_GPIO_Init                             0x08000d11   Thumb Code   228  gpio.o(.text.MX_GPIO_Init)
    MX_TIM16_Init                            0x08000df5   Thumb Code    88  tim.o(.text.MX_TIM16_Init)
    MX_TIM3_Init                             0x08000e55   Thumb Code   212  tim.o(.text.MX_TIM3_Init)
    NMI_Handler                              0x08000f35   Thumb Code     2  air001xx_it.o(.text.NMI_Handler)
    PendSV_Handler                           0x0800117d   Thumb Code     2  air001xx_it.o(.text.PendSV_Handler)
    SVC_Handler                              0x0800117f   Thumb Code     2  air001xx_it.o(.text.SVC_Handler)
    SetLightByColorTemp                      0x08001181   Thumb Code    92  function.o(.text.SetLightByColorTemp)
    SysTick_Handler                          0x080011e5   Thumb Code     2  air001xx_it.o(.text.SysTick_Handler)
    SystemInit                               0x080011e9   Thumb Code    32  system_air001xx.o(.text.SystemInit)
    TIM16_IRQHandler                         0x08001219   Thumb Code    84  air001xx_it.o(.text.TIM16_IRQHandler)
    function_handle                          0x0800130d   Thumb Code   276  function.o(.text.function_handle)
    key_function                             0x08001431   Thumb Code   188  function.o(.text.key_function)
    key_handle                               0x08001509   Thumb Code   320  gpio.o(.text.key_handle)
    key_press_handle                         0x08001675   Thumb Code    60  gpio.o(.text.key_press_handle)
    $Super$$main                             0x080016c1   Thumb Code    26  main.o(.text.main)
    status_function                          0x080016dd   Thumb Code   264  function.o(.text.status_function)
    __ARM_clz                                0x08001811   Thumb Code    46  depilogue.o(i.__ARM_clz)
    __scatterload_copy                       0x0800183f   Thumb Code    14  handlers.o(i.__scatterload_copy)
    __scatterload_null                       0x0800184d   Thumb Code     2  handlers.o(i.__scatterload_null)
    __scatterload_zeroinit                   0x0800184f   Thumb Code    14  handlers.o(i.__scatterload_zeroinit)
    AHBPrescTable                            0x0800185c   Data          64  system_air001xx.o(.rodata.AHBPrescTable)
    HSIFreqTable                             0x0800189c   Data          32  system_air001xx.o(.rodata.HSIFreqTable)
    Region$$Table$$Base                      0x080018bc   Number         0  anon$$obj.o(Region$$Table)
    Region$$Table$$Limit                     0x080018dc   Number         0  anon$$obj.o(Region$$Table)
    VECT_SRAM_TAB                            0x20000000   Data         192  system_air001xx.o(.ARM.__at_0x20000000)
    ColorTemp                                0x200000c0   Data           2  function.o(.data.ColorTemp)
    SystemCoreClock                          0x200000c4   Data           4  system_air001xx.o(.data.SystemCoreClock)
    Brightness                               0x200000c8   Data           4  function.o(.bss.Brightness)
    Func_flag                                0x200000cc   Data           1  function.o(.bss.Func_flag)
    KEY_DOWN_FLAG                            0x200000cd   Data           1  gpio.o(.bss.KEY_DOWN_FLAG)
    KEY_DOWN_LONG_FLAG                       0x200000ce   Data           1  gpio.o(.bss.KEY_DOWN_LONG_FLAG)
    KEY_Dbclick_FLAG                         0x200000cf   Data           1  gpio.o(.bss.KEY_Dbclick_FLAG)
    KEY_ENTER_FLAG                           0x200000d0   Data           1  gpio.o(.bss.KEY_ENTER_FLAG)
    KEY_OK_FLAG                              0x200000d1   Data           1  gpio.o(.bss.KEY_OK_FLAG)
    KEY_QUIT_FLAG                            0x200000d2   Data           1  gpio.o(.bss.KEY_QUIT_FLAG)
    KEY_UP_FLAG                              0x200000d3   Data           1  gpio.o(.bss.KEY_UP_FLAG)
    KEY_UP_LONG_FLAG                         0x200000d4   Data           1  gpio.o(.bss.KEY_UP_LONG_FLAG)
    Key_press_flag                           0x200000d5   Data           1  gpio.o(.bss.Key_press_flag)
    LED1_Duty                                0x200000d8   Data           4  main.o(.bss.LED1_Duty)
    LED2_Duty                                0x200000dc   Data           4  main.o(.bss.LED2_Duty)
    LIGHT_flag                               0x200000e0   Data           1  function.o(.bss.LIGHT_flag)
    ONOFF_flag                               0x200000e1   Data           1  function.o(.bss.ONOFF_flag)
    TIM16_COUNTER                            0x200000e2   Data           2  air001xx_it.o(.bss.TIM16_COUNTER)
    UTILS_ClkInitStruct                      0x200000e4   Data           8  main.o(.bss.UTILS_ClkInitStruct)
    key_Dbhold_ms                            0x200000ec   Data           2  gpio.o(.bss.key_Dbhold_ms)
    key_hold_ms                              0x200000ee   Data           2  gpio.o(.bss.key_hold_ms)
    pwm_duty                                 0x200000f0   Data           4  main.o(.bss.pwm_duty)
    __initial_sp                             0x200004f8   Data           0  startup_air001_dev.o(STACK)



==============================================================================

Memory Map of the image

  Image Entry point : 0x080000c1

  Load Region LR_IROM1 (Base: 0x08000000, Size: 0x000019a8, Max: 0x00008000, ABSOLUTE)

    Execution Region ER_IROM1 (Exec base: 0x08000000, Load base: 0x08000000, Size: 0x000018dc, Max: 0x00008000, ABSOLUTE)

    Exec Addr    Load Addr    Size         Type   Attr      Idx    E Section Name        Object

    0x08000000   0x08000000   0x000000c0   Data   RO           22    RESET               startup_air001_dev.o
    0x080000c0   0x080000c0   0x00000000   Code   RO          581  * .ARM.Collect$$$$00000000  mc_p.l(entry.o)
    0x080000c0   0x080000c0   0x00000004   Code   RO          612    .ARM.Collect$$$$00000001  mc_p.l(entry2.o)
    0x080000c4   0x080000c4   0x00000004   Code   RO          615    .ARM.Collect$$$$00000004  mc_p.l(entry5.o)
    0x080000c8   0x080000c8   0x00000000   Code   RO          617    .ARM.Collect$$$$00000008  mc_p.l(entry7b.o)
    0x080000c8   0x080000c8   0x00000000   Code   RO          619    .ARM.Collect$$$$0000000A  mc_p.l(entry8b.o)
    0x080000c8   0x080000c8   0x00000008   Code   RO          620    .ARM.Collect$$$$0000000B  mc_p.l(entry9a.o)
    0x080000d0   0x080000d0   0x00000000   Code   RO          622    .ARM.Collect$$$$0000000D  mc_p.l(entry10a.o)
    0x080000d0   0x080000d0   0x00000000   Code   RO          624    .ARM.Collect$$$$0000000F  mc_p.l(entry11a.o)
    0x080000d0   0x080000d0   0x00000004   Code   RO          613    .ARM.Collect$$$$00002712  mc_p.l(entry2.o)
    0x080000d4   0x080000d4   0x0000001c   Code   RO           23    .text               startup_air001_dev.o
    0x080000f0   0x080000f0   0x0000007a   Code   RO          594    .text               mf_p.l(fmul.o)
    0x0800016a   0x0800016a   0x0000007c   Code   RO          596    .text               mf_p.l(fdiv.o)
    0x080001e6   0x080001e6   0x00000002   PAD
    0x080001e8   0x080001e8   0x00000164   Code   RO          598    .text               mf_p.l(dadd.o)
    0x0800034c   0x0800034c   0x0000001c   Code   RO          600    .text               mf_p.l(fcmpge.o)
    0x08000368   0x08000368   0x0000001c   Code   RO          602    .text               mf_p.l(fcmpgt.o)
    0x08000384   0x08000384   0x00000016   Code   RO          604    .text               mf_p.l(fflti.o)
    0x0800039a   0x0800039a   0x00000032   Code   RO          606    .text               mf_p.l(ffixi.o)
    0x080003cc   0x080003cc   0x00000028   Code   RO          608    .text               mf_p.l(f2d.o)
    0x080003f4   0x080003f4   0x00000038   Code   RO          610    .text               mf_p.l(d2f.o)
    0x0800042c   0x0800042c   0x0000003e   Code   RO          630    .text               mc_p.l(uidiv_div0.o)
    0x0800046a   0x0800046a   0x00000002   PAD
    0x0800046c   0x0800046c   0x00000050   Code   RO          632    .text               mc_p.l(idiv_div0.o)
    0x080004bc   0x080004bc   0x00000020   Code   RO          636    .text               mc_p.l(llshl.o)
    0x080004dc   0x080004dc   0x00000026   Code   RO          638    .text               mc_p.l(llsshr.o)
    0x08000502   0x08000502   0x00000000   Code   RO          640    .text               mc_p.l(iusefp.o)
    0x08000502   0x08000502   0x00000082   Code   RO          641    .text               mf_p.l(fepilogue.o)
    0x08000584   0x08000584   0x000000be   Code   RO          643    .text               mf_p.l(depilogue.o)
    0x08000642   0x08000642   0x00000002   PAD
    0x08000644   0x08000644   0x00000024   Code   RO          647    .text               mc_p.l(init.o)
    0x08000668   0x08000668   0x00000022   Code   RO          649    .text               mc_p.l(llushr.o)
    0x0800068a   0x0800068a   0x00000002   PAD
    0x0800068c   0x0800068c   0x0000002c   Code   RO            6    .text.$Sub$$main    system_air001xx.o
    0x080006b8   0x080006b8   0x00000028   Code   RO           34    .text.APP_GpioConfig  main.o
    0x080006e0   0x080006e0   0x00000054   Code   RO           32    .text.APP_SystemClockConfig  main.o
    0x08000734   0x08000734   0x00000002   Code   RO           72    .text.HardFault_Handler  air001xx_it.o
    0x08000736   0x08000736   0x00000002   PAD
    0x08000738   0x08000738   0x0000001c   Code   RO           96    .text.LL_APB1_GRP1_EnableClock  tim.o
    0x08000754   0x08000754   0x00000020   Code   RO          112    .text.LL_APB1_GRP2_EnableClock  tim.o
    0x08000774   0x08000774   0x0000000c   Code   RO          340    .text.LL_FLASH_GetLatency  air001xx_ll_utils.o
    0x08000780   0x08000780   0x00000014   Code   RO          338    .text.LL_FLASH_SetLatency  air001xx_ll_utils.o
    0x08000794   0x08000794   0x00000080   Code   RO          368    .text.LL_GPIO_Init  air001xx_ll_gpio.o
    0x08000814   0x08000814   0x0000000c   Code   RO          152    .text.LL_GPIO_IsInputPinSet  gpio.o
    0x08000820   0x08000820   0x00000004   Code   RO          148    .text.LL_GPIO_ResetOutputPin  gpio.o
    0x08000824   0x08000824   0x00000004   Code   RO          187    .text.LL_GPIO_ResetOutputPin  function.o
    0x08000828   0x08000828   0x00000014   Code   RO          376    .text.LL_GPIO_SetAFPin_0_7  air001xx_ll_gpio.o
    0x0800083c   0x0800083c   0x00000016   Code   RO          378    .text.LL_GPIO_SetAFPin_8_15  air001xx_ll_gpio.o
    0x08000852   0x08000852   0x00000006   Code   RO          185    .text.LL_GPIO_SetOutputPin  function.o
    0x08000858   0x08000858   0x00000010   Code   RO           54    .text.LL_GPIO_SetPinMode  main.o
    0x08000868   0x08000868   0x00000012   Code   RO          140    .text.LL_GPIO_SetPinMode  gpio.o
    0x0800087a   0x0800087a   0x00000012   Code   RO          370    .text.LL_GPIO_SetPinMode  air001xx_ll_gpio.o
    0x0800088c   0x0800088c   0x00000008   Code   RO          144    .text.LL_GPIO_SetPinOutputType  gpio.o
    0x08000894   0x08000894   0x0000000c   Code   RO          380    .text.LL_GPIO_SetPinOutputType  air001xx_ll_gpio.o
    0x080008a0   0x080008a0   0x00000010   Code   RO          142    .text.LL_GPIO_SetPinPull  gpio.o
    0x080008b0   0x080008b0   0x00000012   Code   RO          374    .text.LL_GPIO_SetPinPull  air001xx_ll_gpio.o
    0x080008c2   0x080008c2   0x00000012   Code   RO          146    .text.LL_GPIO_SetPinSpeed  gpio.o
    0x080008d4   0x080008d4   0x00000012   Code   RO          372    .text.LL_GPIO_SetPinSpeed  air001xx_ll_gpio.o
    0x080008e6   0x080008e6   0x00000002   PAD
    0x080008e8   0x080008e8   0x00000010   Code   RO          191    .text.LL_GPIO_TogglePin  function.o
    0x080008f8   0x080008f8   0x00000018   Code   RO           52    .text.LL_IOP_GRP1_EnableClock  main.o
    0x08000910   0x08000910   0x00000018   Code   RO           98    .text.LL_IOP_GRP1_EnableClock  tim.o
    0x08000928   0x08000928   0x0000001c   Code   RO          138    .text.LL_IOP_GRP1_EnableClock  gpio.o
    0x08000944   0x08000944   0x00000054   Code   RO          310    .text.LL_PLL_ConfigSystemClock_HSI  air001xx_ll_utils.o
    0x08000998   0x08000998   0x0000000c   Code   RO           48    .text.LL_RCC_GetSysClkSource  main.o
    0x080009a4   0x080009a4   0x0000000c   Code   RO          350    .text.LL_RCC_GetSysClkSource  air001xx_ll_utils.o
    0x080009b0   0x080009b0   0x00000010   Code   RO           38    .text.LL_RCC_HSI_Enable  main.o
    0x080009c0   0x080009c0   0x00000010   Code   RO          318    .text.LL_RCC_HSI_Enable  air001xx_ll_utils.o
    0x080009d0   0x080009d0   0x00000014   Code   RO          314    .text.LL_RCC_HSI_GetFreq  air001xx_ll_utils.o
    0x080009e4   0x080009e4   0x0000000c   Code   RO           42    .text.LL_RCC_HSI_IsReady  main.o
    0x080009f0   0x080009f0   0x0000000c   Code   RO          316    .text.LL_RCC_HSI_IsReady  air001xx_ll_utils.o
    0x080009fc   0x080009fc   0x00000018   Code   RO           40    .text.LL_RCC_HSI_SetCalibFreq  main.o
    0x08000a14   0x08000a14   0x00000018   Code   RO          110    .text.LL_RCC_LSE_SetDriveCapability  tim.o
    0x08000a2c   0x08000a2c   0x00000010   Code   RO          344    .text.LL_RCC_PLL_Enable  air001xx_ll_utils.o
    0x08000a3c   0x08000a3c   0x00000010   Code   RO          342    .text.LL_RCC_PLL_IsReady  air001xx_ll_utils.o
    0x08000a4c   0x08000a4c   0x00000014   Code   RO          320    .text.LL_RCC_PLL_SetMainSource  air001xx_ll_utils.o
    0x08000a60   0x08000a60   0x00000010   Code   RO           44    .text.LL_RCC_SetAHBPrescaler  main.o
    0x08000a70   0x08000a70   0x00000010   Code   RO          346    .text.LL_RCC_SetAHBPrescaler  air001xx_ll_utils.o
    0x08000a80   0x08000a80   0x00000010   Code   RO           50    .text.LL_RCC_SetAPB1Prescaler  main.o
    0x08000a90   0x08000a90   0x00000010   Code   RO          352    .text.LL_RCC_SetAPB1Prescaler  air001xx_ll_utils.o
    0x08000aa0   0x08000aa0   0x00000010   Code   RO           46    .text.LL_RCC_SetSysClkSource  main.o
    0x08000ab0   0x08000ab0   0x00000014   Code   RO          348    .text.LL_RCC_SetSysClkSource  air001xx_ll_utils.o
    0x08000ac4   0x08000ac4   0x00000034   Code   RO          336    .text.LL_SetFlashLatency  air001xx_ll_utils.o
    0x08000af8   0x08000af8   0x0000000c   Code   RO          308    .text.LL_SetSystemCoreClock  air001xx_ll_utils.o
    0x08000b04   0x08000b04   0x00000010   Code   RO          106    .text.LL_TIM_CC_EnableChannel  tim.o
    0x08000b14   0x08000b14   0x0000000c   Code   RO           84    .text.LL_TIM_ClearFlag_UPDATE  air001xx_it.o
    0x08000b20   0x08000b20   0x0000000c   Code   RO          118    .text.LL_TIM_DisableARRPreload  tim.o
    0x08000b2c   0x08000b2c   0x0000000c   Code   RO          124    .text.LL_TIM_DisableMasterSlaveMode  tim.o
    0x08000b38   0x08000b38   0x00000014   Code   RO          104    .text.LL_TIM_EnableAllOutputs  tim.o
    0x08000b4c   0x08000b4c   0x0000000a   Code   RO          102    .text.LL_TIM_EnableCounter  tim.o
    0x08000b56   0x08000b56   0x00000002   PAD
    0x08000b58   0x08000b58   0x00000010   Code   RO          126    .text.LL_TIM_EnableIT_UPDATE  tim.o
    0x08000b68   0x08000b68   0x0000000a   Code   RO          526    .text.LL_TIM_GenerateEvent_UPDATE  air001xx_ll_tim.o
    0x08000b72   0x08000b72   0x00000002   PAD
    0x08000b74   0x08000b74   0x00000098   Code   RO          518    .text.LL_TIM_Init   air001xx_ll_tim.o
    0x08000c0c   0x08000c0c   0x00000010   Code   RO           82    .text.LL_TIM_IsActiveFlag_UPDATE  air001xx_it.o
    0x08000c1c   0x08000c1c   0x0000004c   Code   RO          100    .text.LL_TIM_OC_EnablePreload  tim.o
    0x08000c68   0x08000c68   0x00000050   Code   RO          530    .text.LL_TIM_OC_Init  air001xx_ll_tim.o
    0x08000cb8   0x08000cb8   0x00000004   Code   RO          568    .text.LL_TIM_OC_SetCompareCH1  air001xx_ll_tim.o
    0x08000cbc   0x08000cbc   0x0000000c   Code   RO          179    .text.LL_TIM_OC_SetCompareCH2  function.o
    0x08000cc8   0x08000cc8   0x00000004   Code   RO          562    .text.LL_TIM_OC_SetCompareCH2  air001xx_ll_tim.o
    0x08000ccc   0x08000ccc   0x0000000c   Code   RO          181    .text.LL_TIM_OC_SetCompareCH3  function.o
    0x08000cd8   0x08000cd8   0x00000004   Code   RO          570    .text.LL_TIM_OC_SetCompareCH3  air001xx_ll_tim.o
    0x08000cdc   0x08000cdc   0x00000004   Code   RO          572    .text.LL_TIM_OC_SetCompareCH4  air001xx_ll_tim.o
    0x08000ce0   0x08000ce0   0x00000004   Code   RO          520    .text.LL_TIM_SetAutoReload  air001xx_ll_tim.o
    0x08000ce4   0x08000ce4   0x00000014   Code   RO          120    .text.LL_TIM_SetClockSource  tim.o
    0x08000cf8   0x08000cf8   0x00000004   Code   RO          522    .text.LL_TIM_SetPrescaler  air001xx_ll_tim.o
    0x08000cfc   0x08000cfc   0x00000004   Code   RO          524    .text.LL_TIM_SetRepetitionCounter  air001xx_ll_tim.o
    0x08000d00   0x08000d00   0x00000010   Code   RO          122    .text.LL_TIM_SetTriggerOutput  tim.o
    0x08000d10   0x08000d10   0x000000e4   Code   RO          136    .text.MX_GPIO_Init  gpio.o
    0x08000df4   0x08000df4   0x00000060   Code   RO          108    .text.MX_TIM16_Init  tim.o
    0x08000e54   0x08000e54   0x000000e0   Code   RO           94    .text.MX_TIM3_Init  tim.o
    0x08000f34   0x08000f34   0x00000002   Code   RO           70    .text.NMI_Handler   air001xx_it.o
    0x08000f36   0x08000f36   0x00000002   PAD
    0x08000f38   0x08000f38   0x00000010   Code   RO          116    .text.NVIC_EnableIRQ  tim.o
    0x08000f48   0x08000f48   0x00000018   Code   RO          114    .text.NVIC_SetPriority  tim.o
    0x08000f60   0x08000f60   0x0000007c   Code   RO          532    .text.OC1Config     air001xx_ll_tim.o
    0x08000fdc   0x08000fdc   0x00000090   Code   RO          534    .text.OC2Config     air001xx_ll_tim.o
    0x0800106c   0x0800106c   0x00000094   Code   RO          536    .text.OC3Config     air001xx_ll_tim.o
    0x08001100   0x08001100   0x0000007c   Code   RO          538    .text.OC4Config     air001xx_ll_tim.o
    0x0800117c   0x0800117c   0x00000002   Code   RO           76    .text.PendSV_Handler  air001xx_it.o
    0x0800117e   0x0800117e   0x00000002   Code   RO           74    .text.SVC_Handler   air001xx_it.o
    0x08001180   0x08001180   0x00000064   Code   RO          177    .text.SetLightByColorTemp  function.o
    0x080011e4   0x080011e4   0x00000002   Code   RO           78    .text.SysTick_Handler  air001xx_it.o
    0x080011e6   0x080011e6   0x00000002   PAD
    0x080011e8   0x080011e8   0x00000030   Code   RO            4    .text.SystemInit    system_air001xx.o
    0x08001218   0x08001218   0x00000068   Code   RO           80    .text.TIM16_IRQHandler  air001xx_it.o
    0x08001280   0x08001280   0x00000080   Code   RO          322    .text.UTILS_EnablePLLAndSwitchSystem  air001xx_ll_utils.o
    0x08001300   0x08001300   0x0000000c   Code   RO          312    .text.UTILS_PLL_IsBusy  air001xx_ll_utils.o
    0x0800130c   0x0800130c   0x00000124   Code   RO          183    .text.function_handle  function.o
    0x08001430   0x08001430   0x000000d8   Code   RO          189    .text.key_function  function.o
    0x08001508   0x08001508   0x0000016c   Code   RO          154    .text.key_handle    gpio.o
    0x08001674   0x08001674   0x0000004c   Code   RO          150    .text.key_press_handle  gpio.o
    0x080016c0   0x080016c0   0x0000001a   Code   RO           30    .text.main          main.o
    0x080016da   0x080016da   0x00000002   PAD
    0x080016dc   0x080016dc   0x00000134   Code   RO          193    .text.status_function  function.o
    0x08001810   0x08001810   0x0000002e   Code   RO          645    i.__ARM_clz         mf_p.l(depilogue.o)
    0x0800183e   0x0800183e   0x0000000e   Code   RO          653    i.__scatterload_copy  mc_p.l(handlers.o)
    0x0800184c   0x0800184c   0x00000002   Code   RO          654    i.__scatterload_null  mc_p.l(handlers.o)
    0x0800184e   0x0800184e   0x0000000e   Code   RO          655    i.__scatterload_zeroinit  mc_p.l(handlers.o)
    0x0800185c   0x0800185c   0x00000040   Data   RO            9    .rodata.AHBPrescTable  system_air001xx.o
    0x0800189c   0x0800189c   0x00000020   Data   RO           11    .rodata.HSIFreqTable  system_air001xx.o
    0x080018bc   0x080018bc   0x00000020   Data   RO          652    Region$$Table       anon$$obj.o


    Execution Region RW_IRAM1 (Exec base: 0x20000000, Load base: 0x080018e0, Size: 0x000004f8, Max: 0x00001000, ABSOLUTE)

    Exec Addr    Load Addr    Size         Type   Attr      Idx    E Section Name        Object

    0x20000000   0x080018e0   0x000000c0   Data   RW           12    .ARM.__at_0x20000000  system_air001xx.o
    0x200000c0   0x080019a0   0x00000002   Data   RW          198    .data.ColorTemp     function.o
    0x200000c2   0x080019a2   0x00000002   PAD
    0x200000c4   0x080019a4   0x00000004   Data   RW            8    .data.SystemCoreClock  system_air001xx.o
    0x200000c8        -       0x00000004   Zero   RW          199    .bss.Brightness     function.o
    0x200000cc        -       0x00000001   Zero   RW          197    .bss.Func_flag      function.o
    0x200000cd        -       0x00000001   Zero   RW          163    .bss.KEY_DOWN_FLAG  gpio.o
    0x200000ce        -       0x00000001   Zero   RW          168    .bss.KEY_DOWN_LONG_FLAG  gpio.o
    0x200000cf        -       0x00000001   Zero   RW          158    .bss.KEY_Dbclick_FLAG  gpio.o
    0x200000d0        -       0x00000001   Zero   RW          166    .bss.KEY_ENTER_FLAG  gpio.o
    0x200000d1        -       0x00000001   Zero   RW          156    .bss.KEY_OK_FLAG    gpio.o
    0x200000d2        -       0x00000001   Zero   RW          165    .bss.KEY_QUIT_FLAG  gpio.o
    0x200000d3        -       0x00000001   Zero   RW          162    .bss.KEY_UP_FLAG    gpio.o
    0x200000d4        -       0x00000001   Zero   RW          167    .bss.KEY_UP_LONG_FLAG  gpio.o
    0x200000d5        -       0x00000001   Zero   RW          161    .bss.Key_press_flag  gpio.o
    0x200000d6   0x080019a8   0x00000002   PAD
    0x200000d8        -       0x00000004   Zero   RW           60    .bss.LED1_Duty      main.o
    0x200000dc        -       0x00000004   Zero   RW           57    .bss.LED2_Duty      main.o
    0x200000e0        -       0x00000001   Zero   RW          196    .bss.LIGHT_flag     function.o
    0x200000e1        -       0x00000001   Zero   RW          195    .bss.ONOFF_flag     function.o
    0x200000e2        -       0x00000002   Zero   RW           86    .bss.TIM16_COUNTER  air001xx_it.o
    0x200000e4        -       0x00000008   Zero   RW           59    .bss.UTILS_ClkInitStruct  main.o
    0x200000ec        -       0x00000002   Zero   RW          157    .bss.key_Dbhold_ms  gpio.o
    0x200000ee        -       0x00000002   Zero   RW          164    .bss.key_hold_ms    gpio.o
    0x200000f0        -       0x00000004   Zero   RW           56    .bss.pwm_duty       main.o
    0x200000f4   0x080019a8   0x00000004   PAD
    0x200000f8        -       0x00000400   Zero   RW           20    STACK               startup_air001_dev.o


==============================================================================

Image component sizes


      Code (inc. data)   RO Data    RW Data    ZI Data      Debug   Object Name

       142         24          0          0          2       1987   air001xx_it.o
       236          0          0          0          0       4297   air001xx_ll_gpio.o
       810         40          0          0          0      11965   air001xx_ll_tim.o
       484         40          0          0          0       6864   air001xx_ll_utils.o
       966        114          0          2          7       3555   function.o
       772         64          0          0         13       3995   gpio.o
       302         28          0          0         20       3547   main.o
        28          8        192          0       1024        588   startup_air001_dev.o
        92         24         96        196          0       2227   system_air001xx.o
       666         84          0          0          0       6555   tim.o

    ----------------------------------------------------------------------
      4512        426        320        200       1072      45580   Object Totals
         0          0         32          0          0          0   (incl. Generated)
        14          0          0          2          6          0   (incl. Padding)

    ----------------------------------------------------------------------

      Code (inc. data)   RO Data    RW Data    ZI Data      Debug   Library Member Name

         0          0          0          0          0          0   entry.o
         0          0          0          0          0          0   entry10a.o
         0          0          0          0          0          0   entry11a.o
         8          4          0          0          0          0   entry2.o
         4          0          0          0          0          0   entry5.o
         0          0          0          0          0          0   entry7b.o
         0          0          0          0          0          0   entry8b.o
         8          4          0          0          0          0   entry9a.o
        30          0          0          0          0          0   handlers.o
        80          6          0          0          0         72   idiv_div0.o
        36          8          0          0          0         68   init.o
         0          0          0          0          0          0   iusefp.o
        32          0          0          0          0         68   llshl.o
        38          0          0          0          0         68   llsshr.o
        34          0          0          0          0         68   llushr.o
        62          0          0          0          0         72   uidiv_div0.o
        56          0          0          0          0         68   d2f.o
       356          4          0          0          0        140   dadd.o
       236          0          0          0          0        216   depilogue.o
        40          0          0          0          0         60   f2d.o
        28          0          0          0          0         60   fcmpge.o
        28          0          0          0          0         60   fcmpgt.o
       124          0          0          0          0         72   fdiv.o
       130          0          0          0          0        144   fepilogue.o
        50          0          0          0          0         60   ffixi.o
        22          0          0          0          0         68   fflti.o
       122          0          0          0          0         72   fmul.o

    ----------------------------------------------------------------------
      1532         26          0          0          0       1436   Library Totals
         8          0          0          0          0          0   (incl. Padding)

    ----------------------------------------------------------------------

      Code (inc. data)   RO Data    RW Data    ZI Data      Debug   Library Name

       332         22          0          0          0        416   mc_p.l
      1192          4          0          0          0       1020   mf_p.l

    ----------------------------------------------------------------------
      1532         26          0          0          0       1436   Library Totals

    ----------------------------------------------------------------------

==============================================================================


      Code (inc. data)   RO Data    RW Data    ZI Data      Debug   

      6044        452        320        200       1072      46348   Grand Totals
      6044        452        320        200       1072      46348   ELF Image Totals
      6044        452        320        200          0          0   ROM Totals

==============================================================================

    Total RO  Size (Code + RO Data)                 6364 (   6.21kB)
    Total RW  Size (RW Data + ZI Data)              1272 (   1.24kB)
    Total ROM Size (Code + RO Data + RW Data)       6564 (   6.41kB)

==============================================================================

