<!doctype html public "-//w3c//dtd html 4.0 transitional//en">
<html><head>
<title>Static Call Graph - [.\Objects\Project.axf]</title></head>
<body><HR>
<H1>Static Call Graph for image .\Objects\Project.axf</H1><HR>
<BR><P>#&#060CALLGRAPH&#062# ARM Linker, 6160001: Last Updated: Fri Jan 19 22:39:45 2024
<BR><P>
<H3>Maximum Stack Usage =        176 bytes + Unknown(Cycles, Untraceable Function Pointers)</H3><H3>
Call chain for Maximum Stack Depth:</H3>
main &rArr; $Super$$main &rArr; MX_TIM3_Init &rArr; LL_TIM_OC_Init &rArr; OC3Config
<P>
<H3>
Mutually Recursive functions
</H3> <LI><a href="#[10]">ADC_COMP_IRQHandler</a>&nbsp;&nbsp;&nbsp;&rArr;&nbsp;&nbsp;&nbsp;<a href="#[10]">ADC_COMP_IRQHandler</a><BR>
 <LI><a href="#[2]">HardFault_Handler</a>&nbsp;&nbsp;&nbsp;&rArr;&nbsp;&nbsp;&nbsp;<a href="#[2]">HardFault_Handler</a><BR>
</UL>
<P>
<H3>
Function Pointers
</H3><UL>
 <LI><a href="#[10]">ADC_COMP_IRQHandler</a> from startup_air001_dev.o(.text) referenced from startup_air001_dev.o(RESET)
 <LI><a href="#[e]">DMA1_Channel1_IRQHandler</a> from startup_air001_dev.o(.text) referenced from startup_air001_dev.o(RESET)
 <LI><a href="#[f]">DMA1_Channel2_3_IRQHandler</a> from startup_air001_dev.o(.text) referenced from startup_air001_dev.o(RESET)
 <LI><a href="#[b]">EXTI0_1_IRQHandler</a> from startup_air001_dev.o(.text) referenced from startup_air001_dev.o(RESET)
 <LI><a href="#[c]">EXTI2_3_IRQHandler</a> from startup_air001_dev.o(.text) referenced from startup_air001_dev.o(RESET)
 <LI><a href="#[d]">EXTI4_15_IRQHandler</a> from startup_air001_dev.o(.text) referenced from startup_air001_dev.o(RESET)
 <LI><a href="#[9]">FLASH_IRQHandler</a> from startup_air001_dev.o(.text) referenced from startup_air001_dev.o(RESET)
 <LI><a href="#[2]">HardFault_Handler</a> from air001xx_it.o(.text.HardFault_Handler) referenced from startup_air001_dev.o(RESET)
 <LI><a href="#[18]">I2C1_IRQHandler</a> from startup_air001_dev.o(.text) referenced from startup_air001_dev.o(RESET)
 <LI><a href="#[1d]">LED_IRQHandler</a> from startup_air001_dev.o(.text) referenced from startup_air001_dev.o(RESET)
 <LI><a href="#[14]">LPTIM1_IRQHandler</a> from startup_air001_dev.o(.text) referenced from startup_air001_dev.o(RESET)
 <LI><a href="#[1]">NMI_Handler</a> from air001xx_it.o(.text.NMI_Handler) referenced from startup_air001_dev.o(RESET)
 <LI><a href="#[7]">PVD_IRQHandler</a> from startup_air001_dev.o(.text) referenced from startup_air001_dev.o(RESET)
 <LI><a href="#[4]">PendSV_Handler</a> from air001xx_it.o(.text.PendSV_Handler) referenced from startup_air001_dev.o(RESET)
 <LI><a href="#[a]">RCC_IRQHandler</a> from startup_air001_dev.o(.text) referenced from startup_air001_dev.o(RESET)
 <LI><a href="#[8]">RTC_IRQHandler</a> from startup_air001_dev.o(.text) referenced from startup_air001_dev.o(RESET)
 <LI><a href="#[0]">Reset_Handler</a> from startup_air001_dev.o(.text) referenced from startup_air001_dev.o(RESET)
 <LI><a href="#[19]">SPI1_IRQHandler</a> from startup_air001_dev.o(.text) referenced from startup_air001_dev.o(RESET)
 <LI><a href="#[1a]">SPI2_IRQHandler</a> from startup_air001_dev.o(.text) referenced from startup_air001_dev.o(RESET)
 <LI><a href="#[3]">SVC_Handler</a> from air001xx_it.o(.text.SVC_Handler) referenced from startup_air001_dev.o(RESET)
 <LI><a href="#[5]">SysTick_Handler</a> from air001xx_it.o(.text.SysTick_Handler) referenced from startup_air001_dev.o(RESET)
 <LI><a href="#[1f]">SystemInit</a> from system_air001xx.o(.text.SystemInit) referenced from startup_air001_dev.o(.text)
 <LI><a href="#[15]">TIM14_IRQHandler</a> from startup_air001_dev.o(.text) referenced from startup_air001_dev.o(RESET)
 <LI><a href="#[16]">TIM16_IRQHandler</a> from air001xx_it.o(.text.TIM16_IRQHandler) referenced from startup_air001_dev.o(RESET)
 <LI><a href="#[17]">TIM17_IRQHandler</a> from startup_air001_dev.o(.text) referenced from startup_air001_dev.o(RESET)
 <LI><a href="#[11]">TIM1_BRK_UP_TRG_COM_IRQHandler</a> from startup_air001_dev.o(.text) referenced from startup_air001_dev.o(RESET)
 <LI><a href="#[12]">TIM1_CC_IRQHandler</a> from startup_air001_dev.o(.text) referenced from startup_air001_dev.o(RESET)
 <LI><a href="#[13]">TIM3_IRQHandler</a> from startup_air001_dev.o(.text) referenced from startup_air001_dev.o(RESET)
 <LI><a href="#[1b]">USART1_IRQHandler</a> from startup_air001_dev.o(.text) referenced from startup_air001_dev.o(RESET)
 <LI><a href="#[1c]">USART2_IRQHandler</a> from startup_air001_dev.o(.text) referenced from startup_air001_dev.o(RESET)
 <LI><a href="#[6]">WWDG_IRQHandler</a> from startup_air001_dev.o(.text) referenced from startup_air001_dev.o(RESET)
 <LI><a href="#[20]">__main</a> from entry.o(.ARM.Collect$$$$00000000) referenced from startup_air001_dev.o(.text)
 <LI><a href="#[1e]">main</a> from system_air001xx.o(.text.$Sub$$main) referenced from entry9a.o(.ARM.Collect$$$$0000000B)
</UL>
<P>
<H3>
Global Symbols
</H3>
<P><STRONG><a name="[20]"></a>__main</STRONG> (Thumb, 0 bytes, Stack size unknown bytes, entry.o(.ARM.Collect$$$$00000000))
<BR>[Address Reference Count : 1]<UL><LI> startup_air001_dev.o(.text)
</UL>
<P><STRONG><a name="[92]"></a>_main_stk</STRONG> (Thumb, 0 bytes, Stack size unknown bytes, entry2.o(.ARM.Collect$$$$00000001))

<P><STRONG><a name="[21]"></a>_main_scatterload</STRONG> (Thumb, 0 bytes, Stack size unknown bytes, entry5.o(.ARM.Collect$$$$00000004))
<BR><BR>[Calls]<UL><LI><a href="#[22]">&gt;&gt;</a>&nbsp;&nbsp;&nbsp;__scatterload
</UL>

<P><STRONG><a name="[33]"></a>__main_after_scatterload</STRONG> (Thumb, 0 bytes, Stack size unknown bytes, entry5.o(.ARM.Collect$$$$00000004))
<BR><BR>[Called By]<UL><LI><a href="#[22]">&gt;&gt;</a>&nbsp;&nbsp;&nbsp;__scatterload
</UL>

<P><STRONG><a name="[93]"></a>_main_clock</STRONG> (Thumb, 0 bytes, Stack size unknown bytes, entry7b.o(.ARM.Collect$$$$00000008))

<P><STRONG><a name="[94]"></a>_main_cpp_init</STRONG> (Thumb, 0 bytes, Stack size unknown bytes, entry8b.o(.ARM.Collect$$$$0000000A))

<P><STRONG><a name="[95]"></a>_main_init</STRONG> (Thumb, 0 bytes, Stack size unknown bytes, entry9a.o(.ARM.Collect$$$$0000000B))

<P><STRONG><a name="[96]"></a>__rt_final_cpp</STRONG> (Thumb, 0 bytes, Stack size unknown bytes, entry10a.o(.ARM.Collect$$$$0000000D))

<P><STRONG><a name="[97]"></a>__rt_final_exit</STRONG> (Thumb, 0 bytes, Stack size unknown bytes, entry11a.o(.ARM.Collect$$$$0000000F))

<P><STRONG><a name="[0]"></a>Reset_Handler</STRONG> (Thumb, 8 bytes, Stack size 0 bytes, startup_air001_dev.o(.text))
<BR>[Address Reference Count : 1]<UL><LI> startup_air001_dev.o(RESET)
</UL>
<P><STRONG><a name="[10]"></a>ADC_COMP_IRQHandler</STRONG> (Thumb, 0 bytes, Stack size 0 bytes, startup_air001_dev.o(.text))
<BR><BR>[Calls]<UL><LI><a href="#[10]">&gt;&gt;</a>&nbsp;&nbsp;&nbsp;ADC_COMP_IRQHandler
</UL>
<BR>[Called By]<UL><LI><a href="#[10]">&gt;&gt;</a>&nbsp;&nbsp;&nbsp;ADC_COMP_IRQHandler
</UL>
<BR>[Address Reference Count : 1]<UL><LI> startup_air001_dev.o(RESET)
</UL>
<P><STRONG><a name="[e]"></a>DMA1_Channel1_IRQHandler</STRONG> (Thumb, 0 bytes, Stack size 0 bytes, startup_air001_dev.o(.text))
<BR>[Address Reference Count : 1]<UL><LI> startup_air001_dev.o(RESET)
</UL>
<P><STRONG><a name="[f]"></a>DMA1_Channel2_3_IRQHandler</STRONG> (Thumb, 0 bytes, Stack size 0 bytes, startup_air001_dev.o(.text))
<BR>[Address Reference Count : 1]<UL><LI> startup_air001_dev.o(RESET)
</UL>
<P><STRONG><a name="[b]"></a>EXTI0_1_IRQHandler</STRONG> (Thumb, 0 bytes, Stack size 0 bytes, startup_air001_dev.o(.text))
<BR>[Address Reference Count : 1]<UL><LI> startup_air001_dev.o(RESET)
</UL>
<P><STRONG><a name="[c]"></a>EXTI2_3_IRQHandler</STRONG> (Thumb, 0 bytes, Stack size 0 bytes, startup_air001_dev.o(.text))
<BR>[Address Reference Count : 1]<UL><LI> startup_air001_dev.o(RESET)
</UL>
<P><STRONG><a name="[d]"></a>EXTI4_15_IRQHandler</STRONG> (Thumb, 0 bytes, Stack size 0 bytes, startup_air001_dev.o(.text))
<BR>[Address Reference Count : 1]<UL><LI> startup_air001_dev.o(RESET)
</UL>
<P><STRONG><a name="[9]"></a>FLASH_IRQHandler</STRONG> (Thumb, 0 bytes, Stack size 0 bytes, startup_air001_dev.o(.text))
<BR>[Address Reference Count : 1]<UL><LI> startup_air001_dev.o(RESET)
</UL>
<P><STRONG><a name="[18]"></a>I2C1_IRQHandler</STRONG> (Thumb, 0 bytes, Stack size 0 bytes, startup_air001_dev.o(.text))
<BR>[Address Reference Count : 1]<UL><LI> startup_air001_dev.o(RESET)
</UL>
<P><STRONG><a name="[1d]"></a>LED_IRQHandler</STRONG> (Thumb, 0 bytes, Stack size 0 bytes, startup_air001_dev.o(.text))
<BR>[Address Reference Count : 1]<UL><LI> startup_air001_dev.o(RESET)
</UL>
<P><STRONG><a name="[14]"></a>LPTIM1_IRQHandler</STRONG> (Thumb, 0 bytes, Stack size 0 bytes, startup_air001_dev.o(.text))
<BR>[Address Reference Count : 1]<UL><LI> startup_air001_dev.o(RESET)
</UL>
<P><STRONG><a name="[7]"></a>PVD_IRQHandler</STRONG> (Thumb, 0 bytes, Stack size 0 bytes, startup_air001_dev.o(.text))
<BR>[Address Reference Count : 1]<UL><LI> startup_air001_dev.o(RESET)
</UL>
<P><STRONG><a name="[a]"></a>RCC_IRQHandler</STRONG> (Thumb, 0 bytes, Stack size 0 bytes, startup_air001_dev.o(.text))
<BR>[Address Reference Count : 1]<UL><LI> startup_air001_dev.o(RESET)
</UL>
<P><STRONG><a name="[8]"></a>RTC_IRQHandler</STRONG> (Thumb, 0 bytes, Stack size 0 bytes, startup_air001_dev.o(.text))
<BR>[Address Reference Count : 1]<UL><LI> startup_air001_dev.o(RESET)
</UL>
<P><STRONG><a name="[19]"></a>SPI1_IRQHandler</STRONG> (Thumb, 0 bytes, Stack size 0 bytes, startup_air001_dev.o(.text))
<BR>[Address Reference Count : 1]<UL><LI> startup_air001_dev.o(RESET)
</UL>
<P><STRONG><a name="[1a]"></a>SPI2_IRQHandler</STRONG> (Thumb, 0 bytes, Stack size 0 bytes, startup_air001_dev.o(.text))
<BR>[Address Reference Count : 1]<UL><LI> startup_air001_dev.o(RESET)
</UL>
<P><STRONG><a name="[15]"></a>TIM14_IRQHandler</STRONG> (Thumb, 0 bytes, Stack size 0 bytes, startup_air001_dev.o(.text))
<BR>[Address Reference Count : 1]<UL><LI> startup_air001_dev.o(RESET)
</UL>
<P><STRONG><a name="[17]"></a>TIM17_IRQHandler</STRONG> (Thumb, 0 bytes, Stack size 0 bytes, startup_air001_dev.o(.text))
<BR>[Address Reference Count : 1]<UL><LI> startup_air001_dev.o(RESET)
</UL>
<P><STRONG><a name="[11]"></a>TIM1_BRK_UP_TRG_COM_IRQHandler</STRONG> (Thumb, 0 bytes, Stack size 0 bytes, startup_air001_dev.o(.text))
<BR>[Address Reference Count : 1]<UL><LI> startup_air001_dev.o(RESET)
</UL>
<P><STRONG><a name="[12]"></a>TIM1_CC_IRQHandler</STRONG> (Thumb, 0 bytes, Stack size 0 bytes, startup_air001_dev.o(.text))
<BR>[Address Reference Count : 1]<UL><LI> startup_air001_dev.o(RESET)
</UL>
<P><STRONG><a name="[13]"></a>TIM3_IRQHandler</STRONG> (Thumb, 0 bytes, Stack size 0 bytes, startup_air001_dev.o(.text))
<BR>[Address Reference Count : 1]<UL><LI> startup_air001_dev.o(RESET)
</UL>
<P><STRONG><a name="[1b]"></a>USART1_IRQHandler</STRONG> (Thumb, 0 bytes, Stack size 0 bytes, startup_air001_dev.o(.text))
<BR>[Address Reference Count : 1]<UL><LI> startup_air001_dev.o(RESET)
</UL>
<P><STRONG><a name="[1c]"></a>USART2_IRQHandler</STRONG> (Thumb, 0 bytes, Stack size 0 bytes, startup_air001_dev.o(.text))
<BR>[Address Reference Count : 1]<UL><LI> startup_air001_dev.o(RESET)
</UL>
<P><STRONG><a name="[6]"></a>WWDG_IRQHandler</STRONG> (Thumb, 0 bytes, Stack size 0 bytes, startup_air001_dev.o(.text))
<BR>[Address Reference Count : 1]<UL><LI> startup_air001_dev.o(RESET)
</UL>
<P><STRONG><a name="[7a]"></a>__aeabi_fmul</STRONG> (Thumb, 122 bytes, Stack size 16 bytes, fmul.o(.text))
<BR><BR>[Stack]<UL><LI>Max Depth = 16<LI>Call Chain = __aeabi_fmul
</UL>
<BR>[Called By]<UL><LI><a href="#[78]">&gt;&gt;</a>&nbsp;&nbsp;&nbsp;SetLightByColorTemp
<LI><a href="#[83]">&gt;&gt;</a>&nbsp;&nbsp;&nbsp;status_function
</UL>

<P><STRONG><a name="[23]"></a>__aeabi_fdiv</STRONG> (Thumb, 124 bytes, Stack size 16 bytes, fdiv.o(.text))
<BR><BR>[Stack]<UL><LI>Max Depth = 16<LI>Call Chain = __aeabi_fdiv
</UL>
<BR>[Calls]<UL><LI><a href="#[24]">&gt;&gt;</a>&nbsp;&nbsp;&nbsp;_float_round
</UL>
<BR>[Called By]<UL><LI><a href="#[82]">&gt;&gt;</a>&nbsp;&nbsp;&nbsp;key_function
</UL>

<P><STRONG><a name="[25]"></a>__aeabi_dadd</STRONG> (Thumb, 328 bytes, Stack size 48 bytes, dadd.o(.text))
<BR><BR>[Stack]<UL><LI>Max Depth = 104<LI>Call Chain = __aeabi_dadd &rArr; _double_epilogue &rArr; _double_round
</UL>
<BR>[Calls]<UL><LI><a href="#[29]">&gt;&gt;</a>&nbsp;&nbsp;&nbsp;_double_round
<LI><a href="#[28]">&gt;&gt;</a>&nbsp;&nbsp;&nbsp;_double_epilogue
<LI><a href="#[27]">&gt;&gt;</a>&nbsp;&nbsp;&nbsp;__aeabi_lasr
<LI><a href="#[26]">&gt;&gt;</a>&nbsp;&nbsp;&nbsp;__aeabi_llsl
</UL>
<BR>[Called By]<UL><LI><a href="#[2b]">&gt;&gt;</a>&nbsp;&nbsp;&nbsp;__aeabi_drsub
<LI><a href="#[2a]">&gt;&gt;</a>&nbsp;&nbsp;&nbsp;__aeabi_dsub
<LI><a href="#[83]">&gt;&gt;</a>&nbsp;&nbsp;&nbsp;status_function
</UL>

<P><STRONG><a name="[2a]"></a>__aeabi_dsub</STRONG> (Thumb, 12 bytes, Stack size 8 bytes, dadd.o(.text), UNUSED)
<BR><BR>[Calls]<UL><LI><a href="#[25]">&gt;&gt;</a>&nbsp;&nbsp;&nbsp;__aeabi_dadd
</UL>

<P><STRONG><a name="[2b]"></a>__aeabi_drsub</STRONG> (Thumb, 12 bytes, Stack size 8 bytes, dadd.o(.text), UNUSED)
<BR><BR>[Calls]<UL><LI><a href="#[25]">&gt;&gt;</a>&nbsp;&nbsp;&nbsp;__aeabi_dadd
</UL>

<P><STRONG><a name="[91]"></a>__aeabi_fcmpge</STRONG> (Thumb, 28 bytes, Stack size 0 bytes, fcmpge.o(.text))
<BR><BR>[Called By]<UL><LI><a href="#[83]">&gt;&gt;</a>&nbsp;&nbsp;&nbsp;status_function
</UL>

<P><STRONG><a name="[90]"></a>__aeabi_fcmpgt</STRONG> (Thumb, 28 bytes, Stack size 0 bytes, fcmpgt.o(.text))
<BR><BR>[Called By]<UL><LI><a href="#[83]">&gt;&gt;</a>&nbsp;&nbsp;&nbsp;status_function
</UL>

<P><STRONG><a name="[2c]"></a>__aeabi_i2f</STRONG> (Thumb, 22 bytes, Stack size 8 bytes, fflti.o(.text))
<BR><BR>[Stack]<UL><LI>Max Depth = 20<LI>Call Chain = __aeabi_i2f &rArr; _float_epilogue
</UL>
<BR>[Calls]<UL><LI><a href="#[2d]">&gt;&gt;</a>&nbsp;&nbsp;&nbsp;_float_epilogue
</UL>
<BR>[Called By]<UL><LI><a href="#[78]">&gt;&gt;</a>&nbsp;&nbsp;&nbsp;SetLightByColorTemp
<LI><a href="#[82]">&gt;&gt;</a>&nbsp;&nbsp;&nbsp;key_function
</UL>

<P><STRONG><a name="[7b]"></a>__aeabi_f2iz</STRONG> (Thumb, 50 bytes, Stack size 0 bytes, ffixi.o(.text))
<BR><BR>[Called By]<UL><LI><a href="#[78]">&gt;&gt;</a>&nbsp;&nbsp;&nbsp;SetLightByColorTemp
<LI><a href="#[83]">&gt;&gt;</a>&nbsp;&nbsp;&nbsp;status_function
</UL>

<P><STRONG><a name="[8f]"></a>__aeabi_f2d</STRONG> (Thumb, 40 bytes, Stack size 0 bytes, f2d.o(.text))
<BR><BR>[Called By]<UL><LI><a href="#[83]">&gt;&gt;</a>&nbsp;&nbsp;&nbsp;status_function
</UL>

<P><STRONG><a name="[2e]"></a>__aeabi_d2f</STRONG> (Thumb, 56 bytes, Stack size 8 bytes, d2f.o(.text))
<BR><BR>[Stack]<UL><LI>Max Depth = 8<LI>Call Chain = __aeabi_d2f
</UL>
<BR>[Calls]<UL><LI><a href="#[24]">&gt;&gt;</a>&nbsp;&nbsp;&nbsp;_float_round
</UL>
<BR>[Called By]<UL><LI><a href="#[83]">&gt;&gt;</a>&nbsp;&nbsp;&nbsp;status_function
</UL>

<P><STRONG><a name="[98]"></a>__aeabi_uidiv</STRONG> (Thumb, 0 bytes, Stack size 16 bytes, uidiv_div0.o(.text), UNUSED)

<P><STRONG><a name="[30]"></a>__aeabi_uidivmod</STRONG> (Thumb, 62 bytes, Stack size 16 bytes, uidiv_div0.o(.text), UNUSED)
<BR><BR>[Called By]<UL><LI><a href="#[2f]">&gt;&gt;</a>&nbsp;&nbsp;&nbsp;__aeabi_idivmod$div0
</UL>

<P><STRONG><a name="[79]"></a>__aeabi_idiv</STRONG> (Thumb, 0 bytes, Stack size 16 bytes, idiv_div0.o(.text))
<BR><BR>[Stack]<UL><LI>Max Depth = 16<LI>Call Chain = __aeabi_idiv
</UL>
<BR>[Called By]<UL><LI><a href="#[78]">&gt;&gt;</a>&nbsp;&nbsp;&nbsp;SetLightByColorTemp
</UL>

<P><STRONG><a name="[2f]"></a>__aeabi_idivmod$div0</STRONG> (Thumb, 74 bytes, Stack size 16 bytes, idiv_div0.o(.text), UNUSED)
<BR><BR>[Calls]<UL><LI><a href="#[30]">&gt;&gt;</a>&nbsp;&nbsp;&nbsp;__aeabi_uidivmod
</UL>

<P><STRONG><a name="[26]"></a>__aeabi_llsl</STRONG> (Thumb, 32 bytes, Stack size 8 bytes, llshl.o(.text))
<BR><BR>[Stack]<UL><LI>Max Depth = 8<LI>Call Chain = __aeabi_llsl
</UL>
<BR>[Called By]<UL><LI><a href="#[28]">&gt;&gt;</a>&nbsp;&nbsp;&nbsp;_double_epilogue
<LI><a href="#[25]">&gt;&gt;</a>&nbsp;&nbsp;&nbsp;__aeabi_dadd
</UL>

<P><STRONG><a name="[99]"></a>_ll_shift_l</STRONG> (Thumb, 0 bytes, Stack size 8 bytes, llshl.o(.text), UNUSED)

<P><STRONG><a name="[27]"></a>__aeabi_lasr</STRONG> (Thumb, 38 bytes, Stack size 8 bytes, llsshr.o(.text))
<BR><BR>[Stack]<UL><LI>Max Depth = 8<LI>Call Chain = __aeabi_lasr
</UL>
<BR>[Called By]<UL><LI><a href="#[25]">&gt;&gt;</a>&nbsp;&nbsp;&nbsp;__aeabi_dadd
</UL>

<P><STRONG><a name="[9a]"></a>_ll_sshift_r</STRONG> (Thumb, 0 bytes, Stack size 8 bytes, llsshr.o(.text), UNUSED)

<P><STRONG><a name="[9b]"></a>__I$use$fp</STRONG> (Thumb, 0 bytes, Stack size 0 bytes, iusefp.o(.text), UNUSED)

<P><STRONG><a name="[24]"></a>_float_round</STRONG> (Thumb, 16 bytes, Stack size 0 bytes, fepilogue.o(.text))
<BR><BR>[Called By]<UL><LI><a href="#[23]">&gt;&gt;</a>&nbsp;&nbsp;&nbsp;__aeabi_fdiv
<LI><a href="#[2e]">&gt;&gt;</a>&nbsp;&nbsp;&nbsp;__aeabi_d2f
</UL>

<P><STRONG><a name="[2d]"></a>_float_epilogue</STRONG> (Thumb, 114 bytes, Stack size 12 bytes, fepilogue.o(.text))
<BR><BR>[Stack]<UL><LI>Max Depth = 12<LI>Call Chain = _float_epilogue
</UL>
<BR>[Called By]<UL><LI><a href="#[2c]">&gt;&gt;</a>&nbsp;&nbsp;&nbsp;__aeabi_i2f
</UL>

<P><STRONG><a name="[29]"></a>_double_round</STRONG> (Thumb, 26 bytes, Stack size 8 bytes, depilogue.o(.text))
<BR><BR>[Stack]<UL><LI>Max Depth = 8<LI>Call Chain = _double_round
</UL>
<BR>[Called By]<UL><LI><a href="#[28]">&gt;&gt;</a>&nbsp;&nbsp;&nbsp;_double_epilogue
<LI><a href="#[25]">&gt;&gt;</a>&nbsp;&nbsp;&nbsp;__aeabi_dadd
</UL>

<P><STRONG><a name="[28]"></a>_double_epilogue</STRONG> (Thumb, 164 bytes, Stack size 48 bytes, depilogue.o(.text))
<BR><BR>[Stack]<UL><LI>Max Depth = 56<LI>Call Chain = _double_epilogue &rArr; _double_round
</UL>
<BR>[Calls]<UL><LI><a href="#[29]">&gt;&gt;</a>&nbsp;&nbsp;&nbsp;_double_round
<LI><a href="#[32]">&gt;&gt;</a>&nbsp;&nbsp;&nbsp;__aeabi_llsr
<LI><a href="#[31]">&gt;&gt;</a>&nbsp;&nbsp;&nbsp;__ARM_clz
<LI><a href="#[26]">&gt;&gt;</a>&nbsp;&nbsp;&nbsp;__aeabi_llsl
</UL>
<BR>[Called By]<UL><LI><a href="#[25]">&gt;&gt;</a>&nbsp;&nbsp;&nbsp;__aeabi_dadd
</UL>

<P><STRONG><a name="[22]"></a>__scatterload</STRONG> (Thumb, 28 bytes, Stack size 0 bytes, init.o(.text))
<BR><BR>[Calls]<UL><LI><a href="#[33]">&gt;&gt;</a>&nbsp;&nbsp;&nbsp;__main_after_scatterload
</UL>
<BR>[Called By]<UL><LI><a href="#[21]">&gt;&gt;</a>&nbsp;&nbsp;&nbsp;_main_scatterload
</UL>

<P><STRONG><a name="[9c]"></a>__scatterload_rt2</STRONG> (Thumb, 0 bytes, Stack size 0 bytes, init.o(.text), UNUSED)

<P><STRONG><a name="[32]"></a>__aeabi_llsr</STRONG> (Thumb, 34 bytes, Stack size 8 bytes, llushr.o(.text))
<BR><BR>[Stack]<UL><LI>Max Depth = 8<LI>Call Chain = __aeabi_llsr
</UL>
<BR>[Called By]<UL><LI><a href="#[28]">&gt;&gt;</a>&nbsp;&nbsp;&nbsp;_double_epilogue
</UL>

<P><STRONG><a name="[9d]"></a>_ll_ushift_r</STRONG> (Thumb, 0 bytes, Stack size 8 bytes, llushr.o(.text), UNUSED)

<P><STRONG><a name="[1e]"></a>main</STRONG> (Thumb, 36 bytes, Stack size 8 bytes, system_air001xx.o(.text.$Sub$$main))
<BR><BR>[Stack]<UL><LI>Max Depth = 176<LI>Call Chain = main &rArr; $Super$$main &rArr; MX_TIM3_Init &rArr; LL_TIM_OC_Init &rArr; OC3Config
</UL>
<BR>[Calls]<UL><LI><a href="#[34]">&gt;&gt;</a>&nbsp;&nbsp;&nbsp;$Super$$main
</UL>
<BR>[Address Reference Count : 1]<UL><LI> entry9a.o(.ARM.Collect$$$$0000000B)
</UL>
<P><STRONG><a name="[2]"></a>HardFault_Handler</STRONG> (Thumb, 2 bytes, Stack size 0 bytes, air001xx_it.o(.text.HardFault_Handler))
<BR><BR>[Calls]<UL><LI><a href="#[2]">&gt;&gt;</a>&nbsp;&nbsp;&nbsp;HardFault_Handler
</UL>
<BR>[Called By]<UL><LI><a href="#[2]">&gt;&gt;</a>&nbsp;&nbsp;&nbsp;HardFault_Handler
</UL>
<BR>[Address Reference Count : 1]<UL><LI> startup_air001_dev.o(RESET)
</UL>
<P><STRONG><a name="[42]"></a>LL_GPIO_Init</STRONG> (Thumb, 128 bytes, Stack size 24 bytes, air001xx_ll_gpio.o(.text.LL_GPIO_Init))
<BR><BR>[Stack]<UL><LI>Max Depth = 24<LI>Call Chain = LL_GPIO_Init
</UL>
<BR>[Calls]<UL><LI><a href="#[45]">&gt;&gt;</a>&nbsp;&nbsp;&nbsp;LL_GPIO_SetPinSpeed
<LI><a href="#[46]">&gt;&gt;</a>&nbsp;&nbsp;&nbsp;LL_GPIO_SetPinPull
<LI><a href="#[48]">&gt;&gt;</a>&nbsp;&nbsp;&nbsp;LL_GPIO_SetPinOutputType
<LI><a href="#[44]">&gt;&gt;</a>&nbsp;&nbsp;&nbsp;LL_GPIO_SetPinMode
<LI><a href="#[43]">&gt;&gt;</a>&nbsp;&nbsp;&nbsp;LL_GPIO_SetAFPin_8_15
<LI><a href="#[47]">&gt;&gt;</a>&nbsp;&nbsp;&nbsp;LL_GPIO_SetAFPin_0_7
</UL>
<BR>[Called By]<UL><LI><a href="#[6e]">&gt;&gt;</a>&nbsp;&nbsp;&nbsp;MX_TIM3_Init
</UL>

<P><STRONG><a name="[3c]"></a>LL_PLL_ConfigSystemClock_HSI</STRONG> (Thumb, 80 bytes, Stack size 16 bytes, air001xx_ll_utils.o(.text.LL_PLL_ConfigSystemClock_HSI))
<BR><BR>[Stack]<UL><LI>Max Depth = 56<LI>Call Chain = LL_PLL_ConfigSystemClock_HSI &rArr; UTILS_EnablePLLAndSwitchSystem &rArr; LL_SetFlashLatency
</UL>
<BR>[Calls]<UL><LI><a href="#[49]">&gt;&gt;</a>&nbsp;&nbsp;&nbsp;UTILS_PLL_IsBusy
<LI><a href="#[4e]">&gt;&gt;</a>&nbsp;&nbsp;&nbsp;UTILS_EnablePLLAndSwitchSystem
<LI><a href="#[4d]">&gt;&gt;</a>&nbsp;&nbsp;&nbsp;LL_RCC_PLL_SetMainSource
<LI><a href="#[4b]">&gt;&gt;</a>&nbsp;&nbsp;&nbsp;LL_RCC_HSI_IsReady
<LI><a href="#[4a]">&gt;&gt;</a>&nbsp;&nbsp;&nbsp;LL_RCC_HSI_GetFreq
<LI><a href="#[4c]">&gt;&gt;</a>&nbsp;&nbsp;&nbsp;LL_RCC_HSI_Enable
</UL>
<BR>[Called By]<UL><LI><a href="#[38]">&gt;&gt;</a>&nbsp;&nbsp;&nbsp;APP_SystemClockConfig
</UL>

<P><STRONG><a name="[4f]"></a>LL_SetFlashLatency</STRONG> (Thumb, 48 bytes, Stack size 16 bytes, air001xx_ll_utils.o(.text.LL_SetFlashLatency))
<BR><BR>[Stack]<UL><LI>Max Depth = 16<LI>Call Chain = LL_SetFlashLatency
</UL>
<BR>[Calls]<UL><LI><a href="#[50]">&gt;&gt;</a>&nbsp;&nbsp;&nbsp;LL_FLASH_SetLatency
<LI><a href="#[51]">&gt;&gt;</a>&nbsp;&nbsp;&nbsp;LL_FLASH_GetLatency
</UL>
<BR>[Called By]<UL><LI><a href="#[4e]">&gt;&gt;</a>&nbsp;&nbsp;&nbsp;UTILS_EnablePLLAndSwitchSystem
</UL>

<P><STRONG><a name="[41]"></a>LL_SetSystemCoreClock</STRONG> (Thumb, 8 bytes, Stack size 0 bytes, air001xx_ll_utils.o(.text.LL_SetSystemCoreClock))
<BR><BR>[Called By]<UL><LI><a href="#[4e]">&gt;&gt;</a>&nbsp;&nbsp;&nbsp;UTILS_EnablePLLAndSwitchSystem
<LI><a href="#[38]">&gt;&gt;</a>&nbsp;&nbsp;&nbsp;APP_SystemClockConfig
</UL>

<P><STRONG><a name="[52]"></a>LL_TIM_Init</STRONG> (Thumb, 136 bytes, Stack size 16 bytes, air001xx_ll_tim.o(.text.LL_TIM_Init))
<BR><BR>[Stack]<UL><LI>Max Depth = 16<LI>Call Chain = LL_TIM_Init
</UL>
<BR>[Calls]<UL><LI><a href="#[55]">&gt;&gt;</a>&nbsp;&nbsp;&nbsp;LL_TIM_SetRepetitionCounter
<LI><a href="#[54]">&gt;&gt;</a>&nbsp;&nbsp;&nbsp;LL_TIM_SetPrescaler
<LI><a href="#[53]">&gt;&gt;</a>&nbsp;&nbsp;&nbsp;LL_TIM_SetAutoReload
<LI><a href="#[56]">&gt;&gt;</a>&nbsp;&nbsp;&nbsp;LL_TIM_GenerateEvent_UPDATE
</UL>
<BR>[Called By]<UL><LI><a href="#[6e]">&gt;&gt;</a>&nbsp;&nbsp;&nbsp;MX_TIM3_Init
<LI><a href="#[63]">&gt;&gt;</a>&nbsp;&nbsp;&nbsp;MX_TIM16_Init
</UL>

<P><STRONG><a name="[57]"></a>LL_TIM_OC_Init</STRONG> (Thumb, 80 bytes, Stack size 16 bytes, air001xx_ll_tim.o(.text.LL_TIM_OC_Init))
<BR><BR>[Stack]<UL><LI>Max Depth = 56<LI>Call Chain = LL_TIM_OC_Init &rArr; OC3Config
</UL>
<BR>[Calls]<UL><LI><a href="#[59]">&gt;&gt;</a>&nbsp;&nbsp;&nbsp;OC4Config
<LI><a href="#[5b]">&gt;&gt;</a>&nbsp;&nbsp;&nbsp;OC3Config
<LI><a href="#[58]">&gt;&gt;</a>&nbsp;&nbsp;&nbsp;OC2Config
<LI><a href="#[5a]">&gt;&gt;</a>&nbsp;&nbsp;&nbsp;OC1Config
</UL>
<BR>[Called By]<UL><LI><a href="#[6e]">&gt;&gt;</a>&nbsp;&nbsp;&nbsp;MX_TIM3_Init
</UL>

<P><STRONG><a name="[5c]"></a>MX_GPIO_Init</STRONG> (Thumb, 228 bytes, Stack size 24 bytes, gpio.o(.text.MX_GPIO_Init))
<BR><BR>[Stack]<UL><LI>Max Depth = 28<LI>Call Chain = MX_GPIO_Init &rArr; LL_IOP_GRP1_EnableClock
</UL>
<BR>[Calls]<UL><LI><a href="#[5d]">&gt;&gt;</a>&nbsp;&nbsp;&nbsp;LL_IOP_GRP1_EnableClock
<LI><a href="#[61]">&gt;&gt;</a>&nbsp;&nbsp;&nbsp;LL_GPIO_SetPinSpeed
<LI><a href="#[5f]">&gt;&gt;</a>&nbsp;&nbsp;&nbsp;LL_GPIO_SetPinPull
<LI><a href="#[60]">&gt;&gt;</a>&nbsp;&nbsp;&nbsp;LL_GPIO_SetPinOutputType
<LI><a href="#[5e]">&gt;&gt;</a>&nbsp;&nbsp;&nbsp;LL_GPIO_SetPinMode
<LI><a href="#[62]">&gt;&gt;</a>&nbsp;&nbsp;&nbsp;LL_GPIO_ResetOutputPin
</UL>
<BR>[Called By]<UL><LI><a href="#[34]">&gt;&gt;</a>&nbsp;&nbsp;&nbsp;$Super$$main
</UL>

<P><STRONG><a name="[63]"></a>MX_TIM16_Init</STRONG> (Thumb, 88 bytes, Stack size 32 bytes, tim.o(.text.MX_TIM16_Init))
<BR><BR>[Stack]<UL><LI>Max Depth = 48<LI>Call Chain = MX_TIM16_Init &rArr; LL_TIM_Init
</UL>
<BR>[Calls]<UL><LI><a href="#[52]">&gt;&gt;</a>&nbsp;&nbsp;&nbsp;LL_TIM_Init
<LI><a href="#[66]">&gt;&gt;</a>&nbsp;&nbsp;&nbsp;NVIC_SetPriority
<LI><a href="#[67]">&gt;&gt;</a>&nbsp;&nbsp;&nbsp;NVIC_EnableIRQ
<LI><a href="#[6a]">&gt;&gt;</a>&nbsp;&nbsp;&nbsp;LL_TIM_SetTriggerOutput
<LI><a href="#[69]">&gt;&gt;</a>&nbsp;&nbsp;&nbsp;LL_TIM_SetClockSource
<LI><a href="#[6c]">&gt;&gt;</a>&nbsp;&nbsp;&nbsp;LL_TIM_EnableIT_UPDATE
<LI><a href="#[6d]">&gt;&gt;</a>&nbsp;&nbsp;&nbsp;LL_TIM_EnableCounter
<LI><a href="#[6b]">&gt;&gt;</a>&nbsp;&nbsp;&nbsp;LL_TIM_DisableMasterSlaveMode
<LI><a href="#[68]">&gt;&gt;</a>&nbsp;&nbsp;&nbsp;LL_TIM_DisableARRPreload
<LI><a href="#[64]">&gt;&gt;</a>&nbsp;&nbsp;&nbsp;LL_RCC_LSE_SetDriveCapability
<LI><a href="#[65]">&gt;&gt;</a>&nbsp;&nbsp;&nbsp;LL_APB1_GRP2_EnableClock
</UL>
<BR>[Called By]<UL><LI><a href="#[34]">&gt;&gt;</a>&nbsp;&nbsp;&nbsp;$Super$$main
</UL>

<P><STRONG><a name="[6e]"></a>MX_TIM3_Init</STRONG> (Thumb, 212 bytes, Stack size 112 bytes, tim.o(.text.MX_TIM3_Init))
<BR><BR>[Stack]<UL><LI>Max Depth = 168<LI>Call Chain = MX_TIM3_Init &rArr; LL_TIM_OC_Init &rArr; OC3Config
</UL>
<BR>[Calls]<UL><LI><a href="#[57]">&gt;&gt;</a>&nbsp;&nbsp;&nbsp;LL_TIM_OC_Init
<LI><a href="#[52]">&gt;&gt;</a>&nbsp;&nbsp;&nbsp;LL_TIM_Init
<LI><a href="#[42]">&gt;&gt;</a>&nbsp;&nbsp;&nbsp;LL_GPIO_Init
<LI><a href="#[71]">&gt;&gt;</a>&nbsp;&nbsp;&nbsp;LL_TIM_OC_EnablePreload
<LI><a href="#[6d]">&gt;&gt;</a>&nbsp;&nbsp;&nbsp;LL_TIM_EnableCounter
<LI><a href="#[72]">&gt;&gt;</a>&nbsp;&nbsp;&nbsp;LL_TIM_EnableAllOutputs
<LI><a href="#[73]">&gt;&gt;</a>&nbsp;&nbsp;&nbsp;LL_TIM_CC_EnableChannel
<LI><a href="#[70]">&gt;&gt;</a>&nbsp;&nbsp;&nbsp;LL_IOP_GRP1_EnableClock
<LI><a href="#[6f]">&gt;&gt;</a>&nbsp;&nbsp;&nbsp;LL_APB1_GRP1_EnableClock
</UL>
<BR>[Called By]<UL><LI><a href="#[34]">&gt;&gt;</a>&nbsp;&nbsp;&nbsp;$Super$$main
</UL>

<P><STRONG><a name="[1]"></a>NMI_Handler</STRONG> (Thumb, 2 bytes, Stack size 0 bytes, air001xx_it.o(.text.NMI_Handler))
<BR>[Address Reference Count : 1]<UL><LI> startup_air001_dev.o(RESET)
</UL>
<P><STRONG><a name="[4]"></a>PendSV_Handler</STRONG> (Thumb, 2 bytes, Stack size 0 bytes, air001xx_it.o(.text.PendSV_Handler))
<BR>[Address Reference Count : 1]<UL><LI> startup_air001_dev.o(RESET)
</UL>
<P><STRONG><a name="[3]"></a>SVC_Handler</STRONG> (Thumb, 2 bytes, Stack size 0 bytes, air001xx_it.o(.text.SVC_Handler))
<BR>[Address Reference Count : 1]<UL><LI> startup_air001_dev.o(RESET)
</UL>
<P><STRONG><a name="[78]"></a>SetLightByColorTemp</STRONG> (Thumb, 92 bytes, Stack size 16 bytes, function.o(.text.SetLightByColorTemp))
<BR><BR>[Stack]<UL><LI>Max Depth = 36<LI>Call Chain = SetLightByColorTemp &rArr; __aeabi_i2f &rArr; _float_epilogue
</UL>
<BR>[Calls]<UL><LI><a href="#[2c]">&gt;&gt;</a>&nbsp;&nbsp;&nbsp;__aeabi_i2f
<LI><a href="#[7a]">&gt;&gt;</a>&nbsp;&nbsp;&nbsp;__aeabi_fmul
<LI><a href="#[7b]">&gt;&gt;</a>&nbsp;&nbsp;&nbsp;__aeabi_f2iz
<LI><a href="#[7d]">&gt;&gt;</a>&nbsp;&nbsp;&nbsp;LL_TIM_OC_SetCompareCH3
<LI><a href="#[7c]">&gt;&gt;</a>&nbsp;&nbsp;&nbsp;LL_TIM_OC_SetCompareCH2
<LI><a href="#[79]">&gt;&gt;</a>&nbsp;&nbsp;&nbsp;__aeabi_idiv
</UL>
<BR>[Called By]<UL><LI><a href="#[8a]">&gt;&gt;</a>&nbsp;&nbsp;&nbsp;function_handle
</UL>

<P><STRONG><a name="[5]"></a>SysTick_Handler</STRONG> (Thumb, 2 bytes, Stack size 0 bytes, air001xx_it.o(.text.SysTick_Handler))
<BR>[Address Reference Count : 1]<UL><LI> startup_air001_dev.o(RESET)
</UL>
<P><STRONG><a name="[1f]"></a>SystemInit</STRONG> (Thumb, 32 bytes, Stack size 0 bytes, system_air001xx.o(.text.SystemInit))
<BR>[Address Reference Count : 1]<UL><LI> startup_air001_dev.o(.text)
</UL>
<P><STRONG><a name="[16]"></a>TIM16_IRQHandler</STRONG> (Thumb, 84 bytes, Stack size 16 bytes, air001xx_it.o(.text.TIM16_IRQHandler))
<BR><BR>[Stack]<UL><LI>Max Depth = 144<LI>Call Chain = TIM16_IRQHandler &rArr; status_function &rArr; __aeabi_dadd &rArr; _double_epilogue &rArr; _double_round
</UL>
<BR>[Calls]<UL><LI><a href="#[83]">&gt;&gt;</a>&nbsp;&nbsp;&nbsp;status_function
<LI><a href="#[80]">&gt;&gt;</a>&nbsp;&nbsp;&nbsp;key_press_handle
<LI><a href="#[81]">&gt;&gt;</a>&nbsp;&nbsp;&nbsp;key_handle
<LI><a href="#[82]">&gt;&gt;</a>&nbsp;&nbsp;&nbsp;key_function
<LI><a href="#[7e]">&gt;&gt;</a>&nbsp;&nbsp;&nbsp;LL_TIM_IsActiveFlag_UPDATE
<LI><a href="#[7f]">&gt;&gt;</a>&nbsp;&nbsp;&nbsp;LL_TIM_ClearFlag_UPDATE
</UL>
<BR>[Address Reference Count : 1]<UL><LI> startup_air001_dev.o(RESET)
</UL>
<P><STRONG><a name="[8a]"></a>function_handle</STRONG> (Thumb, 276 bytes, Stack size 16 bytes, function.o(.text.function_handle))
<BR><BR>[Stack]<UL><LI>Max Depth = 52<LI>Call Chain = function_handle &rArr; SetLightByColorTemp &rArr; __aeabi_i2f &rArr; _float_epilogue
</UL>
<BR>[Calls]<UL><LI><a href="#[78]">&gt;&gt;</a>&nbsp;&nbsp;&nbsp;SetLightByColorTemp
<LI><a href="#[7d]">&gt;&gt;</a>&nbsp;&nbsp;&nbsp;LL_TIM_OC_SetCompareCH3
<LI><a href="#[7c]">&gt;&gt;</a>&nbsp;&nbsp;&nbsp;LL_TIM_OC_SetCompareCH2
<LI><a href="#[8b]">&gt;&gt;</a>&nbsp;&nbsp;&nbsp;LL_GPIO_SetOutputPin
<LI><a href="#[8c]">&gt;&gt;</a>&nbsp;&nbsp;&nbsp;LL_GPIO_ResetOutputPin
</UL>
<BR>[Called By]<UL><LI><a href="#[34]">&gt;&gt;</a>&nbsp;&nbsp;&nbsp;$Super$$main
</UL>

<P><STRONG><a name="[82]"></a>key_function</STRONG> (Thumb, 188 bytes, Stack size 8 bytes, function.o(.text.key_function))
<BR><BR>[Stack]<UL><LI>Max Depth = 28<LI>Call Chain = key_function &rArr; __aeabi_i2f &rArr; _float_epilogue
</UL>
<BR>[Calls]<UL><LI><a href="#[2c]">&gt;&gt;</a>&nbsp;&nbsp;&nbsp;__aeabi_i2f
<LI><a href="#[23]">&gt;&gt;</a>&nbsp;&nbsp;&nbsp;__aeabi_fdiv
<LI><a href="#[8d]">&gt;&gt;</a>&nbsp;&nbsp;&nbsp;LL_GPIO_TogglePin
</UL>
<BR>[Called By]<UL><LI><a href="#[16]">&gt;&gt;</a>&nbsp;&nbsp;&nbsp;TIM16_IRQHandler
</UL>

<P><STRONG><a name="[81]"></a>key_handle</STRONG> (Thumb, 320 bytes, Stack size 24 bytes, gpio.o(.text.key_handle))
<BR><BR>[Stack]<UL><LI>Max Depth = 24<LI>Call Chain = key_handle
</UL>
<BR>[Calls]<UL><LI><a href="#[8e]">&gt;&gt;</a>&nbsp;&nbsp;&nbsp;LL_GPIO_IsInputPinSet
</UL>
<BR>[Called By]<UL><LI><a href="#[16]">&gt;&gt;</a>&nbsp;&nbsp;&nbsp;TIM16_IRQHandler
</UL>

<P><STRONG><a name="[80]"></a>key_press_handle</STRONG> (Thumb, 60 bytes, Stack size 8 bytes, gpio.o(.text.key_press_handle))
<BR><BR>[Stack]<UL><LI>Max Depth = 8<LI>Call Chain = key_press_handle
</UL>
<BR>[Calls]<UL><LI><a href="#[8e]">&gt;&gt;</a>&nbsp;&nbsp;&nbsp;LL_GPIO_IsInputPinSet
</UL>
<BR>[Called By]<UL><LI><a href="#[16]">&gt;&gt;</a>&nbsp;&nbsp;&nbsp;TIM16_IRQHandler
</UL>

<P><STRONG><a name="[34]"></a>$Super$$main</STRONG> (Thumb, 26 bytes, Stack size 0 bytes, main.o(.text.main))
<BR><BR>[Stack]<UL><LI>Max Depth = 168<LI>Call Chain = $Super$$main &rArr; MX_TIM3_Init &rArr; LL_TIM_OC_Init &rArr; OC3Config
</UL>
<BR>[Calls]<UL><LI><a href="#[8a]">&gt;&gt;</a>&nbsp;&nbsp;&nbsp;function_handle
<LI><a href="#[6e]">&gt;&gt;</a>&nbsp;&nbsp;&nbsp;MX_TIM3_Init
<LI><a href="#[63]">&gt;&gt;</a>&nbsp;&nbsp;&nbsp;MX_TIM16_Init
<LI><a href="#[5c]">&gt;&gt;</a>&nbsp;&nbsp;&nbsp;MX_GPIO_Init
<LI><a href="#[38]">&gt;&gt;</a>&nbsp;&nbsp;&nbsp;APP_SystemClockConfig
<LI><a href="#[35]">&gt;&gt;</a>&nbsp;&nbsp;&nbsp;APP_GpioConfig
</UL>
<BR>[Called By]<UL><LI><a href="#[1e]">&gt;&gt;</a>&nbsp;&nbsp;&nbsp;main
</UL>

<P><STRONG><a name="[83]"></a>status_function</STRONG> (Thumb, 264 bytes, Stack size 24 bytes, function.o(.text.status_function))
<BR><BR>[Stack]<UL><LI>Max Depth = 128<LI>Call Chain = status_function &rArr; __aeabi_dadd &rArr; _double_epilogue &rArr; _double_round
</UL>
<BR>[Calls]<UL><LI><a href="#[7a]">&gt;&gt;</a>&nbsp;&nbsp;&nbsp;__aeabi_fmul
<LI><a href="#[90]">&gt;&gt;</a>&nbsp;&nbsp;&nbsp;__aeabi_fcmpgt
<LI><a href="#[91]">&gt;&gt;</a>&nbsp;&nbsp;&nbsp;__aeabi_fcmpge
<LI><a href="#[7b]">&gt;&gt;</a>&nbsp;&nbsp;&nbsp;__aeabi_f2iz
<LI><a href="#[8f]">&gt;&gt;</a>&nbsp;&nbsp;&nbsp;__aeabi_f2d
<LI><a href="#[25]">&gt;&gt;</a>&nbsp;&nbsp;&nbsp;__aeabi_dadd
<LI><a href="#[2e]">&gt;&gt;</a>&nbsp;&nbsp;&nbsp;__aeabi_d2f
<LI><a href="#[8d]">&gt;&gt;</a>&nbsp;&nbsp;&nbsp;LL_GPIO_TogglePin
<LI><a href="#[8b]">&gt;&gt;</a>&nbsp;&nbsp;&nbsp;LL_GPIO_SetOutputPin
<LI><a href="#[8c]">&gt;&gt;</a>&nbsp;&nbsp;&nbsp;LL_GPIO_ResetOutputPin
</UL>
<BR>[Called By]<UL><LI><a href="#[16]">&gt;&gt;</a>&nbsp;&nbsp;&nbsp;TIM16_IRQHandler
</UL>

<P><STRONG><a name="[31]"></a>__ARM_clz</STRONG> (Thumb, 46 bytes, Stack size 0 bytes, depilogue.o(i.__ARM_clz))
<BR><BR>[Called By]<UL><LI><a href="#[28]">&gt;&gt;</a>&nbsp;&nbsp;&nbsp;_double_epilogue
</UL>

<P><STRONG><a name="[9e]"></a>__scatterload_copy</STRONG> (Thumb, 14 bytes, Stack size unknown bytes, handlers.o(i.__scatterload_copy), UNUSED)

<P><STRONG><a name="[9f]"></a>__scatterload_null</STRONG> (Thumb, 2 bytes, Stack size unknown bytes, handlers.o(i.__scatterload_null), UNUSED)

<P><STRONG><a name="[a0]"></a>__scatterload_zeroinit</STRONG> (Thumb, 14 bytes, Stack size unknown bytes, handlers.o(i.__scatterload_zeroinit), UNUSED)
<P>
<H3>
Local Symbols
</H3>
<P><STRONG><a name="[35]"></a>APP_GpioConfig</STRONG> (Thumb, 36 bytes, Stack size 8 bytes, main.o(.text.APP_GpioConfig))
<BR><BR>[Stack]<UL><LI>Max Depth = 12<LI>Call Chain = APP_GpioConfig &rArr; LL_IOP_GRP1_EnableClock
</UL>
<BR>[Calls]<UL><LI><a href="#[36]">&gt;&gt;</a>&nbsp;&nbsp;&nbsp;LL_IOP_GRP1_EnableClock
<LI><a href="#[37]">&gt;&gt;</a>&nbsp;&nbsp;&nbsp;LL_GPIO_SetPinMode
</UL>
<BR>[Called By]<UL><LI><a href="#[34]">&gt;&gt;</a>&nbsp;&nbsp;&nbsp;$Super$$main
</UL>

<P><STRONG><a name="[38]"></a>APP_SystemClockConfig</STRONG> (Thumb, 68 bytes, Stack size 8 bytes, main.o(.text.APP_SystemClockConfig))
<BR><BR>[Stack]<UL><LI>Max Depth = 64<LI>Call Chain = APP_SystemClockConfig &rArr; LL_PLL_ConfigSystemClock_HSI &rArr; UTILS_EnablePLLAndSwitchSystem &rArr; LL_SetFlashLatency
</UL>
<BR>[Calls]<UL><LI><a href="#[41]">&gt;&gt;</a>&nbsp;&nbsp;&nbsp;LL_SetSystemCoreClock
<LI><a href="#[3c]">&gt;&gt;</a>&nbsp;&nbsp;&nbsp;LL_PLL_ConfigSystemClock_HSI
<LI><a href="#[3e]">&gt;&gt;</a>&nbsp;&nbsp;&nbsp;LL_RCC_SetSysClkSource
<LI><a href="#[40]">&gt;&gt;</a>&nbsp;&nbsp;&nbsp;LL_RCC_SetAPB1Prescaler
<LI><a href="#[3d]">&gt;&gt;</a>&nbsp;&nbsp;&nbsp;LL_RCC_SetAHBPrescaler
<LI><a href="#[3a]">&gt;&gt;</a>&nbsp;&nbsp;&nbsp;LL_RCC_HSI_SetCalibFreq
<LI><a href="#[3b]">&gt;&gt;</a>&nbsp;&nbsp;&nbsp;LL_RCC_HSI_IsReady
<LI><a href="#[39]">&gt;&gt;</a>&nbsp;&nbsp;&nbsp;LL_RCC_HSI_Enable
<LI><a href="#[3f]">&gt;&gt;</a>&nbsp;&nbsp;&nbsp;LL_RCC_GetSysClkSource
</UL>
<BR>[Called By]<UL><LI><a href="#[34]">&gt;&gt;</a>&nbsp;&nbsp;&nbsp;$Super$$main
</UL>

<P><STRONG><a name="[37]"></a>LL_GPIO_SetPinMode</STRONG> (Thumb, 16 bytes, Stack size 0 bytes, main.o(.text.LL_GPIO_SetPinMode))
<BR><BR>[Called By]<UL><LI><a href="#[35]">&gt;&gt;</a>&nbsp;&nbsp;&nbsp;APP_GpioConfig
</UL>

<P><STRONG><a name="[36]"></a>LL_IOP_GRP1_EnableClock</STRONG> (Thumb, 24 bytes, Stack size 4 bytes, main.o(.text.LL_IOP_GRP1_EnableClock))
<BR><BR>[Stack]<UL><LI>Max Depth = 4<LI>Call Chain = LL_IOP_GRP1_EnableClock
</UL>
<BR>[Called By]<UL><LI><a href="#[35]">&gt;&gt;</a>&nbsp;&nbsp;&nbsp;APP_GpioConfig
</UL>

<P><STRONG><a name="[3f]"></a>LL_RCC_GetSysClkSource</STRONG> (Thumb, 12 bytes, Stack size 0 bytes, main.o(.text.LL_RCC_GetSysClkSource))
<BR><BR>[Called By]<UL><LI><a href="#[38]">&gt;&gt;</a>&nbsp;&nbsp;&nbsp;APP_SystemClockConfig
</UL>

<P><STRONG><a name="[39]"></a>LL_RCC_HSI_Enable</STRONG> (Thumb, 16 bytes, Stack size 0 bytes, main.o(.text.LL_RCC_HSI_Enable))
<BR><BR>[Called By]<UL><LI><a href="#[38]">&gt;&gt;</a>&nbsp;&nbsp;&nbsp;APP_SystemClockConfig
</UL>

<P><STRONG><a name="[3b]"></a>LL_RCC_HSI_IsReady</STRONG> (Thumb, 12 bytes, Stack size 0 bytes, main.o(.text.LL_RCC_HSI_IsReady))
<BR><BR>[Called By]<UL><LI><a href="#[38]">&gt;&gt;</a>&nbsp;&nbsp;&nbsp;APP_SystemClockConfig
</UL>

<P><STRONG><a name="[3a]"></a>LL_RCC_HSI_SetCalibFreq</STRONG> (Thumb, 16 bytes, Stack size 0 bytes, main.o(.text.LL_RCC_HSI_SetCalibFreq))
<BR><BR>[Called By]<UL><LI><a href="#[38]">&gt;&gt;</a>&nbsp;&nbsp;&nbsp;APP_SystemClockConfig
</UL>

<P><STRONG><a name="[3d]"></a>LL_RCC_SetAHBPrescaler</STRONG> (Thumb, 16 bytes, Stack size 0 bytes, main.o(.text.LL_RCC_SetAHBPrescaler))
<BR><BR>[Called By]<UL><LI><a href="#[38]">&gt;&gt;</a>&nbsp;&nbsp;&nbsp;APP_SystemClockConfig
</UL>

<P><STRONG><a name="[40]"></a>LL_RCC_SetAPB1Prescaler</STRONG> (Thumb, 16 bytes, Stack size 0 bytes, main.o(.text.LL_RCC_SetAPB1Prescaler))
<BR><BR>[Called By]<UL><LI><a href="#[38]">&gt;&gt;</a>&nbsp;&nbsp;&nbsp;APP_SystemClockConfig
</UL>

<P><STRONG><a name="[3e]"></a>LL_RCC_SetSysClkSource</STRONG> (Thumb, 16 bytes, Stack size 0 bytes, main.o(.text.LL_RCC_SetSysClkSource))
<BR><BR>[Called By]<UL><LI><a href="#[38]">&gt;&gt;</a>&nbsp;&nbsp;&nbsp;APP_SystemClockConfig
</UL>

<P><STRONG><a name="[7f]"></a>LL_TIM_ClearFlag_UPDATE</STRONG> (Thumb, 12 bytes, Stack size 0 bytes, air001xx_it.o(.text.LL_TIM_ClearFlag_UPDATE))
<BR><BR>[Called By]<UL><LI><a href="#[16]">&gt;&gt;</a>&nbsp;&nbsp;&nbsp;TIM16_IRQHandler
</UL>

<P><STRONG><a name="[7e]"></a>LL_TIM_IsActiveFlag_UPDATE</STRONG> (Thumb, 12 bytes, Stack size 0 bytes, air001xx_it.o(.text.LL_TIM_IsActiveFlag_UPDATE))
<BR><BR>[Called By]<UL><LI><a href="#[16]">&gt;&gt;</a>&nbsp;&nbsp;&nbsp;TIM16_IRQHandler
</UL>

<P><STRONG><a name="[6f]"></a>LL_APB1_GRP1_EnableClock</STRONG> (Thumb, 24 bytes, Stack size 4 bytes, tim.o(.text.LL_APB1_GRP1_EnableClock))
<BR><BR>[Stack]<UL><LI>Max Depth = 4<LI>Call Chain = LL_APB1_GRP1_EnableClock
</UL>
<BR>[Called By]<UL><LI><a href="#[6e]">&gt;&gt;</a>&nbsp;&nbsp;&nbsp;MX_TIM3_Init
</UL>

<P><STRONG><a name="[65]"></a>LL_APB1_GRP2_EnableClock</STRONG> (Thumb, 28 bytes, Stack size 4 bytes, tim.o(.text.LL_APB1_GRP2_EnableClock))
<BR><BR>[Stack]<UL><LI>Max Depth = 4<LI>Call Chain = LL_APB1_GRP2_EnableClock
</UL>
<BR>[Called By]<UL><LI><a href="#[63]">&gt;&gt;</a>&nbsp;&nbsp;&nbsp;MX_TIM16_Init
</UL>

<P><STRONG><a name="[70]"></a>LL_IOP_GRP1_EnableClock</STRONG> (Thumb, 24 bytes, Stack size 4 bytes, tim.o(.text.LL_IOP_GRP1_EnableClock))
<BR><BR>[Stack]<UL><LI>Max Depth = 4<LI>Call Chain = LL_IOP_GRP1_EnableClock
</UL>
<BR>[Called By]<UL><LI><a href="#[6e]">&gt;&gt;</a>&nbsp;&nbsp;&nbsp;MX_TIM3_Init
</UL>

<P><STRONG><a name="[64]"></a>LL_RCC_LSE_SetDriveCapability</STRONG> (Thumb, 20 bytes, Stack size 0 bytes, tim.o(.text.LL_RCC_LSE_SetDriveCapability))
<BR><BR>[Called By]<UL><LI><a href="#[63]">&gt;&gt;</a>&nbsp;&nbsp;&nbsp;MX_TIM16_Init
</UL>

<P><STRONG><a name="[73]"></a>LL_TIM_CC_EnableChannel</STRONG> (Thumb, 12 bytes, Stack size 0 bytes, tim.o(.text.LL_TIM_CC_EnableChannel))
<BR><BR>[Called By]<UL><LI><a href="#[6e]">&gt;&gt;</a>&nbsp;&nbsp;&nbsp;MX_TIM3_Init
</UL>

<P><STRONG><a name="[68]"></a>LL_TIM_DisableARRPreload</STRONG> (Thumb, 12 bytes, Stack size 0 bytes, tim.o(.text.LL_TIM_DisableARRPreload))
<BR><BR>[Called By]<UL><LI><a href="#[63]">&gt;&gt;</a>&nbsp;&nbsp;&nbsp;MX_TIM16_Init
</UL>

<P><STRONG><a name="[6b]"></a>LL_TIM_DisableMasterSlaveMode</STRONG> (Thumb, 12 bytes, Stack size 0 bytes, tim.o(.text.LL_TIM_DisableMasterSlaveMode))
<BR><BR>[Called By]<UL><LI><a href="#[63]">&gt;&gt;</a>&nbsp;&nbsp;&nbsp;MX_TIM16_Init
</UL>

<P><STRONG><a name="[72]"></a>LL_TIM_EnableAllOutputs</STRONG> (Thumb, 16 bytes, Stack size 0 bytes, tim.o(.text.LL_TIM_EnableAllOutputs))
<BR><BR>[Called By]<UL><LI><a href="#[6e]">&gt;&gt;</a>&nbsp;&nbsp;&nbsp;MX_TIM3_Init
</UL>

<P><STRONG><a name="[6d]"></a>LL_TIM_EnableCounter</STRONG> (Thumb, 10 bytes, Stack size 0 bytes, tim.o(.text.LL_TIM_EnableCounter))
<BR><BR>[Called By]<UL><LI><a href="#[6e]">&gt;&gt;</a>&nbsp;&nbsp;&nbsp;MX_TIM3_Init
<LI><a href="#[63]">&gt;&gt;</a>&nbsp;&nbsp;&nbsp;MX_TIM16_Init
</UL>

<P><STRONG><a name="[6c]"></a>LL_TIM_EnableIT_UPDATE</STRONG> (Thumb, 12 bytes, Stack size 0 bytes, tim.o(.text.LL_TIM_EnableIT_UPDATE))
<BR><BR>[Called By]<UL><LI><a href="#[63]">&gt;&gt;</a>&nbsp;&nbsp;&nbsp;MX_TIM16_Init
</UL>

<P><STRONG><a name="[71]"></a>LL_TIM_OC_EnablePreload</STRONG> (Thumb, 56 bytes, Stack size 8 bytes, tim.o(.text.LL_TIM_OC_EnablePreload))
<BR><BR>[Stack]<UL><LI>Max Depth = 8<LI>Call Chain = LL_TIM_OC_EnablePreload
</UL>
<BR>[Called By]<UL><LI><a href="#[6e]">&gt;&gt;</a>&nbsp;&nbsp;&nbsp;MX_TIM3_Init
</UL>

<P><STRONG><a name="[69]"></a>LL_TIM_SetClockSource</STRONG> (Thumb, 12 bytes, Stack size 0 bytes, tim.o(.text.LL_TIM_SetClockSource))
<BR><BR>[Called By]<UL><LI><a href="#[63]">&gt;&gt;</a>&nbsp;&nbsp;&nbsp;MX_TIM16_Init
</UL>

<P><STRONG><a name="[6a]"></a>LL_TIM_SetTriggerOutput</STRONG> (Thumb, 12 bytes, Stack size 0 bytes, tim.o(.text.LL_TIM_SetTriggerOutput))
<BR><BR>[Called By]<UL><LI><a href="#[63]">&gt;&gt;</a>&nbsp;&nbsp;&nbsp;MX_TIM16_Init
</UL>

<P><STRONG><a name="[67]"></a>NVIC_EnableIRQ</STRONG> (Thumb, 12 bytes, Stack size 0 bytes, tim.o(.text.NVIC_EnableIRQ))
<BR><BR>[Called By]<UL><LI><a href="#[63]">&gt;&gt;</a>&nbsp;&nbsp;&nbsp;MX_TIM16_Init
</UL>

<P><STRONG><a name="[66]"></a>NVIC_SetPriority</STRONG> (Thumb, 20 bytes, Stack size 0 bytes, tim.o(.text.NVIC_SetPriority))
<BR><BR>[Called By]<UL><LI><a href="#[63]">&gt;&gt;</a>&nbsp;&nbsp;&nbsp;MX_TIM16_Init
</UL>

<P><STRONG><a name="[8e]"></a>LL_GPIO_IsInputPinSet</STRONG> (Thumb, 12 bytes, Stack size 0 bytes, gpio.o(.text.LL_GPIO_IsInputPinSet))
<BR><BR>[Called By]<UL><LI><a href="#[80]">&gt;&gt;</a>&nbsp;&nbsp;&nbsp;key_press_handle
<LI><a href="#[81]">&gt;&gt;</a>&nbsp;&nbsp;&nbsp;key_handle
</UL>

<P><STRONG><a name="[62]"></a>LL_GPIO_ResetOutputPin</STRONG> (Thumb, 4 bytes, Stack size 0 bytes, gpio.o(.text.LL_GPIO_ResetOutputPin))
<BR><BR>[Called By]<UL><LI><a href="#[5c]">&gt;&gt;</a>&nbsp;&nbsp;&nbsp;MX_GPIO_Init
</UL>

<P><STRONG><a name="[5e]"></a>LL_GPIO_SetPinMode</STRONG> (Thumb, 18 bytes, Stack size 0 bytes, gpio.o(.text.LL_GPIO_SetPinMode))
<BR><BR>[Called By]<UL><LI><a href="#[5c]">&gt;&gt;</a>&nbsp;&nbsp;&nbsp;MX_GPIO_Init
</UL>

<P><STRONG><a name="[60]"></a>LL_GPIO_SetPinOutputType</STRONG> (Thumb, 8 bytes, Stack size 0 bytes, gpio.o(.text.LL_GPIO_SetPinOutputType))
<BR><BR>[Called By]<UL><LI><a href="#[5c]">&gt;&gt;</a>&nbsp;&nbsp;&nbsp;MX_GPIO_Init
</UL>

<P><STRONG><a name="[5f]"></a>LL_GPIO_SetPinPull</STRONG> (Thumb, 16 bytes, Stack size 0 bytes, gpio.o(.text.LL_GPIO_SetPinPull))
<BR><BR>[Called By]<UL><LI><a href="#[5c]">&gt;&gt;</a>&nbsp;&nbsp;&nbsp;MX_GPIO_Init
</UL>

<P><STRONG><a name="[61]"></a>LL_GPIO_SetPinSpeed</STRONG> (Thumb, 18 bytes, Stack size 0 bytes, gpio.o(.text.LL_GPIO_SetPinSpeed))
<BR><BR>[Called By]<UL><LI><a href="#[5c]">&gt;&gt;</a>&nbsp;&nbsp;&nbsp;MX_GPIO_Init
</UL>

<P><STRONG><a name="[5d]"></a>LL_IOP_GRP1_EnableClock</STRONG> (Thumb, 24 bytes, Stack size 4 bytes, gpio.o(.text.LL_IOP_GRP1_EnableClock))
<BR><BR>[Stack]<UL><LI>Max Depth = 4<LI>Call Chain = LL_IOP_GRP1_EnableClock
</UL>
<BR>[Called By]<UL><LI><a href="#[5c]">&gt;&gt;</a>&nbsp;&nbsp;&nbsp;MX_GPIO_Init
</UL>

<P><STRONG><a name="[8c]"></a>LL_GPIO_ResetOutputPin</STRONG> (Thumb, 4 bytes, Stack size 0 bytes, function.o(.text.LL_GPIO_ResetOutputPin))
<BR><BR>[Called By]<UL><LI><a href="#[83]">&gt;&gt;</a>&nbsp;&nbsp;&nbsp;status_function
<LI><a href="#[8a]">&gt;&gt;</a>&nbsp;&nbsp;&nbsp;function_handle
</UL>

<P><STRONG><a name="[8b]"></a>LL_GPIO_SetOutputPin</STRONG> (Thumb, 6 bytes, Stack size 0 bytes, function.o(.text.LL_GPIO_SetOutputPin))
<BR><BR>[Called By]<UL><LI><a href="#[83]">&gt;&gt;</a>&nbsp;&nbsp;&nbsp;status_function
<LI><a href="#[8a]">&gt;&gt;</a>&nbsp;&nbsp;&nbsp;function_handle
</UL>

<P><STRONG><a name="[8d]"></a>LL_GPIO_TogglePin</STRONG> (Thumb, 12 bytes, Stack size 0 bytes, function.o(.text.LL_GPIO_TogglePin))
<BR><BR>[Called By]<UL><LI><a href="#[83]">&gt;&gt;</a>&nbsp;&nbsp;&nbsp;status_function
<LI><a href="#[82]">&gt;&gt;</a>&nbsp;&nbsp;&nbsp;key_function
</UL>

<P><STRONG><a name="[7c]"></a>LL_TIM_OC_SetCompareCH2</STRONG> (Thumb, 8 bytes, Stack size 0 bytes, function.o(.text.LL_TIM_OC_SetCompareCH2))
<BR><BR>[Called By]<UL><LI><a href="#[78]">&gt;&gt;</a>&nbsp;&nbsp;&nbsp;SetLightByColorTemp
<LI><a href="#[8a]">&gt;&gt;</a>&nbsp;&nbsp;&nbsp;function_handle
</UL>

<P><STRONG><a name="[7d]"></a>LL_TIM_OC_SetCompareCH3</STRONG> (Thumb, 8 bytes, Stack size 0 bytes, function.o(.text.LL_TIM_OC_SetCompareCH3))
<BR><BR>[Called By]<UL><LI><a href="#[78]">&gt;&gt;</a>&nbsp;&nbsp;&nbsp;SetLightByColorTemp
<LI><a href="#[8a]">&gt;&gt;</a>&nbsp;&nbsp;&nbsp;function_handle
</UL>

<P><STRONG><a name="[51]"></a>LL_FLASH_GetLatency</STRONG> (Thumb, 12 bytes, Stack size 0 bytes, air001xx_ll_utils.o(.text.LL_FLASH_GetLatency))
<BR><BR>[Called By]<UL><LI><a href="#[4f]">&gt;&gt;</a>&nbsp;&nbsp;&nbsp;LL_SetFlashLatency
</UL>

<P><STRONG><a name="[50]"></a>LL_FLASH_SetLatency</STRONG> (Thumb, 16 bytes, Stack size 0 bytes, air001xx_ll_utils.o(.text.LL_FLASH_SetLatency))
<BR><BR>[Called By]<UL><LI><a href="#[4f]">&gt;&gt;</a>&nbsp;&nbsp;&nbsp;LL_SetFlashLatency
</UL>

<P><STRONG><a name="[88]"></a>LL_RCC_GetSysClkSource</STRONG> (Thumb, 12 bytes, Stack size 0 bytes, air001xx_ll_utils.o(.text.LL_RCC_GetSysClkSource))
<BR><BR>[Called By]<UL><LI><a href="#[4e]">&gt;&gt;</a>&nbsp;&nbsp;&nbsp;UTILS_EnablePLLAndSwitchSystem
</UL>

<P><STRONG><a name="[4c]"></a>LL_RCC_HSI_Enable</STRONG> (Thumb, 16 bytes, Stack size 0 bytes, air001xx_ll_utils.o(.text.LL_RCC_HSI_Enable))
<BR><BR>[Called By]<UL><LI><a href="#[3c]">&gt;&gt;</a>&nbsp;&nbsp;&nbsp;LL_PLL_ConfigSystemClock_HSI
</UL>

<P><STRONG><a name="[4a]"></a>LL_RCC_HSI_GetFreq</STRONG> (Thumb, 16 bytes, Stack size 0 bytes, air001xx_ll_utils.o(.text.LL_RCC_HSI_GetFreq))
<BR><BR>[Called By]<UL><LI><a href="#[3c]">&gt;&gt;</a>&nbsp;&nbsp;&nbsp;LL_PLL_ConfigSystemClock_HSI
</UL>

<P><STRONG><a name="[4b]"></a>LL_RCC_HSI_IsReady</STRONG> (Thumb, 12 bytes, Stack size 0 bytes, air001xx_ll_utils.o(.text.LL_RCC_HSI_IsReady))
<BR><BR>[Called By]<UL><LI><a href="#[3c]">&gt;&gt;</a>&nbsp;&nbsp;&nbsp;LL_PLL_ConfigSystemClock_HSI
</UL>

<P><STRONG><a name="[84]"></a>LL_RCC_PLL_Enable</STRONG> (Thumb, 16 bytes, Stack size 0 bytes, air001xx_ll_utils.o(.text.LL_RCC_PLL_Enable))
<BR><BR>[Called By]<UL><LI><a href="#[4e]">&gt;&gt;</a>&nbsp;&nbsp;&nbsp;UTILS_EnablePLLAndSwitchSystem
</UL>

<P><STRONG><a name="[85]"></a>LL_RCC_PLL_IsReady</STRONG> (Thumb, 12 bytes, Stack size 0 bytes, air001xx_ll_utils.o(.text.LL_RCC_PLL_IsReady))
<BR><BR>[Called By]<UL><LI><a href="#[49]">&gt;&gt;</a>&nbsp;&nbsp;&nbsp;UTILS_PLL_IsBusy
<LI><a href="#[4e]">&gt;&gt;</a>&nbsp;&nbsp;&nbsp;UTILS_EnablePLLAndSwitchSystem
</UL>

<P><STRONG><a name="[4d]"></a>LL_RCC_PLL_SetMainSource</STRONG> (Thumb, 16 bytes, Stack size 0 bytes, air001xx_ll_utils.o(.text.LL_RCC_PLL_SetMainSource))
<BR><BR>[Called By]<UL><LI><a href="#[3c]">&gt;&gt;</a>&nbsp;&nbsp;&nbsp;LL_PLL_ConfigSystemClock_HSI
</UL>

<P><STRONG><a name="[86]"></a>LL_RCC_SetAHBPrescaler</STRONG> (Thumb, 16 bytes, Stack size 0 bytes, air001xx_ll_utils.o(.text.LL_RCC_SetAHBPrescaler))
<BR><BR>[Called By]<UL><LI><a href="#[4e]">&gt;&gt;</a>&nbsp;&nbsp;&nbsp;UTILS_EnablePLLAndSwitchSystem
</UL>

<P><STRONG><a name="[89]"></a>LL_RCC_SetAPB1Prescaler</STRONG> (Thumb, 16 bytes, Stack size 0 bytes, air001xx_ll_utils.o(.text.LL_RCC_SetAPB1Prescaler))
<BR><BR>[Called By]<UL><LI><a href="#[4e]">&gt;&gt;</a>&nbsp;&nbsp;&nbsp;UTILS_EnablePLLAndSwitchSystem
</UL>

<P><STRONG><a name="[87]"></a>LL_RCC_SetSysClkSource</STRONG> (Thumb, 16 bytes, Stack size 0 bytes, air001xx_ll_utils.o(.text.LL_RCC_SetSysClkSource))
<BR><BR>[Called By]<UL><LI><a href="#[4e]">&gt;&gt;</a>&nbsp;&nbsp;&nbsp;UTILS_EnablePLLAndSwitchSystem
</UL>

<P><STRONG><a name="[4e]"></a>UTILS_EnablePLLAndSwitchSystem</STRONG> (Thumb, 120 bytes, Stack size 24 bytes, air001xx_ll_utils.o(.text.UTILS_EnablePLLAndSwitchSystem))
<BR><BR>[Stack]<UL><LI>Max Depth = 40<LI>Call Chain = UTILS_EnablePLLAndSwitchSystem &rArr; LL_SetFlashLatency
</UL>
<BR>[Calls]<UL><LI><a href="#[4f]">&gt;&gt;</a>&nbsp;&nbsp;&nbsp;LL_SetFlashLatency
<LI><a href="#[87]">&gt;&gt;</a>&nbsp;&nbsp;&nbsp;LL_RCC_SetSysClkSource
<LI><a href="#[89]">&gt;&gt;</a>&nbsp;&nbsp;&nbsp;LL_RCC_SetAPB1Prescaler
<LI><a href="#[86]">&gt;&gt;</a>&nbsp;&nbsp;&nbsp;LL_RCC_SetAHBPrescaler
<LI><a href="#[85]">&gt;&gt;</a>&nbsp;&nbsp;&nbsp;LL_RCC_PLL_IsReady
<LI><a href="#[84]">&gt;&gt;</a>&nbsp;&nbsp;&nbsp;LL_RCC_PLL_Enable
<LI><a href="#[88]">&gt;&gt;</a>&nbsp;&nbsp;&nbsp;LL_RCC_GetSysClkSource
<LI><a href="#[41]">&gt;&gt;</a>&nbsp;&nbsp;&nbsp;LL_SetSystemCoreClock
</UL>
<BR>[Called By]<UL><LI><a href="#[3c]">&gt;&gt;</a>&nbsp;&nbsp;&nbsp;LL_PLL_ConfigSystemClock_HSI
</UL>

<P><STRONG><a name="[49]"></a>UTILS_PLL_IsBusy</STRONG> (Thumb, 12 bytes, Stack size 8 bytes, air001xx_ll_utils.o(.text.UTILS_PLL_IsBusy))
<BR><BR>[Stack]<UL><LI>Max Depth = 8<LI>Call Chain = UTILS_PLL_IsBusy
</UL>
<BR>[Calls]<UL><LI><a href="#[85]">&gt;&gt;</a>&nbsp;&nbsp;&nbsp;LL_RCC_PLL_IsReady
</UL>
<BR>[Called By]<UL><LI><a href="#[3c]">&gt;&gt;</a>&nbsp;&nbsp;&nbsp;LL_PLL_ConfigSystemClock_HSI
</UL>

<P><STRONG><a name="[47]"></a>LL_GPIO_SetAFPin_0_7</STRONG> (Thumb, 20 bytes, Stack size 0 bytes, air001xx_ll_gpio.o(.text.LL_GPIO_SetAFPin_0_7))
<BR><BR>[Called By]<UL><LI><a href="#[42]">&gt;&gt;</a>&nbsp;&nbsp;&nbsp;LL_GPIO_Init
</UL>

<P><STRONG><a name="[43]"></a>LL_GPIO_SetAFPin_8_15</STRONG> (Thumb, 22 bytes, Stack size 0 bytes, air001xx_ll_gpio.o(.text.LL_GPIO_SetAFPin_8_15))
<BR><BR>[Called By]<UL><LI><a href="#[42]">&gt;&gt;</a>&nbsp;&nbsp;&nbsp;LL_GPIO_Init
</UL>

<P><STRONG><a name="[44]"></a>LL_GPIO_SetPinMode</STRONG> (Thumb, 18 bytes, Stack size 0 bytes, air001xx_ll_gpio.o(.text.LL_GPIO_SetPinMode))
<BR><BR>[Called By]<UL><LI><a href="#[42]">&gt;&gt;</a>&nbsp;&nbsp;&nbsp;LL_GPIO_Init
</UL>

<P><STRONG><a name="[48]"></a>LL_GPIO_SetPinOutputType</STRONG> (Thumb, 12 bytes, Stack size 0 bytes, air001xx_ll_gpio.o(.text.LL_GPIO_SetPinOutputType))
<BR><BR>[Called By]<UL><LI><a href="#[42]">&gt;&gt;</a>&nbsp;&nbsp;&nbsp;LL_GPIO_Init
</UL>

<P><STRONG><a name="[46]"></a>LL_GPIO_SetPinPull</STRONG> (Thumb, 18 bytes, Stack size 0 bytes, air001xx_ll_gpio.o(.text.LL_GPIO_SetPinPull))
<BR><BR>[Called By]<UL><LI><a href="#[42]">&gt;&gt;</a>&nbsp;&nbsp;&nbsp;LL_GPIO_Init
</UL>

<P><STRONG><a name="[45]"></a>LL_GPIO_SetPinSpeed</STRONG> (Thumb, 18 bytes, Stack size 0 bytes, air001xx_ll_gpio.o(.text.LL_GPIO_SetPinSpeed))
<BR><BR>[Called By]<UL><LI><a href="#[42]">&gt;&gt;</a>&nbsp;&nbsp;&nbsp;LL_GPIO_Init
</UL>

<P><STRONG><a name="[56]"></a>LL_TIM_GenerateEvent_UPDATE</STRONG> (Thumb, 10 bytes, Stack size 0 bytes, air001xx_ll_tim.o(.text.LL_TIM_GenerateEvent_UPDATE))
<BR><BR>[Called By]<UL><LI><a href="#[52]">&gt;&gt;</a>&nbsp;&nbsp;&nbsp;LL_TIM_Init
</UL>

<P><STRONG><a name="[74]"></a>LL_TIM_OC_SetCompareCH1</STRONG> (Thumb, 4 bytes, Stack size 0 bytes, air001xx_ll_tim.o(.text.LL_TIM_OC_SetCompareCH1))
<BR><BR>[Called By]<UL><LI><a href="#[5a]">&gt;&gt;</a>&nbsp;&nbsp;&nbsp;OC1Config
</UL>

<P><STRONG><a name="[75]"></a>LL_TIM_OC_SetCompareCH2</STRONG> (Thumb, 4 bytes, Stack size 0 bytes, air001xx_ll_tim.o(.text.LL_TIM_OC_SetCompareCH2))
<BR><BR>[Called By]<UL><LI><a href="#[58]">&gt;&gt;</a>&nbsp;&nbsp;&nbsp;OC2Config
</UL>

<P><STRONG><a name="[76]"></a>LL_TIM_OC_SetCompareCH3</STRONG> (Thumb, 4 bytes, Stack size 0 bytes, air001xx_ll_tim.o(.text.LL_TIM_OC_SetCompareCH3))
<BR><BR>[Called By]<UL><LI><a href="#[5b]">&gt;&gt;</a>&nbsp;&nbsp;&nbsp;OC3Config
</UL>

<P><STRONG><a name="[77]"></a>LL_TIM_OC_SetCompareCH4</STRONG> (Thumb, 4 bytes, Stack size 0 bytes, air001xx_ll_tim.o(.text.LL_TIM_OC_SetCompareCH4))
<BR><BR>[Called By]<UL><LI><a href="#[59]">&gt;&gt;</a>&nbsp;&nbsp;&nbsp;OC4Config
</UL>

<P><STRONG><a name="[53]"></a>LL_TIM_SetAutoReload</STRONG> (Thumb, 4 bytes, Stack size 0 bytes, air001xx_ll_tim.o(.text.LL_TIM_SetAutoReload))
<BR><BR>[Called By]<UL><LI><a href="#[52]">&gt;&gt;</a>&nbsp;&nbsp;&nbsp;LL_TIM_Init
</UL>

<P><STRONG><a name="[54]"></a>LL_TIM_SetPrescaler</STRONG> (Thumb, 4 bytes, Stack size 0 bytes, air001xx_ll_tim.o(.text.LL_TIM_SetPrescaler))
<BR><BR>[Called By]<UL><LI><a href="#[52]">&gt;&gt;</a>&nbsp;&nbsp;&nbsp;LL_TIM_Init
</UL>

<P><STRONG><a name="[55]"></a>LL_TIM_SetRepetitionCounter</STRONG> (Thumb, 4 bytes, Stack size 0 bytes, air001xx_ll_tim.o(.text.LL_TIM_SetRepetitionCounter))
<BR><BR>[Called By]<UL><LI><a href="#[52]">&gt;&gt;</a>&nbsp;&nbsp;&nbsp;LL_TIM_Init
</UL>

<P><STRONG><a name="[5a]"></a>OC1Config</STRONG> (Thumb, 124 bytes, Stack size 32 bytes, air001xx_ll_tim.o(.text.OC1Config))
<BR><BR>[Stack]<UL><LI>Max Depth = 32<LI>Call Chain = OC1Config
</UL>
<BR>[Calls]<UL><LI><a href="#[74]">&gt;&gt;</a>&nbsp;&nbsp;&nbsp;LL_TIM_OC_SetCompareCH1
</UL>
<BR>[Called By]<UL><LI><a href="#[57]">&gt;&gt;</a>&nbsp;&nbsp;&nbsp;LL_TIM_OC_Init
</UL>

<P><STRONG><a name="[58]"></a>OC2Config</STRONG> (Thumb, 140 bytes, Stack size 32 bytes, air001xx_ll_tim.o(.text.OC2Config))
<BR><BR>[Stack]<UL><LI>Max Depth = 32<LI>Call Chain = OC2Config
</UL>
<BR>[Calls]<UL><LI><a href="#[75]">&gt;&gt;</a>&nbsp;&nbsp;&nbsp;LL_TIM_OC_SetCompareCH2
</UL>
<BR>[Called By]<UL><LI><a href="#[57]">&gt;&gt;</a>&nbsp;&nbsp;&nbsp;LL_TIM_OC_Init
</UL>

<P><STRONG><a name="[5b]"></a>OC3Config</STRONG> (Thumb, 140 bytes, Stack size 40 bytes, air001xx_ll_tim.o(.text.OC3Config))
<BR><BR>[Stack]<UL><LI>Max Depth = 40<LI>Call Chain = OC3Config
</UL>
<BR>[Calls]<UL><LI><a href="#[76]">&gt;&gt;</a>&nbsp;&nbsp;&nbsp;LL_TIM_OC_SetCompareCH3
</UL>
<BR>[Called By]<UL><LI><a href="#[57]">&gt;&gt;</a>&nbsp;&nbsp;&nbsp;LL_TIM_OC_Init
</UL>

<P><STRONG><a name="[59]"></a>OC4Config</STRONG> (Thumb, 112 bytes, Stack size 32 bytes, air001xx_ll_tim.o(.text.OC4Config))
<BR><BR>[Stack]<UL><LI>Max Depth = 32<LI>Call Chain = OC4Config
</UL>
<BR>[Calls]<UL><LI><a href="#[77]">&gt;&gt;</a>&nbsp;&nbsp;&nbsp;LL_TIM_OC_SetCompareCH4
</UL>
<BR>[Called By]<UL><LI><a href="#[57]">&gt;&gt;</a>&nbsp;&nbsp;&nbsp;LL_TIM_OC_Init
</UL>
<P>
<H3>
Undefined Global Symbols
</H3><HR></body></html>
