<html>
<body>
<pre>
<h1>µVision Build Log</h1>
<h2>Tool Versions:</h2>
IDE-Version: ¦ÌVision V5.36.0.0
Copyright (C) 2021 ARM Ltd and ARM Germany GmbH. All rights reserved.
License Information: a aa, a, LIC=X96CK-Z1DPP-MM59I-TMSIL-3KTD8-UCBFL
 
Tool Versions:
Toolchain:       MDK-ARM Plus  Version: 5.36.0.0
Toolchain Path:  C:\Keil_v5\ARM\ARMCLANG\Bin
C Compiler:      ArmClang.exe V6.16
Assembler:       Armasm.exe V6.16
Linker/Locator:  ArmLink.exe V6.16
Library Manager: ArmAr.exe V6.16
Hex Converter:   FromElf.exe V6.16
CPU DLL:         SARMCM3.DLL V5.36.0.0
Dialog DLL:      DARMCM1.DLL V1.19.4.0
Target DLL:      Segger\JL2CM3.dll V2.99.40.0
Dialog DLL:      TARMCM1.DLL V1.14.4.0
 
<h2>Project:</h2>
C:\Users\Along\Desktop\LED_DRIVER\MDK-ARM\LED-DRIVER.uvprojx
Project File Date:  01/19/2024

<h2>Output:</h2>
*** Using Compiler 'V6.16', folder: 'C:\Keil_v5\ARM\ARMCLANG\Bin'
Rebuild target 'led_driver'
compiling system_air001xx.c...
assembling startup_air001_dev.s...
compiling air001xx_ll_rcc.c...
compiling tim.c...
compiling air001xx_ll_pwr.c...
compiling air001xx_it.c...
compiling air001xx_ll_dma.c...
compiling air001xx_ll_utils.c...
compiling air001xx_ll_gpio.c...
compiling gpio.c...
compiling main.c...
compiling air001_ll_Core_Board.c...
compiling function.c...
compiling air001xx_ll_tim.c...
linking...
Program Size: Code=6044 RO-data=320 RW-data=200 ZI-data=1072  
FromELF: creating hex file...
".\Objects\Project.axf" - 0 Error(s), 0 Warning(s).

<h2>Software Packages used:</h2>

Package Vendor: Keil
                https://luatos.com/t/air001/Keil.AIR001_DFP.1.0.1.pack
                Keil.AIR001_DFP.1.0.1
                AirM2M AIR001 Series Device Support, Drivers

<h2>Collection of Component include folders:</h2>
  C:\Users\Along\AppData\Local\Arm\Packs\Keil\AIR001_DFP\1.0.1\Device\Include

<h2>Collection of Component Files used:</h2>
Build Time Elapsed:  00:00:00
</pre>
</body>
</html>
